[0.005s] Invoking command in '/home/jkang/third_party/PRIME_ros/build/prime_contact_id_ros': CMAKE_PREFIX_PATH=${CMAKE_PREFIX_PATH}:/opt/ros/humble /usr/bin/cmake --build /home/jkang/third_party/PRIME_ros/build/prime_contact_id_ros -- -j32 -l32
[0.066s] [ 80%] Built target crocoddyl
[0.084s] Consolidate compiler generated dependencies of target prime_moving_window_node
[0.091s] [ 90%] Built target prime_csv_replay_node
[0.099s] [ 95%] Building CXX object CMakeFiles/prime_moving_window_node.dir/src/prime_moving_window_node.cpp.o
[2.764s] In file included from /opt/openrobots/include/hpp/fcl/config.hh:1,
[2.764s]                  from /opt/openrobots/include/pinocchio/serialization/eigen.hpp:20,
[2.764s]                  from /opt/openrobots/include/pinocchio/serialization/fwd.hpp:11,
[2.764s]                  from /opt/openrobots/include/pinocchio/multibody/joint/joint-composite.hpp:14,
[2.764s]                  from /opt/openrobots/include/pinocchio/multibody/joint/joint-generic.hpp:9,
[2.764s]                  from /opt/openrobots/include/pinocchio/multibody/model.hpp:17,
[2.764s]                  from /home/jkang/third_party/PRIME/include/crocoddyl/contact_id/config/contact-id-config.hpp:28,
[2.764s]                  from /home/jkang/third_party/PRIME_ros/src/prime_contact_id_ros/src/prime_moving_window_node.cpp:38:
[2.764s] /opt/openrobots/include/hpp/fcl/coal.hpp:10:71: note: ‘#pragma message: Please update your includes from 'hpp/fcl' to 'coal'’
[2.764s]    10 | #pragma message("Please update your includes from 'hpp/fcl' to 'coal'")
[2.764s]       |                                                                       ^
[33.394s] [100%] Linking CXX executable prime_moving_window_node
[33.563s] [100%] Built target prime_moving_window_node
[33.572s] Invoked command in '/home/jkang/third_party/PRIME_ros/build/prime_contact_id_ros' returned '0': CMAKE_PREFIX_PATH=${CMAKE_PREFIX_PATH}:/opt/ros/humble /usr/bin/cmake --build /home/jkang/third_party/PRIME_ros/build/prime_contact_id_ros -- -j32 -l32
[33.578s] Invoking command in '/home/jkang/third_party/PRIME_ros/build/prime_contact_id_ros': CMAKE_PREFIX_PATH=${CMAKE_PREFIX_PATH}:/opt/ros/humble /usr/bin/cmake --install /home/jkang/third_party/PRIME_ros/build/prime_contact_id_ros
[33.583s] -- Install configuration: "Release"
[33.584s] -- Execute custom install script
[33.584s] -- Up-to-date symlink: /home/jkang/third_party/PRIME_ros/install/prime_contact_id_ros/lib/prime_contact_id_ros/prime_moving_window_node
[33.584s] -- Up-to-date symlink: /home/jkang/third_party/PRIME_ros/install/prime_contact_id_ros/lib/prime_contact_id_ros/prime_csv_replay_node
[33.584s] -- Up-to-date symlink: /home/jkang/third_party/PRIME_ros/install/prime_contact_id_ros/share/prime_contact_id_ros/launch/csv_replay.launch.py
[33.584s] -- Up-to-date symlink: /home/jkang/third_party/PRIME_ros/install/prime_contact_id_ros/share/prime_contact_id_ros/launch/prime_moving_window.launch.py
[33.585s] -- Up-to-date symlink: /home/jkang/third_party/PRIME_ros/install/prime_contact_id_ros/share/ament_index/resource_index/package_run_dependencies/prime_contact_id_ros
[33.585s] -- Up-to-date symlink: /home/jkang/third_party/PRIME_ros/install/prime_contact_id_ros/share/ament_index/resource_index/parent_prefix_path/prime_contact_id_ros
[33.585s] -- Up-to-date symlink: /home/jkang/third_party/PRIME_ros/install/prime_contact_id_ros/share/prime_contact_id_ros/environment/ament_prefix_path.sh
[33.585s] -- Up-to-date symlink: /home/jkang/third_party/PRIME_ros/install/prime_contact_id_ros/share/prime_contact_id_ros/environment/ament_prefix_path.dsv
[33.585s] -- Up-to-date symlink: /home/jkang/third_party/PRIME_ros/install/prime_contact_id_ros/share/prime_contact_id_ros/environment/path.sh
[33.585s] -- Up-to-date symlink: /home/jkang/third_party/PRIME_ros/install/prime_contact_id_ros/share/prime_contact_id_ros/environment/path.dsv
[33.585s] -- Up-to-date symlink: /home/jkang/third_party/PRIME_ros/install/prime_contact_id_ros/share/prime_contact_id_ros/local_setup.bash
[33.585s] -- Up-to-date symlink: /home/jkang/third_party/PRIME_ros/install/prime_contact_id_ros/share/prime_contact_id_ros/local_setup.sh
[33.586s] -- Up-to-date symlink: /home/jkang/third_party/PRIME_ros/install/prime_contact_id_ros/share/prime_contact_id_ros/local_setup.zsh
[33.586s] -- Up-to-date symlink: /home/jkang/third_party/PRIME_ros/install/prime_contact_id_ros/share/prime_contact_id_ros/local_setup.dsv
[33.586s] -- Symlinking: /home/jkang/third_party/PRIME_ros/install/prime_contact_id_ros/share/prime_contact_id_ros/package.dsv
[33.589s] -- Symlinking: /home/jkang/third_party/PRIME_ros/install/prime_contact_id_ros/share/ament_index/resource_index/packages/prime_contact_id_ros
[33.594s] -- Up-to-date symlink: /home/jkang/third_party/PRIME_ros/install/prime_contact_id_ros/share/prime_contact_id_ros/cmake/prime_contact_id_rosConfig.cmake
[33.594s] -- Up-to-date symlink: /home/jkang/third_party/PRIME_ros/install/prime_contact_id_ros/share/prime_contact_id_ros/cmake/prime_contact_id_rosConfig-version.cmake
[33.594s] -- Up-to-date symlink: /home/jkang/third_party/PRIME_ros/install/prime_contact_id_ros/share/prime_contact_id_ros/package.xml
[33.594s] -- Symlinking: /home/jkang/third_party/PRIME_ros/install/prime_contact_id_ros/share/ament_index/resource_index/packages/prime_contact_id_ros
[33.598s] -- Up-to-date symlink: /home/jkang/third_party/PRIME_ros/install/prime_contact_id_ros/share/prime_contact_id_ros/hook/ament_prefix_path.dsv
[33.598s] -- Up-to-date symlink: /home/jkang/third_party/PRIME_ros/install/prime_contact_id_ros/share/prime_contact_id_ros/hook/python_path.dsv
[33.598s] -- Up-to-date: /home/jkang/third_party/PRIME_ros/install/prime_contact_id_ros/lib/pkgconfig/crocoddyl.pc
[33.599s] Invoked command in '/home/jkang/third_party/PRIME_ros/build/prime_contact_id_ros' returned '0': CMAKE_PREFIX_PATH=${CMAKE_PREFIX_PATH}:/opt/ros/humble /usr/bin/cmake --install /home/jkang/third_party/PRIME_ros/build/prime_contact_id_ros
