[0.005s] Invoking command in '/home/jkang/third_party/PRIME_ros/build/prime_contact_id_ros': CMAKE_PREFIX_PATH=${CMAKE_PREFIX_PATH}:/opt/ros/humble /usr/bin/cmake /home/jkang/third_party/PRIME_ros/src/prime_contact_id_ros -DPRIME_ROS_ENABLE_MULTITHREADS=ON -DPRIME_ROS_NTHREADS=8 -DAMENT_CMAKE_SYMLINK_INSTALL=1 -DCMAKE_INSTALL_PREFIX=/home/jkang/third_party/PRIME_ros/install/prime_contact_id_ros
[0.044s] -- The C compiler identification is GNU 11.4.0
[0.076s] -- The CXX compiler identification is GNU 11.4.0
[0.081s] -- Detecting C compiler ABI info
[0.123s] -- Detecting C compiler ABI info - done
[0.126s] -- Check for working C compiler: /usr/bin/cc - skipped
[0.126s] -- Detecting C compile features
[0.126s] -- Detecting C compile features - done
[0.128s] -- Detecting CXX compiler ABI info
[0.176s] -- Detecting CXX compiler ABI info - done
[0.181s] -- Check for working CXX compiler: /usr/bin/c++ - skipped
[0.181s] -- Detecting CXX compile features
[0.182s] -- Detecting CXX compile features - done
[0.183s] -- Found ament_cmake: 1.3.11 (/opt/ros/humble/share/ament_cmake/cmake)
[0.282s] -- Found Python3: /usr/bin/python3 (found version "3.10.12") found components: Interpreter 
[0.315s] -- Override CMake install command with custom implementation using symlinks instead of copying resources
[0.332s] -- Found rclcpp: 16.0.12 (/opt/ros/humble/share/rclcpp/cmake)
[0.355s] -- Found rosidl_generator_c: 3.1.6 (/opt/ros/humble/share/rosidl_generator_c/cmake)
[0.357s] -- Found rosidl_adapter: 3.1.6 (/opt/ros/humble/share/rosidl_adapter/cmake)
[0.362s] -- Found rosidl_generator_cpp: 3.1.6 (/opt/ros/humble/share/rosidl_generator_cpp/cmake)
[0.367s] -- Using all available rosidl_typesupport_c: rosidl_typesupport_fastrtps_c;rosidl_typesupport_introspection_c
[0.376s] -- Using all available rosidl_typesupport_cpp: rosidl_typesupport_fastrtps_cpp;rosidl_typesupport_introspection_cpp
[0.398s] -- Found rmw_implementation_cmake: 6.1.2 (/opt/ros/humble/share/rmw_implementation_cmake/cmake)
[0.399s] -- Found rmw_fastrtps_cpp: 6.2.7 (/opt/ros/humble/share/rmw_fastrtps_cpp/cmake)
[0.452s] -- Found OpenSSL: /usr/lib/x86_64-linux-gnu/libcrypto.so (found version "3.0.2")  
[0.473s] -- Found FastRTPS: /opt/ros/humble/include  
[0.497s] -- Using RMW implementation 'rmw_fastrtps_cpp' as default
[0.501s] -- Looking for pthread.h
[0.544s] -- Looking for pthread.h - found
[0.544s] -- Performing Test CMAKE_HAVE_LIBC_PTHREAD
[0.589s] -- Performing Test CMAKE_HAVE_LIBC_PTHREAD - Success
[0.590s] -- Found Threads: TRUE  
[0.615s] -- Found sensor_msgs: 4.9.0 (/opt/ros/humble/share/sensor_msgs/cmake)
[0.630s] -- Found nav_msgs: 4.9.0 (/opt/ros/humble/share/nav_msgs/cmake)
[0.638s] -- Found diagnostic_msgs: 4.9.0 (/opt/ros/humble/share/diagnostic_msgs/cmake)
[0.644s] CMake Warning at /opt/openrobots/lib/cmake/hpp-fcl/hpp-fclConfig.cmake:3 (message):
[0.644s]   Please update your CMake from 'hpp-fcl' to 'coal'
[0.644s] Call Stack (most recent call first):
[0.644s]   CMakeLists.txt:13 (find_package)
[0.644s] 
[0.644s] 
[0.644s] -- coal FOUND. coal at /opt/openrobots/lib/libcoal.so
[0.675s] -- Found Boost: /usr/include (found version "1.74.0") found components: chrono thread date_time serialization filesystem atomic 
[0.843s] -- Default C++ standard: 201703
[0.843s] -- Minimal C++ standard upgraded to 11
[0.843s] -- C++ standard sufficient: Minimal required 11, currently defined: 17
[0.845s] -- JRL cmakemodules found in 'cmake/' git submodule
[0.848s] -- Configuring "crocoddyl" (https://github.com/loco-3d/crocoddyl)
[0.848s] -- Package version (ROS package.xml): 0.1.0
[0.849s] -- Contact RObot COntrol by Differential DYnamic programming Library (Crocoddyl), version 0.1.0
[0.849s] -- Copyright (C) 2018-2024 CNRS-LAAS, University of Edinburgh, INRIA
[0.849s] --                         Heriot-Watt University
[0.849s] -- All rights reserved.
[0.849s] -- Released under the BSD 3-Clause License.
[0.849s] -- CMAKE_BUILD_TYPE has automatically been set to Release
[0.856s] -- Found PkgConfig: /usr/bin/pkg-config (found version "0.29.2") 
[0.859s] -- Performing Test res_-pedantic
[0.910s] -- Performing Test res_-pedantic - Success
[0.910s] -- Performing Test res_-Wno-long-long
[0.957s] -- Performing Test res_-Wno-long-long - Success
[0.958s] -- Performing Test res_-Wall
[1.010s] -- Performing Test res_-Wall - Success
[1.010s] -- Performing Test res_-Wextra
[1.056s] -- Performing Test res_-Wextra - Success
[1.057s] -- Performing Test res_-Wcast-align
[1.105s] -- Performing Test res_-Wcast-align - Success
[1.106s] -- Performing Test res_-Wcast-qual
[1.154s] -- Performing Test res_-Wcast-qual - Success
[1.154s] -- Performing Test res_-Wformat
[1.202s] -- Performing Test res_-Wformat - Success
[1.203s] -- Performing Test res_-Wwrite-strings
[1.249s] -- Performing Test res_-Wwrite-strings - Success
[1.249s] -- Performing Test res_-Wconversion
[1.291s] -- Performing Test res_-Wconversion - Success
[1.295s] -- Could NOT find Doxygen (missing: DOXYGEN_EXECUTABLE) 
[1.295s] -- Failed to find Doxygen, documentation will not be generated.
[1.295s] -- Minimal C++ standard upgraded to 14
[1.295s] -- C++ standard sufficient: Minimal required 14, currently defined: 17
[1.295s] -- pinocchio_default FOUND. pinocchio_default at /opt/openrobots/lib/libpinocchio_default.so
[1.295s] -- pinocchio_parsers FOUND. pinocchio_parsers at /opt/openrobots/lib/libpinocchio_parsers.so
[1.295s] -- pinocchio_casadi FOUND. pinocchio_casadi at /opt/openrobots/lib/libpinocchio_casadi.so
[1.296s] -- boost_filesystem FOUND. boost_filesystem at /usr/lib/x86_64-linux-gnu/libboost_filesystem.so
[1.297s] -- boost_serialization FOUND. boost_serialization at /usr/lib/x86_64-linux-gnu/libboost_serialization.so
[1.297s] -- boost_system FOUND. boost_system at /usr/lib/x86_64-linux-gnu/libboost_system.so
[1.308s] -- Found Boost: /usr/include (found version "1.74.0") found components: filesystem serialization system 
[1.309s] CMake Warning at /opt/openrobots/lib/cmake/hpp-fcl/hpp-fclConfig.cmake:3 (message):
[1.309s]   Please update your CMake from 'hpp-fcl' to 'coal'
[1.309s] Call Stack (most recent call first):
[1.309s]   /usr/share/cmake-3.22/Modules/CMakeFindDependencyMacro.cmake:47 (find_package)
[1.309s]   /opt/openrobots/lib/cmake/pinocchio/pinocchioConfig.cmake:161 (find_dependency)
[1.309s]   /home/jkang/third_party/PRIME/cmake/package-config.cmake:133 (find_package)
[1.309s]   /home/jkang/third_party/PRIME/CMakeLists.txt:107 (add_project_dependency)
[1.309s] 
[1.309s] 
[1.309s] -- C++ standard sufficient: Minimal required 14, currently defined: 17
[1.309s] -- example-robot-data is optional.
[1.310s] -- Checking for module 'example-robot-data'
[1.319s] --   Found example-robot-data, version 4.2.0
[1.349s] -- Pkg-config module example-robot-data v4.2.0 has been detected with success.
[1.349s] -- scipy is optional.
[1.349s] -- Checking for module 'scipy'
[1.351s] --   No package 'scipy' found
[1.522s] -- Found OpenMP_CXX: -fopenmp (found version "4.5") 
[1.522s] -- Found OpenMP: TRUE (found version "4.5") found components: CXX 
[1.526s] -- Found Boost: /usr/include (found suitable version "1.74.0", minimum required is "1.65") found components: filesystem serialization system 
[1.532s] -- Found Boost: /usr/include (found suitable version "1.74.0", minimum required is "1.65") found components: unit_test_framework 
[1.583s] -- Create files for AMENT (ROS 2)
[1.583s] -- Configuring done
[1.601s] -- Generating done
[1.609s] -- Build files have been written to: /home/jkang/third_party/PRIME_ros/build/prime_contact_id_ros
[1.617s] Invoked command in '/home/jkang/third_party/PRIME_ros/build/prime_contact_id_ros' returned '0': CMAKE_PREFIX_PATH=${CMAKE_PREFIX_PATH}:/opt/ros/humble /usr/bin/cmake /home/jkang/third_party/PRIME_ros/src/prime_contact_id_ros -DPRIME_ROS_ENABLE_MULTITHREADS=ON -DPRIME_ROS_NTHREADS=8 -DAMENT_CMAKE_SYMLINK_INSTALL=1 -DCMAKE_INSTALL_PREFIX=/home/jkang/third_party/PRIME_ros/install/prime_contact_id_ros
[1.618s] Invoking command in '/home/jkang/third_party/PRIME_ros/build/prime_contact_id_ros': CMAKE_PREFIX_PATH=${CMAKE_PREFIX_PATH}:/opt/ros/humble /usr/bin/cmake --build /home/jkang/third_party/PRIME_ros/build/prime_contact_id_ros -- -j32 -l32
[1.667s] Consolidate compiler generated dependencies of target crocoddyl
[1.688s] [ 10%] Building CXX object prime/CMakeFiles/crocoddyl.dir/src/core/utils/callbacks.cpp.o
[1.688s] [ 10%] Building CXX object prime/CMakeFiles/crocoddyl.dir/src/core/solvers/kkt.cpp.o
[1.689s] [ 35%] Building CXX object prime/CMakeFiles/crocoddyl.dir/src/core/utils/exception.cpp.o
[1.689s] [ 35%] Building CXX object prime/CMakeFiles/crocoddyl.dir/src/core/solvers/box-ddp.cpp.o
[1.689s] [ 35%] Building CXX object prime/CMakeFiles/crocoddyl.dir/src/core/solvers/box-fddp.cpp.o
[1.689s] [ 35%] Building CXX object prime/CMakeFiles/crocoddyl.dir/src/core/solver-base.cpp.o
[1.689s] [ 35%] Building CXX object prime/CMakeFiles/crocoddyl.dir/src/contact_id/problem/contact-anitescu-id.cpp.o
[1.689s] [ 40%] Building CXX object prime/CMakeFiles/crocoddyl.dir/src/core/solvers/box-qp.cpp.o
[1.689s] [ 45%] Building CXX object prime/CMakeFiles/crocoddyl.dir/src/core/utils/stop-watch.cpp.o
[1.689s] [ 50%] Building CXX object prime/CMakeFiles/crocoddyl.dir/src/core/solvers/ddp.cpp.o
[1.690s] [ 55%] Building CXX object prime/CMakeFiles/crocoddyl.dir/src/core/solvers/intro.cpp.o
[1.690s] [ 60%] Building CXX object prime/CMakeFiles/crocoddyl.dir/src/core/solvers/fddp.cpp.o
[1.690s] [ 65%] Building CXX object prime/CMakeFiles/crocoddyl.dir/src/multibody/utils/contact-anitescu-id.cpp.o
[1.692s] [ 70%] Building CXX object prime/CMakeFiles/crocoddyl.dir/src/multibody/utils/quadruped-gaits.cpp.o
[1.693s] [ 75%] Building CXX object prime/CMakeFiles/crocoddyl.dir/src/multibody/utils/quadruped-anitescu-id.cpp.o
[2.843s] /home/jkang/third_party/PRIME/src/core/solver-base.cpp: In constructor ‘crocoddyl::SolverAbstract::SolverAbstract(boost::shared_ptr<crocoddyl::ShootingProblemTpl<double> >)’:
[2.843s] /home/jkang/third_party/PRIME/src/core/solver-base.cpp:46:19: warning: ‘crocoddyl::SolverAbstract::xreg_’ is deprecated: Use preg_ for primal-variable regularization [-Wdeprecated-declarations]
[2.843s]    46 |       tmp_feas_(0.) {
[2.843s]       |                   ^
[2.843s] In file included from /home/jkang/third_party/PRIME/include/crocoddyl/core/fwd.hpp:12,
[2.843s]                  from /home/jkang/third_party/PRIME/include/crocoddyl/core/action-base.hpp:17,
[2.844s]                  from /home/jkang/third_party/PRIME/include/crocoddyl/core/optctrl/shooting.hpp:15,
[2.844s]                  from /home/jkang/third_party/PRIME/include/crocoddyl/core/solver-base.hpp:15,
[2.844s]                  from /home/jkang/third_party/PRIME/src/core/solver-base.cpp:14:
[2.844s] /home/jkang/third_party/PRIME/include/crocoddyl/core/solver-base.hpp:466:21: note: declared here
[2.844s]   466 |              double xreg_;)  //!< Current state regularization value
[2.844s]       |                     ^~~~~
[2.844s] /home/jkang/third_party/PRIME/include/crocoddyl/core/utils/deprecate.hpp:19:51: note: in definition of macro ‘DEPRECATED’
[2.844s]    19 | #define DEPRECATED(msg, func) [[deprecated(msg)]] func
[2.844s]       |                                                   ^~~~
[2.844s] /home/jkang/third_party/PRIME/src/core/solver-base.cpp:46:19: warning: ‘crocoddyl::SolverAbstract::xreg_’ is deprecated: Use preg_ for primal-variable regularization [-Wdeprecated-declarations]
[2.844s]    46 |       tmp_feas_(0.) {
[2.844s]       |                   ^
[2.844s] In file included from /home/jkang/third_party/PRIME/include/crocoddyl/core/fwd.hpp:12,
[2.844s]                  from /home/jkang/third_party/PRIME/include/crocoddyl/core/action-base.hpp:17,
[2.844s]                  from /home/jkang/third_party/PRIME/include/crocoddyl/core/optctrl/shooting.hpp:15,
[2.844s]                  from /home/jkang/third_party/PRIME/include/crocoddyl/core/solver-base.hpp:15,
[2.844s]                  from /home/jkang/third_party/PRIME/src/core/solver-base.cpp:14:
[2.844s] /home/jkang/third_party/PRIME/include/crocoddyl/core/solver-base.hpp:466:21: note: declared here
[2.844s]   466 |              double xreg_;)  //!< Current state regularization value
[2.845s]       |                     ^~~~~
[2.845s] /home/jkang/third_party/PRIME/include/crocoddyl/core/utils/deprecate.hpp:19:51: note: in definition of macro ‘DEPRECATED’
[2.845s]    19 | #define DEPRECATED(msg, func) [[deprecated(msg)]] func
[2.845s]       |                                                   ^~~~
[2.845s] /home/jkang/third_party/PRIME/src/core/solver-base.cpp:46:19: warning: ‘crocoddyl::SolverAbstract::ureg_’ is deprecated: Use dreg_ for primal-variable regularization [-Wdeprecated-declarations]
[2.845s]    46 |       tmp_feas_(0.) {
[2.845s]       |                   ^
[2.845s] In file included from /home/jkang/third_party/PRIME/include/crocoddyl/core/fwd.hpp:12,
[2.845s]                  from /home/jkang/third_party/PRIME/include/crocoddyl/core/action-base.hpp:17,
[2.845s]                  from /home/jkang/third_party/PRIME/include/crocoddyl/core/optctrl/shooting.hpp:15,
[2.845s]                  from /home/jkang/third_party/PRIME/include/crocoddyl/core/solver-base.hpp:15,
[2.845s]                  from /home/jkang/third_party/PRIME/src/core/solver-base.cpp:14:
[2.845s] /home/jkang/third_party/PRIME/include/crocoddyl/core/solver-base.hpp:468:21: note: declared here
[2.845s]   468 |              double ureg_;)        //!< Current control regularization values
[2.845s]       |                     ^~~~~
[2.845s] /home/jkang/third_party/PRIME/include/crocoddyl/core/utils/deprecate.hpp:19:51: note: in definition of macro ‘DEPRECATED’
[2.845s]    19 | #define DEPRECATED(msg, func) [[deprecated(msg)]] func
[2.845s]       |                                                   ^~~~
[2.845s] /home/jkang/third_party/PRIME/src/core/solver-base.cpp:46:19: warning: ‘crocoddyl::SolverAbstract::ureg_’ is deprecated: Use dreg_ for primal-variable regularization [-Wdeprecated-declarations]
[2.845s]    46 |       tmp_feas_(0.) {
[2.846s]       |                   ^
[2.846s] In file included from /home/jkang/third_party/PRIME/include/crocoddyl/core/fwd.hpp:12,
[2.846s]                  from /home/jkang/third_party/PRIME/include/crocoddyl/core/action-base.hpp:17,
[2.846s]                  from /home/jkang/third_party/PRIME/include/crocoddyl/core/optctrl/shooting.hpp:15,
[2.846s]                  from /home/jkang/third_party/PRIME/include/crocoddyl/core/solver-base.hpp:15,
[2.846s]                  from /home/jkang/third_party/PRIME/src/core/solver-base.cpp:14:
[2.846s] /home/jkang/third_party/PRIME/include/crocoddyl/core/solver-base.hpp:468:21: note: declared here
[2.846s]   468 |              double ureg_;)        //!< Current control regularization values
[2.846s]       |                     ^~~~~
[2.846s] /home/jkang/third_party/PRIME/include/crocoddyl/core/utils/deprecate.hpp:19:51: note: in definition of macro ‘DEPRECATED’
[2.846s]    19 | #define DEPRECATED(msg, func) [[deprecated(msg)]] func
[2.846s]       |                                                   ^~~~
[2.924s] /home/jkang/third_party/PRIME/src/core/solver-base.cpp: In member function ‘void crocoddyl::SolverAbstract::set_xreg(double)’:
[2.924s] /home/jkang/third_party/PRIME/src/core/solver-base.cpp:437:7: warning: ‘crocoddyl::SolverAbstract::xreg_’ is deprecated: Use preg_ for primal-variable regularization [-Wdeprecated-declarations]
[2.924s]   437 |       xreg_ = xreg;
[2.924s]       |       ^~~~~
[2.924s] /home/jkang/third_party/PRIME/include/crocoddyl/core/utils/deprecate.hpp:19:51: note: in definition of macro ‘DEPRECATED’
[2.924s]    19 | #define DEPRECATED(msg, func) [[deprecated(msg)]] func
[2.924s]       |                                                   ^~~~
[2.924s] /home/jkang/third_party/PRIME/include/crocoddyl/core/solver-base.hpp:466:21: note: declared here
[2.924s]   466 |              double xreg_;)  //!< Current state regularization value
[2.924s]       |                     ^~~~~
[2.924s] /home/jkang/third_party/PRIME/include/crocoddyl/core/utils/deprecate.hpp:19:51: note: in definition of macro ‘DEPRECATED’
[2.924s]    19 | #define DEPRECATED(msg, func) [[deprecated(msg)]] func
[2.924s]       |                                                   ^~~~
[2.925s] /home/jkang/third_party/PRIME/src/core/solver-base.cpp:437:7: warning: ‘crocoddyl::SolverAbstract::xreg_’ is deprecated: Use preg_ for primal-variable regularization [-Wdeprecated-declarations]
[2.925s]   437 |       xreg_ = xreg;
[2.925s]       |       ^~~~~
[2.925s] /home/jkang/third_party/PRIME/include/crocoddyl/core/utils/deprecate.hpp:19:51: note: in definition of macro ‘DEPRECATED’
[2.925s]    19 | #define DEPRECATED(msg, func) [[deprecated(msg)]] func
[2.925s]       |                                                   ^~~~
[2.925s] /home/jkang/third_party/PRIME/include/crocoddyl/core/solver-base.hpp:466:21: note: declared here
[2.925s]   466 |              double xreg_;)  //!< Current state regularization value
[2.925s]       |                     ^~~~~
[2.925s] /home/jkang/third_party/PRIME/include/crocoddyl/core/utils/deprecate.hpp:19:51: note: in definition of macro ‘DEPRECATED’
[2.925s]    19 | #define DEPRECATED(msg, func) [[deprecated(msg)]] func
[2.925s]       |                                                   ^~~~
[2.925s] /home/jkang/third_party/PRIME/src/core/solver-base.cpp: In member function ‘void crocoddyl::SolverAbstract::set_ureg(double)’:
[2.925s] /home/jkang/third_party/PRIME/src/core/solver-base.cpp:447:7: warning: ‘crocoddyl::SolverAbstract::ureg_’ is deprecated: Use dreg_ for primal-variable regularization [-Wdeprecated-declarations]
[2.925s]   447 |       ureg_ = ureg;
[2.925s]       |       ^~~~~
[2.925s] /home/jkang/third_party/PRIME/include/crocoddyl/core/utils/deprecate.hpp:19:51: note: in definition of macro ‘DEPRECATED’
[2.925s]    19 | #define DEPRECATED(msg, func) [[deprecated(msg)]] func
[2.926s]       |                                                   ^~~~
[2.926s] /home/jkang/third_party/PRIME/include/crocoddyl/core/solver-base.hpp:468:21: note: declared here
[2.926s]   468 |              double ureg_;)        //!< Current control regularization values
[2.926s]       |                     ^~~~~
[2.926s] /home/jkang/third_party/PRIME/include/crocoddyl/core/utils/deprecate.hpp:19:51: note: in definition of macro ‘DEPRECATED’
[2.926s]    19 | #define DEPRECATED(msg, func) [[deprecated(msg)]] func
[2.926s]       |                                                   ^~~~
[2.926s] /home/jkang/third_party/PRIME/src/core/solver-base.cpp:447:7: warning: ‘crocoddyl::SolverAbstract::ureg_’ is deprecated: Use dreg_ for primal-variable regularization [-Wdeprecated-declarations]
[2.926s]   447 |       ureg_ = ureg;
[2.926s]       |       ^~~~~
[2.926s] /home/jkang/third_party/PRIME/include/crocoddyl/core/utils/deprecate.hpp:19:51: note: in definition of macro ‘DEPRECATED’
[2.926s]    19 | #define DEPRECATED(msg, func) [[deprecated(msg)]] func
[2.926s]       |                                                   ^~~~
[2.926s] /home/jkang/third_party/PRIME/include/crocoddyl/core/solver-base.hpp:468:21: note: declared here
[2.926s]   468 |              double ureg_;)        //!< Current control regularization values
[2.926s]       |                     ^~~~~
[2.926s] /home/jkang/third_party/PRIME/include/crocoddyl/core/utils/deprecate.hpp:19:51: note: in definition of macro ‘DEPRECATED’
[2.926s]    19 | #define DEPRECATED(msg, func) [[deprecated(msg)]] func
[2.927s]       |                                                   ^~~~
[3.489s] In file included from /opt/openrobots/include/hpp/fcl/config.hh:1,
[3.489s]                  from /opt/openrobots/include/pinocchio/serialization/eigen.hpp:20,
[3.489s]                  from /opt/openrobots/include/pinocchio/serialization/fwd.hpp:11,
[3.489s]                  from /opt/openrobots/include/pinocchio/multibody/joint/joint-composite.hpp:14,
[3.489s]                  from /opt/openrobots/include/pinocchio/multibody/joint/joint-generic.hpp:9,
[3.490s]                  from /opt/openrobots/include/pinocchio/multibody/model.hpp:17,
[3.490s]                  from /opt/openrobots/include/pinocchio/algorithm/center-of-mass.hpp:8,
[3.490s]                  from /home/jkang/third_party/PRIME/include/crocoddyl/multibody/utils/quadruped-gaits.hpp:12,
[3.490s]                  from /home/jkang/third_party/PRIME/src/multibody/utils/quadruped-gaits.cpp:9:
[3.490s] /opt/openrobots/include/hpp/fcl/coal.hpp:10:71: note: ‘#pragma message: Please update your includes from 'hpp/fcl' to 'coal'’
[3.490s]    10 | #pragma message("Please update your includes from 'hpp/fcl' to 'coal'")
[3.490s]       |                                                                       ^
[3.912s] In file included from /opt/openrobots/include/hpp/fcl/config.hh:1,
[3.912s]                  from /opt/openrobots/include/pinocchio/serialization/eigen.hpp:20,
[3.912s]                  from /opt/openrobots/include/pinocchio/serialization/fwd.hpp:11,
[3.912s]                  from /opt/openrobots/include/pinocchio/multibody/joint/joint-composite.hpp:14,
[3.913s]                  from /opt/openrobots/include/pinocchio/multibody/joint/joint-generic.hpp:9,
[3.913s]                  from /opt/openrobots/include/pinocchio/multibody/model.hpp:17,
[3.913s]                  from /opt/openrobots/include/pinocchio/algorithm/frames.hpp:8,
[3.913s]                  from /home/jkang/third_party/PRIME/include/crocoddyl/contact_id/problem/contact-anitescu-id.hpp:21,
[3.913s]                  from /home/jkang/third_party/PRIME/include/crocoddyl/multibody/utils/contact-anitescu-id.hpp:11,
[3.913s]                  from /home/jkang/third_party/PRIME/src/multibody/utils/contact-anitescu-id.cpp:7:
[3.913s] /opt/openrobots/include/hpp/fcl/coal.hpp:10:71: note: ‘#pragma message: Please update your includes from 'hpp/fcl' to 'coal'’
[3.913s]    10 | #pragma message("Please update your includes from 'hpp/fcl' to 'coal'")
[3.913s]       |                                                                       ^
[4.037s] In file included from /opt/openrobots/include/hpp/fcl/config.hh:1,
[4.037s]                  from /opt/openrobots/include/pinocchio/serialization/eigen.hpp:20,
[4.037s]                  from /opt/openrobots/include/pinocchio/serialization/fwd.hpp:11,
[4.037s]                  from /opt/openrobots/include/pinocchio/multibody/joint/joint-composite.hpp:14,
[4.037s]                  from /opt/openrobots/include/pinocchio/multibody/joint/joint-generic.hpp:9,
[4.037s]                  from /opt/openrobots/include/pinocchio/multibody/model.hpp:17,
[4.038s]                  from /opt/openrobots/include/pinocchio/algorithm/frames.hpp:8,
[4.038s]                  from /home/jkang/third_party/PRIME/include/crocoddyl/contact_id/problem/contact-anitescu-id.hpp:21,
[4.038s]                  from /home/jkang/third_party/PRIME/src/contact_id/problem/contact-anitescu-id.cpp:16:
[4.038s] /opt/openrobots/include/hpp/fcl/coal.hpp:10:71: note: ‘#pragma message: Please update your includes from 'hpp/fcl' to 'coal'’
[4.038s]    10 | #pragma message("Please update your includes from 'hpp/fcl' to 'coal'")
[4.038s]       |                                                                       ^
[4.427s] In file included from /opt/openrobots/include/hpp/fcl/config.hh:1,
[4.427s]                  from /opt/openrobots/include/pinocchio/serialization/eigen.hpp:20,
[4.427s]                  from /opt/openrobots/include/pinocchio/serialization/fwd.hpp:11,
[4.428s]                  from /opt/openrobots/include/pinocchio/multibody/joint/joint-composite.hpp:14,
[4.428s]                  from /opt/openrobots/include/pinocchio/multibody/joint/joint-generic.hpp:9,
[4.428s]                  from /opt/openrobots/include/pinocchio/multibody/model.hpp:17,
[4.428s]                  from /opt/openrobots/include/pinocchio/algorithm/frames.hpp:8,
[4.428s]                  from /home/jkang/third_party/PRIME/include/crocoddyl/contact_id/problem/contact-anitescu-id.hpp:21,
[4.428s]                  from /home/jkang/third_party/PRIME/include/crocoddyl/multibody/utils/contact-anitescu-id.hpp:11,
[4.428s]                  from /home/jkang/third_party/PRIME/include/crocoddyl/multibody/utils/quadruped-anitescu-id.hpp:12,
[4.428s]                  from /home/jkang/third_party/PRIME/src/multibody/utils/quadruped-anitescu-id.cpp:9:
[4.428s] /opt/openrobots/include/hpp/fcl/coal.hpp:10:71: note: ‘#pragma message: Please update your includes from 'hpp/fcl' to 'coal'’
[4.428s]    10 | #pragma message("Please update your includes from 'hpp/fcl' to 'coal'")
[4.428s]       |                                                                       ^
[5.086s] In file included from /home/jkang/third_party/PRIME/include/crocoddyl/contact_id/actions/contact-fwddyn-anitescu-id.hpp:31,
[5.086s]                  from /home/jkang/third_party/PRIME/include/crocoddyl/contact_id/problem/contact-anitescu-id.hpp:33,
[5.086s]                  from /home/jkang/third_party/PRIME/include/crocoddyl/multibody/utils/contact-anitescu-id.hpp:11,
[5.086s]                  from /home/jkang/third_party/PRIME/src/multibody/utils/contact-anitescu-id.cpp:7:
[5.086s] /home/jkang/third_party/PRIME/include/crocoddyl/contact_id/anitescu/DifferentiableAnitescuSimulator.hpp: In member function ‘void DifferentiableAnitescuSimulator::computeSensitivities()’:
[5.086s] /home/jkang/third_party/PRIME/include/crocoddyl/contact_id/anitescu/DifferentiableAnitescuSimulator.hpp:405:37: warning: comparison of integer expressions of different signedness: ‘pinocchio::JointIndex’ {aka ‘long unsigned int’} and ‘const int’ [-Wsign-compare]
[5.086s]   405 |                 if (jid == 0 || jid >= model_.njoints)
[5.086s]       |                                 ~~~~^~~~~~~~~~~~~~~~~
[5.092s] /home/jkang/third_party/PRIME/include/crocoddyl/contact_id/anitescu/DifferentiableAnitescuSimulator.hpp:426:37: warning: comparison of integer expressions of different signedness: ‘pinocchio::JointIndex’ {aka ‘long unsigned int’} and ‘const int’ [-Wsign-compare]
[5.093s]   426 |                 if (jid == 0 || jid >= model_.njoints)
[5.093s]       |                                 ~~~~^~~~~~~~~~~~~~~~~
[5.093s] /home/jkang/third_party/PRIME/include/crocoddyl/contact_id/anitescu/DifferentiableAnitescuSimulator.hpp:429:76: warning: conversion from ‘pinocchio::JointIndex’ {aka ‘long unsigned int’} to ‘int’ may change value [-Wconversion]
[5.093s]   429 |                 Eigen::VectorXd p_jid = computeLogCholeskyFromLink(model_, jid);
[5.093s]       |                                                                            ^~~
[5.202s] In file included from /home/jkang/third_party/PRIME/include/crocoddyl/contact_id/actions/contact-fwddyn-anitescu-id.hpp:31,
[5.202s]                  from /home/jkang/third_party/PRIME/include/crocoddyl/contact_id/problem/contact-anitescu-id.hpp:33,
[5.202s]                  from /home/jkang/third_party/PRIME/src/contact_id/problem/contact-anitescu-id.cpp:16:
[5.202s] /home/jkang/third_party/PRIME/include/crocoddyl/contact_id/anitescu/DifferentiableAnitescuSimulator.hpp: In member function ‘void DifferentiableAnitescuSimulator::computeSensitivities()’:
[5.202s] /home/jkang/third_party/PRIME/include/crocoddyl/contact_id/anitescu/DifferentiableAnitescuSimulator.hpp:405:37: warning: comparison of integer expressions of different signedness: ‘pinocchio::JointIndex’ {aka ‘long unsigned int’} and ‘const int’ [-Wsign-compare]
[5.203s]   405 |                 if (jid == 0 || jid >= model_.njoints)
[5.203s]       |                                 ~~~~^~~~~~~~~~~~~~~~~
[5.209s] /home/jkang/third_party/PRIME/include/crocoddyl/contact_id/anitescu/DifferentiableAnitescuSimulator.hpp:426:37: warning: comparison of integer expressions of different signedness: ‘pinocchio::JointIndex’ {aka ‘long unsigned int’} and ‘const int’ [-Wsign-compare]
[5.209s]   426 |                 if (jid == 0 || jid >= model_.njoints)
[5.209s]       |                                 ~~~~^~~~~~~~~~~~~~~~~
[5.209s] /home/jkang/third_party/PRIME/include/crocoddyl/contact_id/anitescu/DifferentiableAnitescuSimulator.hpp:429:76: warning: conversion from ‘pinocchio::JointIndex’ {aka ‘long unsigned int’} to ‘int’ may change value [-Wconversion]
[5.209s]   429 |                 Eigen::VectorXd p_jid = computeLogCholeskyFromLink(model_, jid);
[5.209s]       |                                                                            ^~~
[5.550s] In file included from /home/jkang/third_party/PRIME/include/crocoddyl/contact_id/anitescu/BarrierSOCP.hpp:19,
[5.550s]                  from /home/jkang/third_party/PRIME/include/crocoddyl/contact_id/anitescu/DifferentiableAnitescuSimulator.hpp:34,
[5.550s]                  from /home/jkang/third_party/PRIME/include/crocoddyl/contact_id/actions/contact-fwddyn-anitescu-id.hpp:31,
[5.550s]                  from /home/jkang/third_party/PRIME/include/crocoddyl/contact_id/problem/contact-anitescu-id.hpp:33,
[5.550s]                  from /home/jkang/third_party/PRIME/include/crocoddyl/multibody/utils/contact-anitescu-id.hpp:11,
[5.550s]                  from /home/jkang/third_party/PRIME/src/multibody/utils/contact-anitescu-id.cpp:7:
[5.550s] /home/jkang/third_party/PRIME/include/crocoddyl/contact_id/anitescu/NewtonSolver.hpp: In instantiation of ‘bool NewtonSolver::solve(Eigen::VectorXd&, F&&, G&&, HFun&&, Feas&&) [with F = DifferentiableAnitescuSimulator::solveBarrierNewton()::<lambda(const VectorXd&)>; G = DifferentiableAnitescuSimulator::solveBarrierNewton()::<lambda(const VectorXd&, Eigen::VectorXd&)>; HFun = DifferentiableAnitescuSimulator::solveBarrierNewton()::<lambda(const VectorXd&, Eigen::MatrixXd&)>; Feas = DifferentiableAnitescuSimulator::solveBarrierNewton()::<lambda(const VectorXd&)>; Eigen::VectorXd = Eigen::Matrix<double, -1, 1>]’:
[5.550s] /home/jkang/third_party/PRIME/include/crocoddyl/contact_id/anitescu/DifferentiableAnitescuSimulator.hpp:340:22:   required from here
[5.550s] /home/jkang/third_party/PRIME/include/crocoddyl/contact_id/anitescu/NewtonSolver.hpp:52:25: warning: conversion from ‘Eigen::EigenBase<Eigen::Matrix<double, -1, 1> >::Index’ {aka ‘long int’} to ‘int’ may change value [-Wconversion]
[5.550s]    52 |     const int n = x.size();
[5.550s]       |                   ~~~~~~^~
[5.550s] /home/jkang/third_party/PRIME/src/contact_id/problem/contact-anitescu-id.cpp: In function ‘Eigen::VectorXd crocoddyl::computeFrozenSFromLogCholeskyJacobian(const Model&, pinocchio::JointIndex, double)’:
[5.550s] /home/jkang/third_party/PRIME/src/contact_id/problem/contact-anitescu-id.cpp:93:59: warning: conversion from ‘pinocchio::JointIndex’ {aka ‘long unsigned int’} to ‘int’ may change value [-Wconversion]
[5.551s]    93 |   Eigen::VectorXd eta = computeLogCholeskyFromLink(model, j_link);
[5.551s]       |                                                           ^~~~~~
[5.593s] In file included from /home/jkang/third_party/PRIME/include/crocoddyl/contact_id/actions/contact-fwddyn-anitescu-id.hpp:31,
[5.593s]                  from /home/jkang/third_party/PRIME/include/crocoddyl/contact_id/problem/contact-anitescu-id.hpp:33,
[5.593s]                  from /home/jkang/third_party/PRIME/include/crocoddyl/multibody/utils/contact-anitescu-id.hpp:11,
[5.593s]                  from /home/jkang/third_party/PRIME/include/crocoddyl/multibody/utils/quadruped-anitescu-id.hpp:12,
[5.593s]                  from /home/jkang/third_party/PRIME/src/multibody/utils/quadruped-anitescu-id.cpp:9:
[5.593s] /home/jkang/third_party/PRIME/include/crocoddyl/contact_id/anitescu/DifferentiableAnitescuSimulator.hpp: In member function ‘void DifferentiableAnitescuSimulator::computeSensitivities()’:
[5.594s] /home/jkang/third_party/PRIME/include/crocoddyl/contact_id/anitescu/DifferentiableAnitescuSimulator.hpp:405:37: warning: comparison of integer expressions of different signedness: ‘pinocchio::JointIndex’ {aka ‘long unsigned int’} and ‘const int’ [-Wsign-compare]
[5.594s]   405 |                 if (jid == 0 || jid >= model_.njoints)
[5.594s]       |                                 ~~~~^~~~~~~~~~~~~~~~~
[5.600s] /home/jkang/third_party/PRIME/include/crocoddyl/contact_id/anitescu/DifferentiableAnitescuSimulator.hpp:426:37: warning: comparison of integer expressions of different signedness: ‘pinocchio::JointIndex’ {aka ‘long unsigned int’} and ‘const int’ [-Wsign-compare]
[5.600s]   426 |                 if (jid == 0 || jid >= model_.njoints)
[5.600s]       |                                 ~~~~^~~~~~~~~~~~~~~~~
[5.600s] /home/jkang/third_party/PRIME/include/crocoddyl/contact_id/anitescu/DifferentiableAnitescuSimulator.hpp:429:76: warning: conversion from ‘pinocchio::JointIndex’ {aka ‘long unsigned int’} to ‘int’ may change value [-Wconversion]
[5.600s]   429 |                 Eigen::VectorXd p_jid = computeLogCholeskyFromLink(model_, jid);
[5.600s]       |                                                                            ^~~
[5.754s] In file included from /home/jkang/third_party/PRIME/include/crocoddyl/multibody/actions/contact-fwddyn.hpp:400,
[5.754s]                  from /home/jkang/third_party/PRIME/include/crocoddyl/multibody/utils/quadruped-gaits.hpp:24,
[5.754s]                  from /home/jkang/third_party/PRIME/src/multibody/utils/quadruped-gaits.cpp:9:
[5.754s] /home/jkang/third_party/PRIME/include/crocoddyl/multibody/actions/contact-fwddyn.hxx: In instantiation of ‘void crocoddyl::DifferentialActionModelContactFwdDynamicsTpl<Scalar>::calc(const boost::shared_ptr<crocoddyl::DifferentialActionDataAbstractTpl<_Scalar> >&, const Eigen::Ref<const typename crocoddyl::MathBaseTpl<_Scalar>::VectorXs>&, const Eigen::Ref<const typename crocoddyl::MathBaseTpl<_Scalar>::VectorXs>&) [with _Scalar = double; typename Eigen::internal::conditional<const typename crocoddyl::MathBaseTpl<_Scalar>::VectorXs::IsVectorAtCompileTime, Eigen::InnerStride<1>, Eigen::OuterStride<> >::type = Eigen::InnerStride<1>; typename crocoddyl::MathBaseTpl<_Scalar>::VectorXs = Eigen::Matrix<double, -1, 1>]’:
[5.754s] /home/jkang/third_party/PRIME/include/crocoddyl/multibody/actions/contact-fwddyn.hxx:99:6:   required from here
[5.754s] /home/jkang/third_party/PRIME/include/crocoddyl/multibody/actions/contact-fwddyn.hxx:141:29: warning: ‘const typename pinocchio::DataTpl<_Scalar, _Options, JointCollectionTpl>::TangentVectorType& pinocchio::forwardDynamics(const pinocchio::ModelTpl<_Scalar, _Options, JointCollectionTpl>&, pinocchio::DataTpl<S1, O1, JointCollectionTpl>&, const Eigen::MatrixBase<Matrix3Like>&, const Eigen::MatrixBase<MatRet>&, const Eigen::MatrixBase<VectorLike>&, Scalar) [with Scalar = double; int Options = 0; JointCollectionTpl = pinocchio::JointCollectionDefaultTpl; TangentVectorType = Eigen::Matrix<double, -1, 1>; ConstraintMatrixType = Eigen::Block<Eigen::Matrix<double, -1, -1>, -1, -1, false>; DriftVectorType = Eigen::Block<Eigen::Matrix<double, -1, 1>, -1, 1, false>; typename pinocchio::DataTpl<_Scalar, _Options, JointCollectionTpl>::TangentVectorType = Eigen::Matrix<double, -1, 1>]’ is deprecated [-Wdeprecated-declarations]
[5.754s]   141 |   pinocchio::forwardDynamics(
[5.755s]       |   ~~~~~~~~~~~~~~~~~~~~~~~~~~^
[5.755s]   142 |       pinocchio_, d->pinocchio, d->multibody.actuation->tau,
[5.755s]       |       ~~~~~~~~~~~~~~~~~~~~~~~~~~~~~~~~~~~~~~~~~~~~~~~~~~~~~~
[5.755s]   143 |       d->multibody.contacts->Jc.topRows(nc), d->multibody.contacts->a0.head(nc),
[5.755s]       |       ~~~~~~~~~~~~~~~~~~~~~~~~~~~~~~~~~~~~~~~~~~~~~~~~~~~~~~~~~~~~~~~~~~~~~~~~~~
[5.755s]   144 |       JMinvJt_damping_);
[5.755s]       |       ~~~~~~~~~~~~~~~~~      
[5.755s] In file included from /opt/openrobots/include/pinocchio/algorithm/contact-dynamics.hpp:302,
[5.755s]                  from /home/jkang/third_party/PRIME/include/crocoddyl/multibody/actions/contact-fwddyn.hxx:12,
[5.755s]                  from /home/jkang/third_party/PRIME/include/crocoddyl/multibody/actions/contact-fwddyn.hpp:400,
[5.755s]                  from /home/jkang/third_party/PRIME/include/crocoddyl/multibody/utils/quadruped-gaits.hpp:24,
[5.755s]                  from /home/jkang/third_party/PRIME/src/multibody/utils/quadruped-gaits.cpp:9:
[5.755s] /opt/openrobots/include/pinocchio/algorithm/contact-dynamics.hxx:90:3: note: declared here
[5.755s]    90 |   forwardDynamics(
[5.755s]       |   ^~~~~~~~~~~~~~~
[5.756s] In file included from /home/jkang/third_party/PRIME/include/crocoddyl/multibody/actions/contact-fwddyn.hpp:400,
[5.756s]                  from /home/jkang/third_party/PRIME/include/crocoddyl/multibody/utils/quadruped-gaits.hpp:24,
[5.756s]                  from /home/jkang/third_party/PRIME/src/multibody/utils/quadruped-gaits.cpp:9:
[5.756s] /home/jkang/third_party/PRIME/include/crocoddyl/multibody/actions/contact-fwddyn.hxx: In instantiation of ‘void crocoddyl::DifferentialActionModelContactFwdDynamicsTpl<Scalar>::calcDiff(const boost::shared_ptr<crocoddyl::DifferentialActionDataAbstractTpl<_Scalar> >&, const Eigen::Ref<const typename crocoddyl::MathBaseTpl<_Scalar>::VectorXs>&, const Eigen::Ref<const typename crocoddyl::MathBaseTpl<_Scalar>::VectorXs>&) [with _Scalar = double; typename Eigen::internal::conditional<const typename crocoddyl::MathBaseTpl<_Scalar>::VectorXs::IsVectorAtCompileTime, Eigen::InnerStride<1>, Eigen::OuterStride<> >::type = Eigen::InnerStride<1>; typename crocoddyl::MathBaseTpl<_Scalar>::VectorXs = Eigen::Matrix<double, -1, 1>]’:
[5.756s] /home/jkang/third_party/PRIME/include/crocoddyl/multibody/actions/contact-fwddyn.hxx:187:6:   required from here
[5.756s] /home/jkang/third_party/PRIME/include/crocoddyl/multibody/actions/contact-fwddyn.hxx:218:47: warning: ‘void pinocchio::getKKTContactDynamicMatrixInverse(const pinocchio::ModelTpl<_Scalar, _Options, JointCollectionTpl>&, const pinocchio::DataTpl<S1, O1, JointCollectionTpl>&, const Eigen::MatrixBase<Matrix3Like>&, const Eigen::MatrixBase<MatRet>&) [with Scalar = double; int Options = 0; JointCollectionTpl = pinocchio::JointCollectionDefaultTpl; ConstraintMatrixType = Eigen::Block<Eigen::Matrix<double, -1, -1>, -1, -1, false>; KKTMatrixType = Eigen::Matrix<double, -1, -1>]’ is deprecated [-Wdeprecated-declarations]
[5.756s]   218 |   pinocchio::getKKTContactDynamicMatrixInverse(
[5.756s]       |   ~~~~~~~~~~~~~~~~~~~~~~~~~~~~~~~~~~~~~~~~~~~~^
[5.756s]   219 |       pinocchio_, d->pinocchio, d->multibody.contacts->Jc.topRows(nc), d->Kinv);
[5.756s]       |       ~~~~~~~~~~~~~~~~~~~~~~~~~~~~~~~~~~~~~~~~~~~~~~~~~~~~~~~~~~~~~~~~~~~~~~~~~
[5.756s] In file included from /opt/openrobots/include/pinocchio/algorithm/contact-dynamics.hpp:302,
[5.756s]                  from /home/jkang/third_party/PRIME/include/crocoddyl/multibody/actions/contact-fwddyn.hxx:12,
[5.756s]                  from /home/jkang/third_party/PRIME/include/crocoddyl/multibody/actions/contact-fwddyn.hpp:400,
[5.756s]                  from /home/jkang/third_party/PRIME/include/crocoddyl/multibody/utils/quadruped-gaits.hpp:24,
[5.756s]                  from /home/jkang/third_party/PRIME/src/multibody/utils/quadruped-gaits.cpp:9:
[5.756s] /opt/openrobots/include/pinocchio/algorithm/contact-dynamics.hxx:218:8: note: declared here
[5.756s]   218 |   void getKKTContactDynamicMatrixInverse(
[5.756s]       |        ^~~~~~~~~~~~~~~~~~~~~~~~~~~~~~~~~
[5.837s] In file included from /home/jkang/third_party/PRIME/include/crocoddyl/contact_id/anitescu/BarrierSOCP.hpp:19,
[5.837s]                  from /home/jkang/third_party/PRIME/include/crocoddyl/contact_id/anitescu/DifferentiableAnitescuSimulator.hpp:34,
[5.837s]                  from /home/jkang/third_party/PRIME/include/crocoddyl/contact_id/actions/contact-fwddyn-anitescu-id.hpp:31,
[5.837s]                  from /home/jkang/third_party/PRIME/include/crocoddyl/contact_id/problem/contact-anitescu-id.hpp:33,
[5.837s]                  from /home/jkang/third_party/PRIME/src/contact_id/problem/contact-anitescu-id.cpp:16:
[5.837s] /home/jkang/third_party/PRIME/include/crocoddyl/contact_id/anitescu/NewtonSolver.hpp: In instantiation of ‘bool NewtonSolver::solve(Eigen::VectorXd&, F&&, G&&, HFun&&, Feas&&) [with F = DifferentiableAnitescuSimulator::solveBarrierNewton()::<lambda(const VectorXd&)>; G = DifferentiableAnitescuSimulator::solveBarrierNewton()::<lambda(const VectorXd&, Eigen::VectorXd&)>; HFun = DifferentiableAnitescuSimulator::solveBarrierNewton()::<lambda(const VectorXd&, Eigen::MatrixXd&)>; Feas = DifferentiableAnitescuSimulator::solveBarrierNewton()::<lambda(const VectorXd&)>; Eigen::VectorXd = Eigen::Matrix<double, -1, 1>]’:
[5.837s] /home/jkang/third_party/PRIME/include/crocoddyl/contact_id/anitescu/DifferentiableAnitescuSimulator.hpp:340:22:   required from here
[5.837s] /home/jkang/third_party/PRIME/include/crocoddyl/contact_id/anitescu/NewtonSolver.hpp:52:25: warning: conversion from ‘Eigen::EigenBase<Eigen::Matrix<double, -1, 1> >::Index’ {aka ‘long int’} to ‘int’ may change value [-Wconversion]
[5.837s]    52 |     const int n = x.size();
[5.837s]       |                   ~~~~~~^~
[5.962s] In file included from /home/jkang/third_party/PRIME/include/crocoddyl/multibody/contact-base.hpp:243,
[5.962s]                  from /home/jkang/third_party/PRIME/include/crocoddyl/multibody/contacts/multiple-contacts.hpp:19,
[5.962s]                  from /home/jkang/third_party/PRIME/include/crocoddyl/multibody/actions/contact-fwddyn.hpp:19,
[5.962s]                  from /home/jkang/third_party/PRIME/include/crocoddyl/multibody/utils/quadruped-gaits.hpp:24,
[5.962s]                  from /home/jkang/third_party/PRIME/src/multibody/utils/quadruped-gaits.cpp:9:
[5.962s] /home/jkang/third_party/PRIME/include/crocoddyl/multibody/contact-base.hxx: In instantiation of ‘void crocoddyl::ContactModelAbstractTpl<Scalar>::updateMode(const boost::shared_ptr<crocoddyl::ContactDataAbstractTpl<_Scalar> >&, const Scalar&, const Vector3s&, const Vector3s&) [with _Scalar = double; crocoddyl::ContactModelAbstractTpl<Scalar>::Scalar = double; crocoddyl::ContactModelAbstractTpl<Scalar>::Vector3s = Eigen::Matrix<double, 3, 1>]’:
[5.962s] /home/jkang/third_party/PRIME/include/crocoddyl/multibody/contact-base.hxx:79:8:   required from here
[5.962s] /home/jkang/third_party/PRIME/include/crocoddyl/multibody/contact-base.hxx:80:53: warning: unused parameter ‘data’ [-Wunused-parameter]
[5.962s]    80 |       const boost::shared_ptr<ContactDataAbstract> &data,
[5.962s]       |       ~~~~~~~~~~~~~~~~~~~~~~~~~~~~~~~~~~~~~~~~~~~~~~^~~~
[5.962s] /home/jkang/third_party/PRIME/include/crocoddyl/multibody/contact-base.hxx:81:21: warning: unused parameter ‘mode’ [-Wunused-parameter]
[5.962s]    81 |       const Scalar &mode,
[5.962s]       |       ~~~~~~~~~~~~~~^~~~
[5.962s] /home/jkang/third_party/PRIME/include/crocoddyl/multibody/contact-base.hxx:82:23: warning: unused parameter ‘normal’ [-Wunused-parameter]
[5.962s]    82 |       const Vector3s &normal,
[5.962s]       |       ~~~~~~~~~~~~~~~~^~~~~~
[5.962s] /home/jkang/third_party/PRIME/include/crocoddyl/multibody/contact-base.hxx:83:23: warning: unused parameter ‘tangent’ [-Wunused-parameter]
[5.962s]    83 |       const Vector3s &tangent)
[5.962s]       |       ~~~~~~~~~~~~~~~~^~~~~~~
[6.051s] In file included from /home/jkang/third_party/PRIME/include/crocoddyl/contact_id/anitescu/BarrierSOCP.hpp:19,
[6.051s]                  from /home/jkang/third_party/PRIME/include/crocoddyl/contact_id/anitescu/DifferentiableAnitescuSimulator.hpp:34,
[6.051s]                  from /home/jkang/third_party/PRIME/include/crocoddyl/contact_id/actions/contact-fwddyn-anitescu-id.hpp:31,
[6.051s]                  from /home/jkang/third_party/PRIME/include/crocoddyl/contact_id/problem/contact-anitescu-id.hpp:33,
[6.051s]                  from /home/jkang/third_party/PRIME/include/crocoddyl/multibody/utils/contact-anitescu-id.hpp:11,
[6.051s]                  from /home/jkang/third_party/PRIME/include/crocoddyl/multibody/utils/quadruped-anitescu-id.hpp:12,
[6.051s]                  from /home/jkang/third_party/PRIME/src/multibody/utils/quadruped-anitescu-id.cpp:9:
[6.051s] /home/jkang/third_party/PRIME/include/crocoddyl/contact_id/anitescu/NewtonSolver.hpp: In instantiation of ‘bool NewtonSolver::solve(Eigen::VectorXd&, F&&, G&&, HFun&&, Feas&&) [with F = DifferentiableAnitescuSimulator::solveBarrierNewton()::<lambda(const VectorXd&)>; G = DifferentiableAnitescuSimulator::solveBarrierNewton()::<lambda(const VectorXd&, Eigen::VectorXd&)>; HFun = DifferentiableAnitescuSimulator::solveBarrierNewton()::<lambda(const VectorXd&, Eigen::MatrixXd&)>; Feas = DifferentiableAnitescuSimulator::solveBarrierNewton()::<lambda(const VectorXd&)>; Eigen::VectorXd = Eigen::Matrix<double, -1, 1>]’:
[6.051s] /home/jkang/third_party/PRIME/include/crocoddyl/contact_id/anitescu/DifferentiableAnitescuSimulator.hpp:340:22:   required from here
[6.051s] /home/jkang/third_party/PRIME/include/crocoddyl/contact_id/anitescu/NewtonSolver.hpp:52:25: warning: conversion from ‘Eigen::EigenBase<Eigen::Matrix<double, -1, 1> >::Index’ {aka ‘long int’} to ‘int’ may change value [-Wconversion]
[6.051s]    52 |     const int n = x.size();
[6.051s]       |                   ~~~~~~^~
[6.064s] In file included from /home/jkang/third_party/PRIME/include/crocoddyl/multibody/actions/impulse-fwddyn.hpp:373,
[6.065s]                  from /home/jkang/third_party/PRIME/include/crocoddyl/multibody/utils/quadruped-gaits.hpp:25,
[6.065s]                  from /home/jkang/third_party/PRIME/src/multibody/utils/quadruped-gaits.cpp:9:
[6.065s] /home/jkang/third_party/PRIME/include/crocoddyl/multibody/actions/impulse-fwddyn.hxx: In instantiation of ‘void crocoddyl::ActionModelImpulseFwdDynamicsTpl<Scalar>::initCalcDiff(crocoddyl::ActionModelImpulseFwdDynamicsTpl<Scalar>::Data*, const Eigen::Ref<const typename crocoddyl::MathBaseTpl<_Scalar>::VectorXs>&) [with _Scalar = double; crocoddyl::ActionModelImpulseFwdDynamicsTpl<Scalar>::Data = crocoddyl::ActionDataImpulseFwdDynamicsTpl<double>; typename Eigen::internal::conditional<const typename crocoddyl::MathBaseTpl<_Scalar>::VectorXs::IsVectorAtCompileTime, Eigen::InnerStride<1>, Eigen::OuterStride<> >::type = Eigen::InnerStride<1>; typename crocoddyl::MathBaseTpl<_Scalar>::VectorXs = Eigen::Matrix<double, -1, 1>]’:
[6.065s] /home/jkang/third_party/PRIME/include/crocoddyl/multibody/actions/impulse-fwddyn.hxx:115:3:   required from ‘void crocoddyl::ActionModelImpulseFwdDynamicsTpl<Scalar>::calcDiff(const boost::shared_ptr<crocoddyl::ActionDataAbstractTpl<_Scalar> >&, const Eigen::Ref<const typename crocoddyl::MathBaseTpl<_Scalar>::VectorXs>&, const Eigen::Ref<const typename crocoddyl::MathBaseTpl<_Scalar>::VectorXs>&) [with _Scalar = double; typename Eigen::internal::conditional<const typename crocoddyl::MathBaseTpl<_Scalar>::VectorXs::IsVectorAtCompileTime, Eigen::InnerStride<1>, Eigen::OuterStride<> >::type = Eigen::InnerStride<1>; typename crocoddyl::MathBaseTpl<_Scalar>::VectorXs = Eigen::Matrix<double, -1, 1>]’
[6.065s] /home/jkang/third_party/PRIME/include/crocoddyl/multibody/actions/impulse-fwddyn.hxx:109:6:   required from here
[6.065s] /home/jkang/third_party/PRIME/include/crocoddyl/multibody/actions/impulse-fwddyn.hxx:237:47: warning: ‘void pinocchio::getKKTContactDynamicMatrixInverse(const pinocchio::ModelTpl<_Scalar, _Options, JointCollectionTpl>&, const pinocchio::DataTpl<S1, O1, JointCollectionTpl>&, const Eigen::MatrixBase<Matrix3Like>&, const Eigen::MatrixBase<MatRet>&) [with Scalar = double; int Options = 0; JointCollectionTpl = pinocchio::JointCollectionDefaultTpl; ConstraintMatrixType = Eigen::Block<Eigen::Matrix<double, -1, -1>, -1, -1, false>; KKTMatrixType = Eigen::Matrix<double, -1, -1>]’ is deprecated [-Wdeprecated-declarations]
[6.065s]   237 |   pinocchio::getKKTContactDynamicMatrixInverse(
[6.065s]       |   ~~~~~~~~~~~~~~~~~~~~~~~~~~~~~~~~~~~~~~~~~~~~^
[6.065s]   238 |       pinocchio_, data->pinocchio, data->multibody.impulses->Jc.topRows(nc),
[6.065s]       |       ~~~~~~~~~~~~~~~~~~~~~~~~~~~~~~~~~~~~~~~~~~~~~~~~~~~~~~~~~~~~~~~~~~~~~~
[6.065s]   239 |       data->Kinv);
[6.065s]       |       ~~~~~~~~~~~                              
[6.065s] In file included from /opt/openrobots/include/pinocchio/algorithm/contact-dynamics.hpp:302,
[6.065s]                  from /home/jkang/third_party/PRIME/include/crocoddyl/multibody/actions/contact-fwddyn.hxx:12,
[6.065s]                  from /home/jkang/third_party/PRIME/include/crocoddyl/multibody/actions/contact-fwddyn.hpp:400,
[6.065s]                  from /home/jkang/third_party/PRIME/include/crocoddyl/multibody/utils/quadruped-gaits.hpp:24,
[6.065s]                  from /home/jkang/third_party/PRIME/src/multibody/utils/quadruped-gaits.cpp:9:
[6.065s] /opt/openrobots/include/pinocchio/algorithm/contact-dynamics.hxx:218:8: note: declared here
[6.065s]   218 |   void getKKTContactDynamicMatrixInverse(
[6.065s]       |        ^~~~~~~~~~~~~~~~~~~~~~~~~~~~~~~~~
[6.507s] In file included from /home/jkang/third_party/PRIME/include/crocoddyl/contact_id/actions/arrival-fwddyn-id.hpp:34,
[6.507s]                  from /home/jkang/third_party/PRIME/include/crocoddyl/contact_id/problem/contact-anitescu-id.hpp:32,
[6.507s]                  from /home/jkang/third_party/PRIME/src/contact_id/problem/contact-anitescu-id.cpp:16:
[6.507s] /home/jkang/third_party/PRIME/include/crocoddyl/contact_id/states/multibody_params.hxx: In instantiation of ‘crocoddyl::StateMultibodyParamsTpl<Scalar>::StateMultibodyParamsTpl(boost::shared_ptr<pinocchio::ModelTpl<Scalar> >, std::vector<long unsigned int>) [with _Scalar = double]’:
[6.507s] /usr/include/boost/smart_ptr/make_shared_object.hpp:256:5:   required from ‘typename boost::detail::sp_if_not_array<T>::type boost::make_shared(Args&& ...) [with T = crocoddyl::StateMultibodyParamsTpl<double>; Args = {boost::shared_ptr<pinocchio::ModelTpl<double, 0, pinocchio::JointCollectionDefaultTpl> >, std::vector<long unsigned int, std::allocator<long unsigned int> >&}; typename boost::detail::sp_if_not_array<T>::type = boost::shared_ptr<crocoddyl::StateMultibodyParamsTpl<double> >]’
[6.507s] /home/jkang/third_party/PRIME/src/contact_id/problem/contact-anitescu-id.cpp:117:65:   required from here
[6.507s] /home/jkang/third_party/PRIME/include/crocoddyl/contact_id/states/multibody_params.hpp:131:40: warning: ‘crocoddyl::StateMultibodyParamsTpl<double>::joints_’ will be initialized after [-Wreorder]
[6.507s]   131 |     std::vector<pinocchio::JointIndex> joints_;   //!< Indices of the parameterized joints
[6.507s]       |                                        ^~~~~~~
[6.507s] /home/jkang/third_party/PRIME/include/crocoddyl/contact_id/states/multibody_params.hpp:124:17: warning:   ‘std::size_t crocoddyl::StateMultibodyParamsTpl<double>::nq_pin_’ [-Wreorder]
[6.507s]   124 |     std::size_t nq_pin_;
[6.507s]       |                 ^~~~~~~
[6.507s] In file included from /home/jkang/third_party/PRIME/include/crocoddyl/contact_id/states/multibody_params.hpp:139,
[6.507s]                  from /home/jkang/third_party/PRIME/include/crocoddyl/contact_id/actions/arrival-fwddyn-id.hpp:34,
[6.507s]                  from /home/jkang/third_party/PRIME/include/crocoddyl/contact_id/problem/contact-anitescu-id.hpp:32,
[6.507s]                  from /home/jkang/third_party/PRIME/src/contact_id/problem/contact-anitescu-id.cpp:16:
[6.508s] /home/jkang/third_party/PRIME/include/crocoddyl/contact_id/states/multibody_params.hxx:25:3: warning:   when initialized here [-Wreorder]
[6.508s]    25 |   StateMultibodyParamsTpl<Scalar>::StateMultibodyParamsTpl(
[6.508s]       |   ^~~~~~~~~~~~~~~~~~~~~~~~~~~~~~~
[6.508s] In file included from /home/jkang/third_party/PRIME/include/crocoddyl/contact_id/actions/arrival-fwddyn-id.hpp:34,
[6.508s]                  from /home/jkang/third_party/PRIME/include/crocoddyl/contact_id/problem/contact-anitescu-id.hpp:32,
[6.508s]                  from /home/jkang/third_party/PRIME/src/contact_id/problem/contact-anitescu-id.cpp:16:
[6.508s] /home/jkang/third_party/PRIME/include/crocoddyl/contact_id/states/multibody_params.hpp:129:39: warning: ‘crocoddyl::StateMultibodyParamsTpl<double>::pinocchio_’ will be initialized after [-Wreorder]
[6.508s]   129 |     boost::shared_ptr<PinocchioModel> pinocchio_; //!< Pinocchio model
[6.508s]       |                                       ^~~~~~~~~~
[6.508s] In file included from /home/jkang/third_party/PRIME/include/crocoddyl/contact_id/states/multibody_params.hpp:139,
[6.508s]                  from /home/jkang/third_party/PRIME/include/crocoddyl/contact_id/actions/arrival-fwddyn-id.hpp:34,
[6.508s]                  from /home/jkang/third_party/PRIME/include/crocoddyl/contact_id/problem/contact-anitescu-id.hpp:32,
[6.508s]                  from /home/jkang/third_party/PRIME/src/contact_id/problem/contact-anitescu-id.cpp:16:
[6.508s] /home/jkang/third_party/PRIME/include/crocoddyl/contact_id/states/multibody_params.hxx:33:75: warning:   base ‘crocoddyl::StateMultibodyBaseTpl<double>’ [-Wreorder]
[6.508s]    33 |         x0_(VectorXs::Zero(model->nq + model->nv + 2 * Joints.size() * 10))
[6.508s]       |                                                                           ^
[6.508s] /home/jkang/third_party/PRIME/include/crocoddyl/contact_id/states/multibody_params.hxx:25:3: warning:   when initialized here [-Wreorder]
[6.508s]    25 |   StateMultibodyParamsTpl<Scalar>::StateMultibodyParamsTpl(
[6.508s]       |   ^~~~~~~~~~~~~~~~~~~~~~~~~~~~~~~
[6.546s] In file included from /home/jkang/third_party/PRIME/include/crocoddyl/contact_id/problem/contact-anitescu-id.hpp:33,
[6.546s]                  from /home/jkang/third_party/PRIME/src/contact_id/problem/contact-anitescu-id.cpp:16:
[6.546s] /home/jkang/third_party/PRIME/include/crocoddyl/contact_id/actions/contact-fwddyn-anitescu-id.hxx: In instantiation of ‘crocoddyl::DifferentialActionModelContactFwdDynamicsAnitescuSystemidTpl<Scalar>::DifferentialActionModelContactFwdDynamicsAnitescuSystemidTpl(boost::shared_ptr<crocoddyl::StateMultibodyParamsTpl<_Scalar> >, boost::shared_ptr<crocoddyl::ActuationModelAbstractTpl<Scalar> >, boost::shared_ptr<crocoddyl::CostModelSumTpl<_Scalar> >, std::vector<std::__cxx11::basic_string<char> >, crocoddyl::DifferentialActionModelContactFwdDynamicsAnitescuSystemidTpl<Scalar>::Scalar, crocoddyl::DifferentialActionModelContactFwdDynamicsAnitescuSystemidTpl<Scalar>::Scalar, crocoddyl::DifferentialActionModelContactFwdDynamicsAnitescuSystemidTpl<Scalar>::Scalar, const string&) [with _Scalar = double; crocoddyl::DifferentialActionModelContactFwdDynamicsAnitescuSystemidTpl<Scalar>::Scalar = double; std::string = std::__cxx11::basic_string<char>]’:
[6.546s] /usr/include/boost/smart_ptr/make_shared_object.hpp:256:5:   required from ‘typename boost::detail::sp_if_not_array<T>::type boost::make_shared(Args&& ...) [with T = crocoddyl::DifferentialActionModelContactFwdDynamicsAnitescuSystemidTpl<double>; Args = {boost::shared_ptr<crocoddyl::StateMultibodyParamsTpl<double> >&, boost::shared_ptr<crocoddyl::ActuationModelFloatingBaseEstimationTpl<double> >&, boost::shared_ptr<crocoddyl::CostModelSumTpl<double> >&, std::vector<std::__cxx11::basic_string<char, std::char_traits<char>, std::allocator<char> >, std::allocator<std::__cxx11::basic_string<char, std::char_traits<char>, std::allocator<char> > > >&, double&, double&, double&, std::__cxx11::basic_string<char, std::char_traits<char>, std::allocator<char> >&}; typename boost::detail::sp_if_not_array<T>::type = boost::shared_ptr<crocoddyl::DifferentialActionModelContactFwdDynamicsAnitescuSystemidTpl<double> >]’
[6.546s] /home/jkang/third_party/PRIME/src/contact_id/problem/contact-anitescu-id.cpp:236:80:   required from here
[6.546s] /home/jkang/third_party/PRIME/include/crocoddyl/contact_id/actions/contact-fwddyn-anitescu-id.hpp:287:21: warning: ‘crocoddyl::DifferentialActionModelContactFwdDynamicsAnitescuSystemidTpl<double>::force_log_path_’ will be initialized after [-Wreorder]
[6.546s]   287 |         std::string force_log_path_;                            //!< Optional force CSV log path
[6.546s]       |                     ^~~~~~~~~~~~~~~
[6.546s] /home/jkang/third_party/PRIME/include/crocoddyl/contact_id/actions/contact-fwddyn-anitescu-id.hpp:276:49: warning:   ‘boost::shared_ptr<crocoddyl::StateMultibodyParamsTpl<double> > crocoddyl::DifferentialActionModelContactFwdDynamicsAnitescuSystemidTpl<double>::params_state_’ [-Wreorder]
[6.546s]   276 |         boost::shared_ptr<StateMultibodyParams> params_state_;
[6.546s]       |                                                 ^~~~~~~~~~~~~
[6.546s] In file included from /home/jkang/third_party/PRIME/include/crocoddyl/contact_id/actions/contact-fwddyn-anitescu-id.hpp:353,
[6.546s]                  from /home/jkang/third_party/PRIME/include/crocoddyl/contact_id/problem/contact-anitescu-id.hpp:33,
[6.546s]                  from /home/jkang/third_party/PRIME/src/contact_id/problem/contact-anitescu-id.cpp:16:
[6.546s] /home/jkang/third_party/PRIME/include/crocoddyl/contact_id/actions/contact-fwddyn-anitescu-id.hxx:65:3: warning:   when initialized here [-Wreorder]
[6.546s]    65 |   DifferentialActionModelContactFwdDynamicsAnitescuSystemidTpl<Scalar>::
[6.546s]       |   ^~~~~~~~~~~~~~~~~~~~~~~~~~~~~~~~~~~~~~~~~~~~~~~~~~~~~~~~~~~~~~~~~~~~
[19.765s] In file included from /home/jkang/third_party/PRIME/include/crocoddyl/contact_id/actions/arrival-fwddyn-id.hpp:318,
[19.765s]                  from /home/jkang/third_party/PRIME/include/crocoddyl/contact_id/problem/contact-anitescu-id.hpp:32,
[19.765s]                  from /home/jkang/third_party/PRIME/src/contact_id/problem/contact-anitescu-id.cpp:16:
[19.765s] /home/jkang/third_party/PRIME/include/crocoddyl/contact_id/actions/arrival-fwddyn-id.hxx: In instantiation of ‘void crocoddyl::ActionModelArrivalFwdDynamicsIDTpl<Scalar>::calc(const boost::shared_ptr<crocoddyl::ActionDataAbstractTpl<_Scalar> >&, const Eigen::Ref<const typename crocoddyl::MathBaseTpl<_Scalar>::VectorXs>&, const Eigen::Ref<const typename crocoddyl::MathBaseTpl<_Scalar>::VectorXs>&) [with _Scalar = double; typename Eigen::internal::conditional<const typename crocoddyl::MathBaseTpl<_Scalar>::VectorXs::IsVectorAtCompileTime, Eigen::InnerStride<1>, Eigen::OuterStride<> >::type = Eigen::InnerStride<1>; typename crocoddyl::MathBaseTpl<_Scalar>::VectorXs = Eigen::Matrix<double, -1, 1>]’:
[19.765s] /home/jkang/third_party/PRIME/include/crocoddyl/contact_id/actions/arrival-fwddyn-id.hxx:59:8:   required from here
[19.765s] /home/jkang/third_party/PRIME/include/crocoddyl/contact_id/actions/arrival-fwddyn-id.hxx:80:80: warning: variable ‘q’ set but not used [-Wunused-but-set-variable]
[19.765s]    80 |     const Eigen::VectorBlock<const Eigen::Ref<const VectorXs>, Eigen::Dynamic> q =
[19.765s]       |                                                                                ^
[19.765s] /home/jkang/third_party/PRIME/include/crocoddyl/contact_id/actions/arrival-fwddyn-id.hxx:82:80: warning: variable ‘v’ set but not used [-Wunused-but-set-variable]
[19.765s]    82 |     const Eigen::VectorBlock<const Eigen::Ref<const VectorXs>, Eigen::Dynamic> v =
[19.765s]       |                                                                                ^
[19.766s] /home/jkang/third_party/PRIME/include/crocoddyl/contact_id/actions/arrival-fwddyn-id.hxx: In instantiation of ‘void crocoddyl::ActionModelArrivalFwdDynamicsIDTpl<Scalar>::calcDiff(const boost::shared_ptr<crocoddyl::ActionDataAbstractTpl<_Scalar> >&, const Eigen::Ref<const typename crocoddyl::MathBaseTpl<_Scalar>::VectorXs>&, const Eigen::Ref<const typename crocoddyl::MathBaseTpl<_Scalar>::VectorXs>&) [with _Scalar = double; typename Eigen::internal::conditional<const typename crocoddyl::MathBaseTpl<_Scalar>::VectorXs::IsVectorAtCompileTime, Eigen::InnerStride<1>, Eigen::OuterStride<> >::type = Eigen::InnerStride<1>; typename crocoddyl::MathBaseTpl<_Scalar>::VectorXs = Eigen::Matrix<double, -1, 1>]’:
[19.766s] /home/jkang/third_party/PRIME/include/crocoddyl/contact_id/actions/arrival-fwddyn-id.hxx:116:8:   required from here
[19.766s] /home/jkang/third_party/PRIME/include/crocoddyl/contact_id/actions/arrival-fwddyn-id.hxx:136:80: warning: variable ‘q’ set but not used [-Wunused-but-set-variable]
[19.766s]   136 |     const Eigen::VectorBlock<const Eigen::Ref<const VectorXs>, Eigen::Dynamic> q =
[19.766s]       |                                                                                ^
[19.766s] /home/jkang/third_party/PRIME/include/crocoddyl/contact_id/actions/arrival-fwddyn-id.hxx:138:80: warning: variable ‘v’ set but not used [-Wunused-but-set-variable]
[19.766s]   138 |     const Eigen::VectorBlock<const Eigen::Ref<const VectorXs>, Eigen::Dynamic> v =
[19.766s]       |                                                                                ^
[19.771s] In file included from /home/jkang/third_party/PRIME/include/crocoddyl/contact_id/problem/contact-anitescu-id.hpp:35,
[19.771s]                  from /home/jkang/third_party/PRIME/src/contact_id/problem/contact-anitescu-id.cpp:16:
[19.771s] /home/jkang/third_party/PRIME/include/crocoddyl/contact_id/actuations/floating-base-id-arrivial.hpp: In instantiation of ‘boost::shared_ptr<crocoddyl::ActuationDataAbstractTpl<_Scalar> > crocoddyl::ActuationModelFloatingBaseArrivalIDTpl<Scalar>::createData() [with _Scalar = double]’:
[19.771s] /home/jkang/third_party/PRIME/include/crocoddyl/contact_id/actuations/floating-base-id-arrivial.hpp:150:37:   required from here
[19.772s] /home/jkang/third_party/PRIME/include/crocoddyl/contact_id/actuations/floating-base-id-arrivial.hpp:156:25: warning: unused variable ‘root_joint_id’ [-Wunused-variable]
[19.772s]   156 |       const std::size_t root_joint_id =
[19.772s]       |                         ^~~~~~~~~~~~~
[20.074s] In file included from /home/jkang/third_party/PRIME/include/crocoddyl/contact_id/actions/contact-fwddyn-anitescu-id.hpp:353,
[20.074s]                  from /home/jkang/third_party/PRIME/include/crocoddyl/contact_id/problem/contact-anitescu-id.hpp:33,
[20.074s]                  from /home/jkang/third_party/PRIME/src/contact_id/problem/contact-anitescu-id.cpp:16:
[20.074s] /home/jkang/third_party/PRIME/include/crocoddyl/contact_id/actions/contact-fwddyn-anitescu-id.hxx: In instantiation of ‘void crocoddyl::DifferentialActionModelContactFwdDynamicsAnitescuSystemidTpl<Scalar>::calc(const boost::shared_ptr<crocoddyl::DifferentialActionDataAbstractTpl<_Scalar> >&, const Eigen::Ref<const typename crocoddyl::MathBaseTpl<_Scalar>::VectorXs>&) [with _Scalar = double; typename Eigen::internal::conditional<const typename crocoddyl::MathBaseTpl<_Scalar>::VectorXs::IsVectorAtCompileTime, Eigen::InnerStride<1>, Eigen::OuterStride<> >::type = Eigen::InnerStride<1>; typename crocoddyl::MathBaseTpl<_Scalar>::VectorXs = Eigen::Matrix<double, -1, 1>]’:
[20.074s] /home/jkang/third_party/PRIME/include/crocoddyl/contact_id/actions/contact-fwddyn-anitescu-id.hxx:235:8:   required from here
[20.074s] /home/jkang/third_party/PRIME/include/crocoddyl/contact_id/actions/contact-fwddyn-anitescu-id.hxx:251:80: warning: variable ‘p’ set but not used [-Wunused-but-set-variable]
[20.074s]   251 |     const Eigen::VectorBlock<const Eigen::Ref<const VectorXs>, Eigen::Dynamic> p =
[20.074s]       |                                                                                ^
[20.173s] /home/jkang/third_party/PRIME/include/crocoddyl/contact_id/actions/contact-fwddyn-anitescu-id.hxx: In instantiation of ‘void crocoddyl::DifferentialActionModelContactFwdDynamicsAnitescuSystemidTpl<Scalar>::calcDiff(const boost::shared_ptr<crocoddyl::DifferentialActionDataAbstractTpl<_Scalar> >&, const Eigen::Ref<const typename crocoddyl::MathBaseTpl<_Scalar>::VectorXs>&, const Eigen::Ref<const typename crocoddyl::MathBaseTpl<_Scalar>::VectorXs>&) [with _Scalar = double; typename Eigen::internal::conditional<const typename crocoddyl::MathBaseTpl<_Scalar>::VectorXs::IsVectorAtCompileTime, Eigen::InnerStride<1>, Eigen::OuterStride<> >::type = Eigen::InnerStride<1>; typename crocoddyl::MathBaseTpl<_Scalar>::VectorXs = Eigen::Matrix<double, -1, 1>]’:
[20.173s] /home/jkang/third_party/PRIME/include/crocoddyl/contact_id/actions/contact-fwddyn-anitescu-id.hxx:266:8:   required from here
[20.173s] /home/jkang/third_party/PRIME/include/crocoddyl/contact_id/actions/contact-fwddyn-anitescu-id.hxx:288:80: warning: variable ‘v’ set but not used [-Wunused-but-set-variable]
[20.173s]   288 |     const Eigen::VectorBlock<const Eigen::Ref<const VectorXs>, Eigen::Dynamic> v =
[20.173s]       |                                                                                ^
[20.173s] /home/jkang/third_party/PRIME/include/crocoddyl/contact_id/actions/contact-fwddyn-anitescu-id.hxx:290:80: warning: variable ‘p’ set but not used [-Wunused-but-set-variable]
[20.173s]   290 |     const Eigen::VectorBlock<const Eigen::Ref<const VectorXs>, Eigen::Dynamic> p =
[20.173s]       |                                                                                ^
[85.085s] [ 80%] Linking CXX shared library libcrocoddyl.so
[85.091s] /usr/bin/c++ -fPIC -pedantic -Wno-long-long -Wall -Wextra -Wcast-align -Wcast-qual -Wformat -Wwrite-strings -Wconversion  -O3 -DNDEBUG -shared -Wl,-soname,libcrocoddyl.so -o libcrocoddyl.so CMakeFiles/crocoddyl.dir/src/contact_id/problem/contact-anitescu-id.cpp.o CMakeFiles/crocoddyl.dir/src/core/solver-base.cpp.o CMakeFiles/crocoddyl.dir/src/core/solvers/box-ddp.cpp.o CMakeFiles/crocoddyl.dir/src/core/solvers/box-fddp.cpp.o CMakeFiles/crocoddyl.dir/src/core/solvers/box-qp.cpp.o CMakeFiles/crocoddyl.dir/src/core/solvers/ddp.cpp.o CMakeFiles/crocoddyl.dir/src/core/solvers/fddp.cpp.o CMakeFiles/crocoddyl.dir/src/core/solvers/intro.cpp.o CMakeFiles/crocoddyl.dir/src/core/solvers/kkt.cpp.o CMakeFiles/crocoddyl.dir/src/core/utils/callbacks.cpp.o CMakeFiles/crocoddyl.dir/src/core/utils/exception.cpp.o CMakeFiles/crocoddyl.dir/src/core/utils/stop-watch.cpp.o CMakeFiles/crocoddyl.dir/src/multibody/utils/contact-anitescu-id.cpp.o CMakeFiles/crocoddyl.dir/src/multibody/utils/quadruped-anitescu-id.cpp.o CMakeFiles/crocoddyl.dir/src/multibody/utils/quadruped-gaits.cpp.o  -Wl,-rpath,/opt/openrobots/lib: /usr/lib/x86_64-linux-gnu/libboost_filesystem.so /usr/lib/x86_64-linux-gnu/libboost_system.so /usr/lib/x86_64-linux-gnu/libboost_serialization.so /opt/openrobots/lib/libpinocchio_parsers.so.3.4.0 /usr/lib/x86_64-linux-gnu/liburdfdom_sensor.so /usr/lib/x86_64-linux-gnu/liburdfdom_model_state.so /usr/lib/x86_64-linux-gnu/liburdfdom_model.so /usr/lib/x86_64-linux-gnu/liburdfdom_world.so /usr/lib/x86_64-linux-gnu/libconsole_bridge.so.1.0 /opt/openrobots/lib/libpinocchio_collision.so.3.4.0 /opt/openrobots/lib/libpinocchio_default.so.3.4.0 /opt/openrobots/lib/libcoal.so.3.0.1 /usr/lib/x86_64-linux-gnu/libboost_filesystem.so /usr/lib/x86_64-linux-gnu/libboost_serialization.so /usr/lib/x86_64-linux-gnu/libboost_chrono.so /usr/lib/x86_64-linux-gnu/liboctomap.so /usr/lib/x86_64-linux-gnu/liboctomath.so /usr/lib/gcc/x86_64-linux-gnu/11/libgomp.so /usr/lib/x86_64-linux-gnu/libpthread.a 
[85.194s] [ 80%] Built target crocoddyl
[85.209s] Consolidate compiler generated dependencies of target prime_csv_replay_node
[85.209s] Consolidate compiler generated dependencies of target prime_moving_window_node
[85.225s] [ 90%] Building CXX object CMakeFiles/prime_csv_replay_node.dir/src/prime_csv_replay_node.cpp.o
[85.225s] [ 90%] Building CXX object CMakeFiles/prime_moving_window_node.dir/src/prime_moving_window_node.cpp.o
[87.749s] In file included from /opt/openrobots/include/hpp/fcl/config.hh:1,
[87.749s]                  from /opt/openrobots/include/pinocchio/serialization/eigen.hpp:20,
[87.749s]                  from /opt/openrobots/include/pinocchio/serialization/fwd.hpp:11,
[87.749s]                  from /opt/openrobots/include/pinocchio/multibody/joint/joint-composite.hpp:14,
[87.749s]                  from /opt/openrobots/include/pinocchio/multibody/joint/joint-generic.hpp:9,
[87.749s]                  from /opt/openrobots/include/pinocchio/multibody/model.hpp:17,
[87.749s]                  from /home/jkang/third_party/PRIME/include/crocoddyl/contact_id/config/contact-id-config.hpp:28,
[87.749s]                  from /home/jkang/third_party/PRIME_ros/src/prime_contact_id_ros/src/prime_csv_replay_node.cpp:20:
[87.749s] /opt/openrobots/include/hpp/fcl/coal.hpp:10:71: note: ‘#pragma message: Please update your includes from 'hpp/fcl' to 'coal'’
[87.749s]    10 | #pragma message("Please update your includes from 'hpp/fcl' to 'coal'")
[87.749s]       |                                                                       ^
[87.886s] In file included from /opt/openrobots/include/hpp/fcl/config.hh:1,
[87.886s]                  from /opt/openrobots/include/pinocchio/serialization/eigen.hpp:20,
[87.886s]                  from /opt/openrobots/include/pinocchio/serialization/fwd.hpp:11,
[87.886s]                  from /opt/openrobots/include/pinocchio/multibody/joint/joint-composite.hpp:14,
[87.886s]                  from /opt/openrobots/include/pinocchio/multibody/joint/joint-generic.hpp:9,
[87.886s]                  from /opt/openrobots/include/pinocchio/multibody/model.hpp:17,
[87.886s]                  from /home/jkang/third_party/PRIME/include/crocoddyl/contact_id/config/contact-id-config.hpp:28,
[87.886s]                  from /home/jkang/third_party/PRIME_ros/src/prime_contact_id_ros/src/prime_moving_window_node.cpp:36:
[87.886s] /opt/openrobots/include/hpp/fcl/coal.hpp:10:71: note: ‘#pragma message: Please update your includes from 'hpp/fcl' to 'coal'’
[87.886s]    10 | #pragma message("Please update your includes from 'hpp/fcl' to 'coal'")
[87.886s]       |                                                                       ^
[95.910s] [ 95%] Linking CXX executable prime_csv_replay_node
[96.015s] [ 95%] Built target prime_csv_replay_node
[118.522s] [100%] Linking CXX executable prime_moving_window_node
[118.685s] [100%] Built target prime_moving_window_node
[118.695s] Invoked command in '/home/jkang/third_party/PRIME_ros/build/prime_contact_id_ros' returned '0': CMAKE_PREFIX_PATH=${CMAKE_PREFIX_PATH}:/opt/ros/humble /usr/bin/cmake --build /home/jkang/third_party/PRIME_ros/build/prime_contact_id_ros -- -j32 -l32
[118.701s] Invoking command in '/home/jkang/third_party/PRIME_ros/build/prime_contact_id_ros': CMAKE_PREFIX_PATH=${CMAKE_PREFIX_PATH}:/opt/ros/humble /usr/bin/cmake --install /home/jkang/third_party/PRIME_ros/build/prime_contact_id_ros
[118.706s] -- Install configuration: "Release"
[118.707s] -- Execute custom install script
[118.707s] -- Up-to-date symlink: /home/jkang/third_party/PRIME_ros/install/prime_contact_id_ros/lib/prime_contact_id_ros/prime_moving_window_node
[118.707s] -- Up-to-date symlink: /home/jkang/third_party/PRIME_ros/install/prime_contact_id_ros/lib/prime_contact_id_ros/prime_csv_replay_node
[118.707s] -- Up-to-date symlink: /home/jkang/third_party/PRIME_ros/install/prime_contact_id_ros/share/prime_contact_id_ros/launch/csv_replay.launch.py
[118.707s] -- Up-to-date symlink: /home/jkang/third_party/PRIME_ros/install/prime_contact_id_ros/share/prime_contact_id_ros/launch/prime_moving_window.launch.py
[118.708s] -- Up-to-date symlink: /home/jkang/third_party/PRIME_ros/install/prime_contact_id_ros/share/ament_index/resource_index/package_run_dependencies/prime_contact_id_ros
[118.708s] -- Up-to-date symlink: /home/jkang/third_party/PRIME_ros/install/prime_contact_id_ros/share/ament_index/resource_index/parent_prefix_path/prime_contact_id_ros
[118.708s] -- Up-to-date symlink: /home/jkang/third_party/PRIME_ros/install/prime_contact_id_ros/share/prime_contact_id_ros/environment/ament_prefix_path.sh
[118.708s] -- Up-to-date symlink: /home/jkang/third_party/PRIME_ros/install/prime_contact_id_ros/share/prime_contact_id_ros/environment/ament_prefix_path.dsv
[118.708s] -- Up-to-date symlink: /home/jkang/third_party/PRIME_ros/install/prime_contact_id_ros/share/prime_contact_id_ros/environment/path.sh
[118.708s] -- Up-to-date symlink: /home/jkang/third_party/PRIME_ros/install/prime_contact_id_ros/share/prime_contact_id_ros/environment/path.dsv
[118.708s] -- Up-to-date symlink: /home/jkang/third_party/PRIME_ros/install/prime_contact_id_ros/share/prime_contact_id_ros/local_setup.bash
[118.708s] -- Up-to-date symlink: /home/jkang/third_party/PRIME_ros/install/prime_contact_id_ros/share/prime_contact_id_ros/local_setup.sh
[118.708s] -- Up-to-date symlink: /home/jkang/third_party/PRIME_ros/install/prime_contact_id_ros/share/prime_contact_id_ros/local_setup.zsh
[118.708s] -- Up-to-date symlink: /home/jkang/third_party/PRIME_ros/install/prime_contact_id_ros/share/prime_contact_id_ros/local_setup.dsv
[118.709s] -- Symlinking: /home/jkang/third_party/PRIME_ros/install/prime_contact_id_ros/share/prime_contact_id_ros/package.dsv
[118.712s] -- Symlinking: /home/jkang/third_party/PRIME_ros/install/prime_contact_id_ros/share/ament_index/resource_index/packages/prime_contact_id_ros
[118.717s] -- Up-to-date symlink: /home/jkang/third_party/PRIME_ros/install/prime_contact_id_ros/share/prime_contact_id_ros/cmake/prime_contact_id_rosConfig.cmake
[118.717s] -- Up-to-date symlink: /home/jkang/third_party/PRIME_ros/install/prime_contact_id_ros/share/prime_contact_id_ros/cmake/prime_contact_id_rosConfig-version.cmake
[118.717s] -- Up-to-date symlink: /home/jkang/third_party/PRIME_ros/install/prime_contact_id_ros/share/prime_contact_id_ros/package.xml
[118.717s] -- Symlinking: /home/jkang/third_party/PRIME_ros/install/prime_contact_id_ros/share/ament_index/resource_index/packages/prime_contact_id_ros
[118.721s] -- Up-to-date symlink: /home/jkang/third_party/PRIME_ros/install/prime_contact_id_ros/share/prime_contact_id_ros/hook/ament_prefix_path.dsv
[118.721s] -- Up-to-date symlink: /home/jkang/third_party/PRIME_ros/install/prime_contact_id_ros/share/prime_contact_id_ros/hook/python_path.dsv
[118.721s] -- Up-to-date: /home/jkang/third_party/PRIME_ros/install/prime_contact_id_ros/lib/pkgconfig/crocoddyl.pc
[118.722s] Invoked command in '/home/jkang/third_party/PRIME_ros/build/prime_contact_id_ros' returned '0': CMAKE_PREFIX_PATH=${CMAKE_PREFIX_PATH}:/opt/ros/humble /usr/bin/cmake --install /home/jkang/third_party/PRIME_ros/build/prime_contact_id_ros
