[0.006s] Invoking command in '/home/jkang/third_party/PRIME_ros/build/prime_contact_id_ros': CMAKE_PREFIX_PATH=${CMAKE_PREFIX_PATH}:/opt/ros/humble /usr/bin/cmake --build /home/jkang/third_party/PRIME_ros/build/prime_contact_id_ros -- -j32 -l32
[0.020s] -- Found ament_cmake: 1.3.11 (/opt/ros/humble/share/ament_cmake/cmake)
[0.094s] -- Override CMake install command with custom implementation using symlinks instead of copying resources
[0.099s] -- Found rclcpp: 16.0.12 (/opt/ros/humble/share/rclcpp/cmake)
[0.113s] -- Found rosidl_generator_c: 3.1.6 (/opt/ros/humble/share/rosidl_generator_c/cmake)
[0.114s] -- Found rosidl_adapter: 3.1.6 (/opt/ros/humble/share/rosidl_adapter/cmake)
[0.116s] -- Found rosidl_generator_cpp: 3.1.6 (/opt/ros/humble/share/rosidl_generator_cpp/cmake)
[0.121s] -- Using all available rosidl_typesupport_c: rosidl_typesupport_fastrtps_c;rosidl_typesupport_introspection_c
[0.126s] -- Using all available rosidl_typesupport_cpp: rosidl_typesupport_fastrtps_cpp;rosidl_typesupport_introspection_cpp
[0.141s] -- Found rmw_implementation_cmake: 6.1.2 (/opt/ros/humble/share/rmw_implementation_cmake/cmake)
[0.141s] -- Found rmw_fastrtps_cpp: 6.2.7 (/opt/ros/humble/share/rmw_fastrtps_cpp/cmake)
[0.208s] -- Using RMW implementation 'rmw_fastrtps_cpp' as default
[0.231s] -- Found sensor_msgs: 4.9.0 (/opt/ros/humble/share/sensor_msgs/cmake)
[0.244s] -- Found nav_msgs: 4.9.0 (/opt/ros/humble/share/nav_msgs/cmake)
[0.251s] -- Found diagnostic_msgs: 4.9.0 (/opt/ros/humble/share/diagnostic_msgs/cmake)
[0.257s] CMake Warning at /opt/openrobots/lib/cmake/hpp-fcl/hpp-fclConfig.cmake:3 (message):
[0.257s]   Please update your CMake from 'hpp-fcl' to 'coal'
[0.257s] Call Stack (most recent call first):
[0.257s]   CMakeLists.txt:13 (find_package)
[0.257s] 
[0.257s] 
[0.257s] -- coal FOUND. coal at /opt/openrobots/lib/libcoal.so
[0.262s] -- Found Boost: /usr/include (found version "1.74.0") found components: chrono thread date_time serialization filesystem atomic 
[0.412s] -- Default C++ standard: 201703
[0.413s] -- C++ standard sufficient: Minimal required 14, currently defined: 17
[0.414s] -- JRL cmakemodules found in 'cmake/' git submodule
[0.416s] -- Configuring "crocoddyl" (https://github.com/loco-3d/crocoddyl)
[0.416s] -- Package version (ROS package.xml): 0.1.0
[0.416s] -- Contact RObot COntrol by Differential DYnamic programming Library (Crocoddyl), version 0.1.0
[0.416s] -- Copyright (C) 2018-2024 CNRS-LAAS, University of Edinburgh, INRIA
[0.416s] --                         Heriot-Watt University
[0.417s] -- All rights reserved.
[0.417s] -- Released under the BSD 3-Clause License.
[0.428s] -- Could NOT find Doxygen (missing: DOXYGEN_EXECUTABLE) 
[0.428s] -- Failed to find Doxygen, documentation will not be generated.
[0.428s] -- C++ standard sufficient: Minimal required 14, currently defined: 17
[0.429s] -- pinocchio_default FOUND. pinocchio_default at /opt/openrobots/lib/libpinocchio_default.so
[0.429s] -- pinocchio_parsers FOUND. pinocchio_parsers at /opt/openrobots/lib/libpinocchio_parsers.so
[0.429s] -- pinocchio_casadi FOUND. pinocchio_casadi at /opt/openrobots/lib/libpinocchio_casadi.so
[0.431s] -- boost_filesystem FOUND. boost_filesystem at /usr/lib/x86_64-linux-gnu/libboost_filesystem.so
[0.431s] -- boost_serialization FOUND. boost_serialization at /usr/lib/x86_64-linux-gnu/libboost_serialization.so
[0.432s] -- boost_system FOUND. boost_system at /usr/lib/x86_64-linux-gnu/libboost_system.so
[0.437s] -- Found Boost: /usr/include (found version "1.74.0") found components: filesystem serialization system 
[0.437s] CMake Warning at /opt/openrobots/lib/cmake/hpp-fcl/hpp-fclConfig.cmake:3 (message):
[0.437s]   Please update your CMake from 'hpp-fcl' to 'coal'
[0.437s] Call Stack (most recent call first):
[0.437s]   /usr/share/cmake-3.22/Modules/CMakeFindDependencyMacro.cmake:47 (find_package)
[0.437s]   /opt/openrobots/lib/cmake/pinocchio/pinocchioConfig.cmake:161 (find_dependency)
[0.437s]   /home/jkang/third_party/PRIME/cmake/package-config.cmake:133 (find_package)
[0.437s]   /home/jkang/third_party/PRIME/CMakeLists.txt:107 (add_project_dependency)
[0.437s] 
[0.437s] 
[0.437s] -- C++ standard sufficient: Minimal required 14, currently defined: 17
[0.438s] -- example-robot-data is optional.
[0.438s] -- Checking for module 'example-robot-data'
[0.447s] --   Found example-robot-data, version 4.2.0
[0.475s] -- Pkg-config module example-robot-data v4.2.0 has been detected with success.
[0.475s] -- scipy is optional.
[0.475s] -- Checking for module 'scipy'
[0.476s] --   No package 'scipy' found
[0.492s] -- Found Boost: /usr/include (found suitable version "1.74.0", minimum required is "1.65") found components: filesystem serialization system 
[0.496s] -- Found Boost: /usr/include (found suitable version "1.74.0", minimum required is "1.65") found components: unit_test_framework 
[0.543s] -- Create files for AMENT (ROS 2)
[0.543s] -- Configuring done
[0.559s] -- Generating done
[0.566s] -- Build files have been written to: /home/jkang/third_party/PRIME_ros/build/prime_contact_id_ros
[0.607s] Consolidate compiler generated dependencies of target crocoddyl
[0.624s] [ 80%] Built target crocoddyl
[0.641s] Consolidate compiler generated dependencies of target prime_moving_window_node
[0.642s] Consolidate compiler generated dependencies of target prime_csv_replay_node
[0.654s] [ 85%] Building CXX object CMakeFiles/prime_moving_window_node.dir/src/prime_moving_window_node.cpp.o
[0.660s] [ 90%] Building CXX object CMakeFiles/prime_csv_replay_node.dir/src/prime_csv_replay_node.cpp.o
[3.191s] In file included from /opt/openrobots/include/hpp/fcl/config.hh:1,
[3.191s]                  from /opt/openrobots/include/pinocchio/serialization/eigen.hpp:20,
[3.191s]                  from /opt/openrobots/include/pinocchio/serialization/fwd.hpp:11,
[3.191s]                  from /opt/openrobots/include/pinocchio/multibody/joint/joint-composite.hpp:14,
[3.191s]                  from /opt/openrobots/include/pinocchio/multibody/joint/joint-generic.hpp:9,
[3.191s]                  from /opt/openrobots/include/pinocchio/multibody/model.hpp:17,
[3.191s]                  from /home/jkang/third_party/PRIME/include/crocoddyl/contact_id/config/contact-id-config.hpp:28,
[3.191s]                  from /home/jkang/third_party/PRIME_ros/src/prime_contact_id_ros/src/prime_csv_replay_node.cpp:20:
[3.191s] /opt/openrobots/include/hpp/fcl/coal.hpp:10:71: note: ‘#pragma message: Please update your includes from 'hpp/fcl' to 'coal'’
[3.191s]    10 | #pragma message("Please update your includes from 'hpp/fcl' to 'coal'")
[3.191s]       |                                                                       ^
[3.311s] In file included from /opt/openrobots/include/hpp/fcl/config.hh:1,
[3.311s]                  from /opt/openrobots/include/pinocchio/serialization/eigen.hpp:20,
[3.311s]                  from /opt/openrobots/include/pinocchio/serialization/fwd.hpp:11,
[3.311s]                  from /opt/openrobots/include/pinocchio/multibody/joint/joint-composite.hpp:14,
[3.311s]                  from /opt/openrobots/include/pinocchio/multibody/joint/joint-generic.hpp:9,
[3.311s]                  from /opt/openrobots/include/pinocchio/multibody/model.hpp:17,
[3.311s]                  from /home/jkang/third_party/PRIME/include/crocoddyl/contact_id/config/contact-id-config.hpp:28,
[3.311s]                  from /home/jkang/third_party/PRIME_ros/src/prime_contact_id_ros/src/prime_moving_window_node.cpp:36:
[3.311s] /opt/openrobots/include/hpp/fcl/coal.hpp:10:71: note: ‘#pragma message: Please update your includes from 'hpp/fcl' to 'coal'’
[3.311s]    10 | #pragma message("Please update your includes from 'hpp/fcl' to 'coal'")
[3.312s]       |                                                                       ^
[11.402s] [ 95%] Linking CXX executable prime_csv_replay_node
[11.514s] [ 95%] Built target prime_csv_replay_node
[33.932s] [100%] Linking CXX executable prime_moving_window_node
[34.090s] [100%] Built target prime_moving_window_node
[34.100s] Invoked command in '/home/jkang/third_party/PRIME_ros/build/prime_contact_id_ros' returned '0': CMAKE_PREFIX_PATH=${CMAKE_PREFIX_PATH}:/opt/ros/humble /usr/bin/cmake --build /home/jkang/third_party/PRIME_ros/build/prime_contact_id_ros -- -j32 -l32
[34.106s] Invoking command in '/home/jkang/third_party/PRIME_ros/build/prime_contact_id_ros': CMAKE_PREFIX_PATH=${CMAKE_PREFIX_PATH}:/opt/ros/humble /usr/bin/cmake --install /home/jkang/third_party/PRIME_ros/build/prime_contact_id_ros
[34.111s] -- Install configuration: "Release"
[34.111s] -- Execute custom install script
[34.111s] -- Up-to-date symlink: /home/jkang/third_party/PRIME_ros/install/prime_contact_id_ros/lib/prime_contact_id_ros/prime_moving_window_node
[34.111s] -- Up-to-date symlink: /home/jkang/third_party/PRIME_ros/install/prime_contact_id_ros/lib/prime_contact_id_ros/prime_csv_replay_node
[34.111s] -- Up-to-date symlink: /home/jkang/third_party/PRIME_ros/install/prime_contact_id_ros/share/prime_contact_id_ros/launch/csv_replay.launch.py
[34.111s] -- Up-to-date symlink: /home/jkang/third_party/PRIME_ros/install/prime_contact_id_ros/share/prime_contact_id_ros/launch/prime_moving_window.launch.py
[34.112s] -- Up-to-date symlink: /home/jkang/third_party/PRIME_ros/install/prime_contact_id_ros/share/ament_index/resource_index/package_run_dependencies/prime_contact_id_ros
[34.112s] -- Up-to-date symlink: /home/jkang/third_party/PRIME_ros/install/prime_contact_id_ros/share/ament_index/resource_index/parent_prefix_path/prime_contact_id_ros
[34.112s] -- Up-to-date symlink: /home/jkang/third_party/PRIME_ros/install/prime_contact_id_ros/share/prime_contact_id_ros/environment/ament_prefix_path.sh
[34.112s] -- Up-to-date symlink: /home/jkang/third_party/PRIME_ros/install/prime_contact_id_ros/share/prime_contact_id_ros/environment/ament_prefix_path.dsv
[34.112s] -- Up-to-date symlink: /home/jkang/third_party/PRIME_ros/install/prime_contact_id_ros/share/prime_contact_id_ros/environment/path.sh
[34.112s] -- Up-to-date symlink: /home/jkang/third_party/PRIME_ros/install/prime_contact_id_ros/share/prime_contact_id_ros/environment/path.dsv
[34.112s] -- Up-to-date symlink: /home/jkang/third_party/PRIME_ros/install/prime_contact_id_ros/share/prime_contact_id_ros/local_setup.bash
[34.112s] -- Up-to-date symlink: /home/jkang/third_party/PRIME_ros/install/prime_contact_id_ros/share/prime_contact_id_ros/local_setup.sh
[34.112s] -- Up-to-date symlink: /home/jkang/third_party/PRIME_ros/install/prime_contact_id_ros/share/prime_contact_id_ros/local_setup.zsh
[34.112s] -- Up-to-date symlink: /home/jkang/third_party/PRIME_ros/install/prime_contact_id_ros/share/prime_contact_id_ros/local_setup.dsv
[34.112s] -- Symlinking: /home/jkang/third_party/PRIME_ros/install/prime_contact_id_ros/share/prime_contact_id_ros/package.dsv
[34.116s] -- Symlinking: /home/jkang/third_party/PRIME_ros/install/prime_contact_id_ros/share/ament_index/resource_index/packages/prime_contact_id_ros
[34.122s] -- Up-to-date symlink: /home/jkang/third_party/PRIME_ros/install/prime_contact_id_ros/share/prime_contact_id_ros/cmake/prime_contact_id_rosConfig.cmake
[34.122s] -- Up-to-date symlink: /home/jkang/third_party/PRIME_ros/install/prime_contact_id_ros/share/prime_contact_id_ros/cmake/prime_contact_id_rosConfig-version.cmake
[34.122s] -- Up-to-date symlink: /home/jkang/third_party/PRIME_ros/install/prime_contact_id_ros/share/prime_contact_id_ros/package.xml
[34.122s] -- Symlinking: /home/jkang/third_party/PRIME_ros/install/prime_contact_id_ros/share/ament_index/resource_index/packages/prime_contact_id_ros
[34.128s] -- Up-to-date symlink: /home/jkang/third_party/PRIME_ros/install/prime_contact_id_ros/share/prime_contact_id_ros/hook/ament_prefix_path.dsv
[34.128s] -- Up-to-date symlink: /home/jkang/third_party/PRIME_ros/install/prime_contact_id_ros/share/prime_contact_id_ros/hook/python_path.dsv
[34.128s] -- Up-to-date: /home/jkang/third_party/PRIME_ros/install/prime_contact_id_ros/lib/pkgconfig/crocoddyl.pc
[34.129s] Invoked command in '/home/jkang/third_party/PRIME_ros/build/prime_contact_id_ros' returned '0': CMAKE_PREFIX_PATH=${CMAKE_PREFIX_PATH}:/opt/ros/humble /usr/bin/cmake --install /home/jkang/third_party/PRIME_ros/build/prime_contact_id_ros
