[0.005s] Invoking command in '/home/jkang/third_party/PRIME_ros/build/prime_contact_id_ros': CMAKE_PREFIX_PATH=${CMAKE_PREFIX_PATH}:/opt/ros/humble /usr/bin/cmake /home/jkang/third_party/PRIME_ros/src/prime_contact_id_ros -DPRIME_ROS_ENABLE_MULTITHREADS=ON -DPRIME_ROS_NTHREADS=8 -DAMENT_CMAKE_SYMLINK_INSTALL=1 -DCMAKE_INSTALL_PREFIX=/home/jkang/third_party/PRIME_ros/install/prime_contact_id_ros
[0.012s] -- Found ament_cmake: 1.3.11 (/opt/ros/humble/share/ament_cmake/cmake)
[0.076s] -- Override CMake install command with custom implementation using symlinks instead of copying resources
[0.079s] -- Found rclcpp: 16.0.12 (/opt/ros/humble/share/rclcpp/cmake)
[0.093s] -- Found rosidl_generator_c: 3.1.6 (/opt/ros/humble/share/rosidl_generator_c/cmake)
[0.094s] -- Found rosidl_adapter: 3.1.6 (/opt/ros/humble/share/rosidl_adapter/cmake)
[0.097s] -- Found rosidl_generator_cpp: 3.1.6 (/opt/ros/humble/share/rosidl_generator_cpp/cmake)
[0.101s] -- Using all available rosidl_typesupport_c: rosidl_typesupport_fastrtps_c;rosidl_typesupport_introspection_c
[0.107s] -- Using all available rosidl_typesupport_cpp: rosidl_typesupport_fastrtps_cpp;rosidl_typesupport_introspection_cpp
[0.122s] -- Found rmw_implementation_cmake: 6.1.2 (/opt/ros/humble/share/rmw_implementation_cmake/cmake)
[0.122s] -- Found rmw_fastrtps_cpp: 6.2.7 (/opt/ros/humble/share/rmw_fastrtps_cpp/cmake)
[0.176s] -- Using RMW implementation 'rmw_fastrtps_cpp' as default
[0.198s] -- Found sensor_msgs: 4.9.0 (/opt/ros/humble/share/sensor_msgs/cmake)
[0.212s] -- Found nav_msgs: 4.9.0 (/opt/ros/humble/share/nav_msgs/cmake)
[0.219s] -- Found diagnostic_msgs: 4.9.0 (/opt/ros/humble/share/diagnostic_msgs/cmake)
[0.225s] CMake Warning at /opt/openrobots/lib/cmake/hpp-fcl/hpp-fclConfig.cmake:3 (message):
[0.225s]   Please update your CMake from 'hpp-fcl' to 'coal'
[0.225s] Call Stack (most recent call first):
[0.225s]   CMakeLists.txt:13 (find_package)
[0.225s] 
[0.225s] 
[0.225s] -- coal FOUND. coal at /opt/openrobots/lib/libcoal.so
[0.230s] -- Found Boost: /usr/include (found version "1.74.0") found components: chrono thread date_time serialization filesystem atomic 
[0.381s] -- Default C++ standard: 201703
[0.382s] -- C++ standard sufficient: Minimal required 14, currently defined: 17
[0.383s] -- JRL cmakemodules found in 'cmake/' git submodule
[0.386s] -- Configuring "crocoddyl" (https://github.com/loco-3d/crocoddyl)
[0.386s] -- Package version (ROS package.xml): 0.1.0
[0.386s] -- Contact RObot COntrol by Differential DYnamic programming Library (Crocoddyl), version 0.1.0
[0.386s] -- Copyright (C) 2018-2024 CNRS-LAAS, University of Edinburgh, INRIA
[0.386s] --                         Heriot-Watt University
[0.387s] -- All rights reserved.
[0.387s] -- Released under the BSD 3-Clause License.
[0.396s] -- Could NOT find Doxygen (missing: DOXYGEN_EXECUTABLE) 
[0.396s] -- Failed to find Doxygen, documentation will not be generated.
[0.396s] -- C++ standard sufficient: Minimal required 14, currently defined: 17
[0.397s] -- pinocchio_default FOUND. pinocchio_default at /opt/openrobots/lib/libpinocchio_default.so
[0.397s] -- pinocchio_parsers FOUND. pinocchio_parsers at /opt/openrobots/lib/libpinocchio_parsers.so
[0.397s] -- pinocchio_casadi FOUND. pinocchio_casadi at /opt/openrobots/lib/libpinocchio_casadi.so
[0.397s] -- boost_filesystem FOUND. boost_filesystem at /usr/lib/x86_64-linux-gnu/libboost_filesystem.so
[0.398s] -- boost_serialization FOUND. boost_serialization at /usr/lib/x86_64-linux-gnu/libboost_serialization.so
[0.398s] -- boost_system FOUND. boost_system at /usr/lib/x86_64-linux-gnu/libboost_system.so
[0.403s] -- Found Boost: /usr/include (found version "1.74.0") found components: filesystem serialization system 
[0.403s] CMake Warning at /opt/openrobots/lib/cmake/hpp-fcl/hpp-fclConfig.cmake:3 (message):
[0.403s]   Please update your CMake from 'hpp-fcl' to 'coal'
[0.404s] Call Stack (most recent call first):
[0.404s]   /usr/share/cmake-3.22/Modules/CMakeFindDependencyMacro.cmake:47 (find_package)
[0.404s]   /opt/openrobots/lib/cmake/pinocchio/pinocchioConfig.cmake:161 (find_dependency)
[0.404s]   /home/jkang/third_party/PRIME/cmake/package-config.cmake:133 (find_package)
[0.404s]   /home/jkang/third_party/PRIME/CMakeLists.txt:107 (add_project_dependency)
[0.404s] 
[0.404s] 
[0.404s] -- C++ standard sufficient: Minimal required 14, currently defined: 17
[0.404s] -- example-robot-data is optional.
[0.404s] -- Checking for module 'example-robot-data'
[0.412s] --   Found example-robot-data, version 4.2.0
[0.440s] -- Pkg-config module example-robot-data v4.2.0 has been detected with success.
[0.440s] -- scipy is optional.
[0.440s] -- Checking for module 'scipy'
[0.442s] --   No package 'scipy' found
[0.449s] CMake Error at /home/jkang/third_party/PRIME/CMakeLists.txt:146 (string):
[0.449s]   string sub-command REGEX, mode MATCH needs at least 5 arguments total to
[0.449s]   command.
[0.449s] 
[0.449s] 
[0.449s] CMake Warning at /home/jkang/third_party/PRIME/CMakeLists.txt:149 (message):
[0.449s]   The number of threads has to be an integer value, set to 4
[0.449s] 
[0.449s] 
[0.596s] -- Found OpenMP_CXX: -fopenmp (found version "4.5") 
[0.597s] -- Found OpenMP: TRUE (found version "4.5") found components: CXX 
[0.601s] -- Found Boost: /usr/include (found suitable version "1.74.0", minimum required is "1.65") found components: filesystem serialization system 
[0.604s] -- Found Boost: /usr/include (found suitable version "1.74.0", minimum required is "1.65") found components: unit_test_framework 
[0.649s] -- Create files for AMENT (ROS 2)
[0.649s] -- Configuring incomplete, errors occurred!
[0.649s] See also "/home/jkang/third_party/PRIME_ros/build/prime_contact_id_ros/CMakeFiles/CMakeOutput.log".
[0.655s] Invoked command in '/home/jkang/third_party/PRIME_ros/build/prime_contact_id_ros' returned '1': CMAKE_PREFIX_PATH=${CMAKE_PREFIX_PATH}:/opt/ros/humble /usr/bin/cmake /home/jkang/third_party/PRIME_ros/src/prime_contact_id_ros -DPRIME_ROS_ENABLE_MULTITHREADS=ON -DPRIME_ROS_NTHREADS=8 -DAMENT_CMAKE_SYMLINK_INSTALL=1 -DCMAKE_INSTALL_PREFIX=/home/jkang/third_party/PRIME_ros/install/prime_contact_id_ros
