[0.005s] Invoking command in '/home/jkang/third_party/PRIME_ros/build/prime_contact_id_ros': CMAKE_PREFIX_PATH=${CMAKE_PREFIX_PATH}:/opt/ros/humble /usr/bin/cmake /home/jkang/third_party/PRIME_ros/src/prime_contact_id_ros -DPRIME_ROS_ENABLE_MULTITHREADS=ON -DPRIME_ROS_NTHREADS=8 -DAMENT_CMAKE_SYMLINK_INSTALL=1 -DCMAKE_INSTALL_PREFIX=/home/jkang/third_party/PRIME_ros/install/prime_contact_id_ros
[0.038s] -- The C compiler identification is GNU 11.4.0
[0.065s] -- The CXX compiler identification is GNU 11.4.0
[0.069s] -- Detecting C compiler ABI info
[0.107s] -- Detecting C compiler ABI info - done
[0.111s] -- Check for working C compiler: /usr/bin/cc - skipped
[0.111s] -- Detecting C compile features
[0.111s] -- Detecting C compile features - done
[0.113s] -- Detecting CXX compiler ABI info
[0.153s] -- Detecting CXX compiler ABI info - done
[0.157s] -- Check for working CXX compiler: /usr/bin/c++ - skipped
[0.157s] -- Detecting CXX compile features
[0.157s] -- Detecting CXX compile features - done
[0.159s] -- Found ament_cmake: 1.3.11 (/opt/ros/humble/share/ament_cmake/cmake)
[0.251s] -- Found Python3: /usr/bin/python3 (found version "3.10.12") found components: Interpreter 
[0.281s] -- Override CMake install command with custom implementation using symlinks instead of copying resources
[0.298s] -- Found rclcpp: 16.0.12 (/opt/ros/humble/share/rclcpp/cmake)
[0.320s] -- Found rosidl_generator_c: 3.1.6 (/opt/ros/humble/share/rosidl_generator_c/cmake)
[0.323s] -- Found rosidl_adapter: 3.1.6 (/opt/ros/humble/share/rosidl_adapter/cmake)
[0.327s] -- Found rosidl_generator_cpp: 3.1.6 (/opt/ros/humble/share/rosidl_generator_cpp/cmake)
[0.333s] -- Using all available rosidl_typesupport_c: rosidl_typesupport_fastrtps_c;rosidl_typesupport_introspection_c
[0.341s] -- Using all available rosidl_typesupport_cpp: rosidl_typesupport_fastrtps_cpp;rosidl_typesupport_introspection_cpp
[0.363s] -- Found rmw_implementation_cmake: 6.1.2 (/opt/ros/humble/share/rmw_implementation_cmake/cmake)
[0.365s] -- Found rmw_fastrtps_cpp: 6.2.7 (/opt/ros/humble/share/rmw_fastrtps_cpp/cmake)
[0.416s] -- Found OpenSSL: /usr/lib/x86_64-linux-gnu/libcrypto.so (found version "3.0.2")  
[0.430s] -- Found FastRTPS: /opt/ros/humble/include  
[0.451s] -- Using RMW implementation 'rmw_fastrtps_cpp' as default
[0.456s] -- Looking for pthread.h
[0.495s] -- Looking for pthread.h - found
[0.495s] -- Performing Test CMAKE_HAVE_LIBC_PTHREAD
[0.542s] -- Performing Test CMAKE_HAVE_LIBC_PTHREAD - Success
[0.542s] -- Found Threads: TRUE  
[0.568s] -- Found sensor_msgs: 4.9.0 (/opt/ros/humble/share/sensor_msgs/cmake)
[0.583s] -- Found nav_msgs: 4.9.0 (/opt/ros/humble/share/nav_msgs/cmake)
[0.591s] -- Found diagnostic_msgs: 4.9.0 (/opt/ros/humble/share/diagnostic_msgs/cmake)
[0.596s] CMake Warning at /opt/openrobots/lib/cmake/hpp-fcl/hpp-fclConfig.cmake:3 (message):
[0.597s]   Please update your CMake from 'hpp-fcl' to 'coal'
[0.597s] Call Stack (most recent call first):
[0.597s]   CMakeLists.txt:13 (find_package)
[0.597s] 
[0.597s] 
[0.597s] -- coal FOUND. coal at /opt/openrobots/lib/libcoal.so
[0.628s] -- Found Boost: /usr/include (found version "1.74.0") found components: chrono thread date_time serialization filesystem atomic 
[0.783s] -- Default C++ standard: 201703
[0.783s] -- Minimal C++ standard upgraded to 11
[0.783s] -- C++ standard sufficient: Minimal required 11, currently defined: 17
[0.784s] -- JRL cmakemodules found in 'cmake/' git submodule
[0.786s] -- Configuring "crocoddyl" (https://github.com/loco-3d/crocoddyl)
[0.786s] -- Package version (ROS package.xml): 0.1.0
[0.787s] -- Contact RObot COntrol by Differential DYnamic programming Library (Crocoddyl), version 0.1.0
[0.787s] -- Copyright (C) 2018-2024 CNRS-LAAS, University of Edinburgh, INRIA
[0.787s] --                         Heriot-Watt University
[0.787s] -- All rights reserved.
[0.787s] -- Released under the BSD 3-Clause License.
[0.787s] -- CMAKE_BUILD_TYPE has automatically been set to Release
[0.792s] -- Found PkgConfig: /usr/bin/pkg-config (found version "0.29.2") 
[0.795s] -- Performing Test res_-pedantic
[0.840s] -- Performing Test res_-pedantic - Success
[0.840s] -- Performing Test res_-Wno-long-long
[0.885s] -- Performing Test res_-Wno-long-long - Success
[0.885s] -- Performing Test res_-Wall
[0.933s] -- Performing Test res_-Wall - Success
[0.933s] -- Performing Test res_-Wextra
[0.977s] -- Performing Test res_-Wextra - Success
[0.977s] -- Performing Test res_-Wcast-align
[1.022s] -- Performing Test res_-Wcast-align - Success
[1.022s] -- Performing Test res_-Wcast-qual
[1.067s] -- Performing Test res_-Wcast-qual - Success
[1.068s] -- Performing Test res_-Wformat
[1.112s] -- Performing Test res_-Wformat - Success
[1.113s] -- Performing Test res_-Wwrite-strings
[1.159s] -- Performing Test res_-Wwrite-strings - Success
[1.160s] -- Performing Test res_-Wconversion
[1.204s] -- Performing Test res_-Wconversion - Success
[1.208s] -- Could NOT find Doxygen (missing: DOXYGEN_EXECUTABLE) 
[1.208s] -- Failed to find Doxygen, documentation will not be generated.
[1.208s] -- Minimal C++ standard upgraded to 14
[1.208s] -- C++ standard sufficient: Minimal required 14, currently defined: 17
[1.209s] -- pinocchio_default FOUND. pinocchio_default at /opt/openrobots/lib/libpinocchio_default.so
[1.209s] -- pinocchio_parsers FOUND. pinocchio_parsers at /opt/openrobots/lib/libpinocchio_parsers.so
[1.209s] -- pinocchio_casadi FOUND. pinocchio_casadi at /opt/openrobots/lib/libpinocchio_casadi.so
[1.209s] -- boost_filesystem FOUND. boost_filesystem at /usr/lib/x86_64-linux-gnu/libboost_filesystem.so
[1.210s] -- boost_serialization FOUND. boost_serialization at /usr/lib/x86_64-linux-gnu/libboost_serialization.so
[1.210s] -- boost_system FOUND. boost_system at /usr/lib/x86_64-linux-gnu/libboost_system.so
[1.222s] -- Found Boost: /usr/include (found version "1.74.0") found components: filesystem serialization system 
[1.222s] CMake Warning at /opt/openrobots/lib/cmake/hpp-fcl/hpp-fclConfig.cmake:3 (message):
[1.222s]   Please update your CMake from 'hpp-fcl' to 'coal'
[1.222s] Call Stack (most recent call first):
[1.222s]   /usr/share/cmake-3.22/Modules/CMakeFindDependencyMacro.cmake:47 (find_package)
[1.222s]   /opt/openrobots/lib/cmake/pinocchio/pinocchioConfig.cmake:161 (find_dependency)
[1.222s]   /home/jkang/third_party/PRIME/cmake/package-config.cmake:133 (find_package)
[1.222s]   /home/jkang/third_party/PRIME/CMakeLists.txt:107 (add_project_dependency)
[1.223s] 
[1.223s] 
[1.223s] -- C++ standard sufficient: Minimal required 14, currently defined: 17
[1.223s] -- example-robot-data is optional.
[1.223s] -- Checking for module 'example-robot-data'
[1.232s] --   Found example-robot-data, version 4.2.0
[1.259s] -- Pkg-config module example-robot-data v4.2.0 has been detected with success.
[1.259s] -- scipy is optional.
[1.259s] -- Checking for module 'scipy'
[1.261s] --   No package 'scipy' found
[1.270s] CMake Error at /home/jkang/third_party/PRIME/CMakeLists.txt:146 (string):
[1.270s]   string sub-command REGEX, mode MATCH needs at least 5 arguments total to
[1.270s]   command.
[1.270s] 
[1.270s] 
[1.270s] CMake Warning at /home/jkang/third_party/PRIME/CMakeLists.txt:149 (message):
[1.270s]   The number of threads has to be an integer value, set to 4
[1.270s] 
[1.270s] 
[1.412s] -- Found OpenMP_CXX: -fopenmp (found version "4.5") 
[1.412s] -- Found OpenMP: TRUE (found version "4.5") found components: CXX 
[1.416s] -- Found Boost: /usr/include (found suitable version "1.74.0", minimum required is "1.65") found components: filesystem serialization system 
[1.421s] -- Found Boost: /usr/include (found suitable version "1.74.0", minimum required is "1.65") found components: unit_test_framework 
[1.466s] -- Create files for AMENT (ROS 2)
[1.466s] -- Configuring incomplete, errors occurred!
[1.466s] See also "/home/jkang/third_party/PRIME_ros/build/prime_contact_id_ros/CMakeFiles/CMakeOutput.log".
[1.474s] Invoked command in '/home/jkang/third_party/PRIME_ros/build/prime_contact_id_ros' returned '1': CMAKE_PREFIX_PATH=${CMAKE_PREFIX_PATH}:/opt/ros/humble /usr/bin/cmake /home/jkang/third_party/PRIME_ros/src/prime_contact_id_ros -DPRIME_ROS_ENABLE_MULTITHREADS=ON -DPRIME_ROS_NTHREADS=8 -DAMENT_CMAKE_SYMLINK_INSTALL=1 -DCMAKE_INSTALL_PREFIX=/home/jkang/third_party/PRIME_ros/install/prime_contact_id_ros
