CMake Warning at /opt/openrobots/lib/cmake/hpp-fcl/hpp-fclConfig.cmake:3 (message):
  Please update your CMake from 'hpp-fcl' to 'coal'
Call Stack (most recent call first):
  CMakeLists.txt:13 (find_package)


CMake Warning at /opt/openrobots/lib/cmake/hpp-fcl/hpp-fclConfig.cmake:3 (message):
  Please update your CMake from 'hpp-fcl' to 'coal'
Call Stack (most recent call first):
  /usr/share/cmake-3.22/Modules/CMakeFindDependencyMacro.cmake:47 (find_package)
  /opt/openrobots/lib/cmake/pinocchio/pinocchioConfig.cmake:161 (find_dependency)
  /home/jkang/third_party/PRIME/cmake/package-config.cmake:133 (find_package)
  /home/jkang/third_party/PRIME/CMakeLists.txt:107 (add_project_dependency)


/home/jkang/third_party/PRIME/src/core/solver-base.cpp: In constructor ‘crocoddyl::SolverAbstract::SolverAbstract(boost::shared_ptr<crocoddyl::ShootingProblemTpl<double> >)’:
/home/jkang/third_party/PRIME/src/core/solver-base.cpp:46:19: warning: ‘crocoddyl::SolverAbstract::xreg_’ is deprecated: Use preg_ for primal-variable regularization [-Wdeprecated-declarations]
   46 |       tmp_feas_(0.) {
      |                   ^
In file included from /home/jkang/third_party/PRIME/include/crocoddyl/core/fwd.hpp:12,
                 from /home/jkang/third_party/PRIME/include/crocoddyl/core/action-base.hpp:17,
                 from /home/jkang/third_party/PRIME/include/crocoddyl/core/optctrl/shooting.hpp:15,
                 from /home/jkang/third_party/PRIME/include/crocoddyl/core/solver-base.hpp:15,
                 from /home/jkang/third_party/PRIME/src/core/solver-base.cpp:14:
/home/jkang/third_party/PRIME/include/crocoddyl/core/solver-base.hpp:466:21: note: declared here
  466 |              double xreg_;)  //!< Current state regularization value
      |                     ^~~~~
/home/jkang/third_party/PRIME/include/crocoddyl/core/utils/deprecate.hpp:19:51: note: in definition of macro ‘DEPRECATED’
   19 | #define DEPRECATED(msg, func) [[deprecated(msg)]] func
      |                                                   ^~~~
/home/jkang/third_party/PRIME/src/core/solver-base.cpp:46:19: warning: ‘crocoddyl::SolverAbstract::xreg_’ is deprecated: Use preg_ for primal-variable regularization [-Wdeprecated-declarations]
   46 |       tmp_feas_(0.) {
      |                   ^
In file included from /home/jkang/third_party/PRIME/include/crocoddyl/core/fwd.hpp:12,
                 from /home/jkang/third_party/PRIME/include/crocoddyl/core/action-base.hpp:17,
                 from /home/jkang/third_party/PRIME/include/crocoddyl/core/optctrl/shooting.hpp:15,
                 from /home/jkang/third_party/PRIME/include/crocoddyl/core/solver-base.hpp:15,
                 from /home/jkang/third_party/PRIME/src/core/solver-base.cpp:14:
/home/jkang/third_party/PRIME/include/crocoddyl/core/solver-base.hpp:466:21: note: declared here
  466 |              double xreg_;)  //!< Current state regularization value
      |                     ^~~~~
/home/jkang/third_party/PRIME/include/crocoddyl/core/utils/deprecate.hpp:19:51: note: in definition of macro ‘DEPRECATED’
   19 | #define DEPRECATED(msg, func) [[deprecated(msg)]] func
      |                                                   ^~~~
/home/jkang/third_party/PRIME/src/core/solver-base.cpp:46:19: warning: ‘crocoddyl::SolverAbstract::ureg_’ is deprecated: Use dreg_ for primal-variable regularization [-Wdeprecated-declarations]
   46 |       tmp_feas_(0.) {
      |                   ^
In file included from /home/jkang/third_party/PRIME/include/crocoddyl/core/fwd.hpp:12,
                 from /home/jkang/third_party/PRIME/include/crocoddyl/core/action-base.hpp:17,
                 from /home/jkang/third_party/PRIME/include/crocoddyl/core/optctrl/shooting.hpp:15,
                 from /home/jkang/third_party/PRIME/include/crocoddyl/core/solver-base.hpp:15,
                 from /home/jkang/third_party/PRIME/src/core/solver-base.cpp:14:
/home/jkang/third_party/PRIME/include/crocoddyl/core/solver-base.hpp:468:21: note: declared here
  468 |              double ureg_;)        //!< Current control regularization values
      |                     ^~~~~
/home/jkang/third_party/PRIME/include/crocoddyl/core/utils/deprecate.hpp:19:51: note: in definition of macro ‘DEPRECATED’
   19 | #define DEPRECATED(msg, func) [[deprecated(msg)]] func
      |                                                   ^~~~
/home/jkang/third_party/PRIME/src/core/solver-base.cpp:46:19: warning: ‘crocoddyl::SolverAbstract::ureg_’ is deprecated: Use dreg_ for primal-variable regularization [-Wdeprecated-declarations]
   46 |       tmp_feas_(0.) {
      |                   ^
In file included from /home/jkang/third_party/PRIME/include/crocoddyl/core/fwd.hpp:12,
                 from /home/jkang/third_party/PRIME/include/crocoddyl/core/action-base.hpp:17,
                 from /home/jkang/third_party/PRIME/include/crocoddyl/core/optctrl/shooting.hpp:15,
                 from /home/jkang/third_party/PRIME/include/crocoddyl/core/solver-base.hpp:15,
                 from /home/jkang/third_party/PRIME/src/core/solver-base.cpp:14:
/home/jkang/third_party/PRIME/include/crocoddyl/core/solver-base.hpp:468:21: note: declared here
  468 |              double ureg_;)        //!< Current control regularization values
      |                     ^~~~~
/home/jkang/third_party/PRIME/include/crocoddyl/core/utils/deprecate.hpp:19:51: note: in definition of macro ‘DEPRECATED’
   19 | #define DEPRECATED(msg, func) [[deprecated(msg)]] func
      |                                                   ^~~~
/home/jkang/third_party/PRIME/src/core/solver-base.cpp: In member function ‘void crocoddyl::SolverAbstract::set_xreg(double)’:
/home/jkang/third_party/PRIME/src/core/solver-base.cpp:437:7: warning: ‘crocoddyl::SolverAbstract::xreg_’ is deprecated: Use preg_ for primal-variable regularization [-Wdeprecated-declarations]
  437 |       xreg_ = xreg;
      |       ^~~~~
/home/jkang/third_party/PRIME/include/crocoddyl/core/utils/deprecate.hpp:19:51: note: in definition of macro ‘DEPRECATED’
   19 | #define DEPRECATED(msg, func) [[deprecated(msg)]] func
      |                                                   ^~~~
/home/jkang/third_party/PRIME/include/crocoddyl/core/solver-base.hpp:466:21: note: declared here
  466 |              double xreg_;)  //!< Current state regularization value
      |                     ^~~~~
/home/jkang/third_party/PRIME/include/crocoddyl/core/utils/deprecate.hpp:19:51: note: in definition of macro ‘DEPRECATED’
   19 | #define DEPRECATED(msg, func) [[deprecated(msg)]] func
      |                                                   ^~~~
/home/jkang/third_party/PRIME/src/core/solver-base.cpp:437:7: warning: ‘crocoddyl::SolverAbstract::xreg_’ is deprecated: Use preg_ for primal-variable regularization [-Wdeprecated-declarations]
  437 |       xreg_ = xreg;
      |       ^~~~~
/home/jkang/third_party/PRIME/include/crocoddyl/core/utils/deprecate.hpp:19:51: note: in definition of macro ‘DEPRECATED’
   19 | #define DEPRECATED(msg, func) [[deprecated(msg)]] func
      |                                                   ^~~~
/home/jkang/third_party/PRIME/include/crocoddyl/core/solver-base.hpp:466:21: note: declared here
  466 |              double xreg_;)  //!< Current state regularization value
      |                     ^~~~~
/home/jkang/third_party/PRIME/include/crocoddyl/core/utils/deprecate.hpp:19:51: note: in definition of macro ‘DEPRECATED’
   19 | #define DEPRECATED(msg, func) [[deprecated(msg)]] func
      |                                                   ^~~~
/home/jkang/third_party/PRIME/src/core/solver-base.cpp: In member function ‘void crocoddyl::SolverAbstract::set_ureg(double)’:
/home/jkang/third_party/PRIME/src/core/solver-base.cpp:447:7: warning: ‘crocoddyl::SolverAbstract::ureg_’ is deprecated: Use dreg_ for primal-variable regularization [-Wdeprecated-declarations]
  447 |       ureg_ = ureg;
      |       ^~~~~
/home/jkang/third_party/PRIME/include/crocoddyl/core/utils/deprecate.hpp:19:51: note: in definition of macro ‘DEPRECATED’
   19 | #define DEPRECATED(msg, func) [[deprecated(msg)]] func
      |                                                   ^~~~
/home/jkang/third_party/PRIME/include/crocoddyl/core/solver-base.hpp:468:21: note: declared here
  468 |              double ureg_;)        //!< Current control regularization values
      |                     ^~~~~
/home/jkang/third_party/PRIME/include/crocoddyl/core/utils/deprecate.hpp:19:51: note: in definition of macro ‘DEPRECATED’
   19 | #define DEPRECATED(msg, func) [[deprecated(msg)]] func
      |                                                   ^~~~
/home/jkang/third_party/PRIME/src/core/solver-base.cpp:447:7: warning: ‘crocoddyl::SolverAbstract::ureg_’ is deprecated: Use dreg_ for primal-variable regularization [-Wdeprecated-declarations]
  447 |       ureg_ = ureg;
      |       ^~~~~
/home/jkang/third_party/PRIME/include/crocoddyl/core/utils/deprecate.hpp:19:51: note: in definition of macro ‘DEPRECATED’
   19 | #define DEPRECATED(msg, func) [[deprecated(msg)]] func
      |                                                   ^~~~
/home/jkang/third_party/PRIME/include/crocoddyl/core/solver-base.hpp:468:21: note: declared here
  468 |              double ureg_;)        //!< Current control regularization values
      |                     ^~~~~
/home/jkang/third_party/PRIME/include/crocoddyl/core/utils/deprecate.hpp:19:51: note: in definition of macro ‘DEPRECATED’
   19 | #define DEPRECATED(msg, func) [[deprecated(msg)]] func
      |                                                   ^~~~
In file included from /opt/openrobots/include/hpp/fcl/config.hh:1,
                 from /opt/openrobots/include/pinocchio/serialization/eigen.hpp:20,
                 from /opt/openrobots/include/pinocchio/serialization/fwd.hpp:11,
                 from /opt/openrobots/include/pinocchio/multibody/joint/joint-composite.hpp:14,
                 from /opt/openrobots/include/pinocchio/multibody/joint/joint-generic.hpp:9,
                 from /opt/openrobots/include/pinocchio/multibody/model.hpp:17,
                 from /opt/openrobots/include/pinocchio/algorithm/frames.hpp:8,
                 from /home/jkang/third_party/PRIME/include/crocoddyl/contact_id/problem/contact-anitescu-id.hpp:21,
                 from /home/jkang/third_party/PRIME/src/contact_id/problem/contact-anitescu-id.cpp:16:
/opt/openrobots/include/hpp/fcl/coal.hpp:10:71: note: ‘#pragma message: Please update your includes from 'hpp/fcl' to 'coal'’
   10 | #pragma message("Please update your includes from 'hpp/fcl' to 'coal'")
      |                                                                       ^
In file included from /opt/openrobots/include/hpp/fcl/config.hh:1,
                 from /opt/openrobots/include/pinocchio/serialization/eigen.hpp:20,
                 from /opt/openrobots/include/pinocchio/serialization/fwd.hpp:11,
                 from /opt/openrobots/include/pinocchio/multibody/joint/joint-composite.hpp:14,
                 from /opt/openrobots/include/pinocchio/multibody/joint/joint-generic.hpp:9,
                 from /opt/openrobots/include/pinocchio/multibody/model.hpp:17,
                 from /opt/openrobots/include/pinocchio/algorithm/center-of-mass.hpp:8,
                 from /home/jkang/third_party/PRIME/include/crocoddyl/multibody/utils/quadruped-gaits.hpp:12,
                 from /home/jkang/third_party/PRIME/src/multibody/utils/quadruped-gaits.cpp:9:
/opt/openrobots/include/hpp/fcl/coal.hpp:10:71: note: ‘#pragma message: Please update your includes from 'hpp/fcl' to 'coal'’
   10 | #pragma message("Please update your includes from 'hpp/fcl' to 'coal'")
      |                                                                       ^
In file included from /opt/openrobots/include/hpp/fcl/config.hh:1,
                 from /opt/openrobots/include/pinocchio/serialization/eigen.hpp:20,
                 from /opt/openrobots/include/pinocchio/serialization/fwd.hpp:11,
                 from /opt/openrobots/include/pinocchio/multibody/joint/joint-composite.hpp:14,
                 from /opt/openrobots/include/pinocchio/multibody/joint/joint-generic.hpp:9,
                 from /opt/openrobots/include/pinocchio/multibody/model.hpp:17,
                 from /opt/openrobots/include/pinocchio/algorithm/frames.hpp:8,
                 from /home/jkang/third_party/PRIME/include/crocoddyl/contact_id/problem/contact-anitescu-id.hpp:21,
                 from /home/jkang/third_party/PRIME/include/crocoddyl/multibody/utils/contact-anitescu-id.hpp:11,
                 from /home/jkang/third_party/PRIME/include/crocoddyl/multibody/utils/quadruped-anitescu-id.hpp:12,
                 from /home/jkang/third_party/PRIME/src/multibody/utils/quadruped-anitescu-id.cpp:9:
/opt/openrobots/include/hpp/fcl/coal.hpp:10:71: note: ‘#pragma message: Please update your includes from 'hpp/fcl' to 'coal'’
   10 | #pragma message("Please update your includes from 'hpp/fcl' to 'coal'")
      |                                                                       ^
In file included from /opt/openrobots/include/hpp/fcl/config.hh:1,
                 from /opt/openrobots/include/pinocchio/serialization/eigen.hpp:20,
                 from /opt/openrobots/include/pinocchio/serialization/fwd.hpp:11,
                 from /opt/openrobots/include/pinocchio/multibody/joint/joint-composite.hpp:14,
                 from /opt/openrobots/include/pinocchio/multibody/joint/joint-generic.hpp:9,
                 from /opt/openrobots/include/pinocchio/multibody/model.hpp:17,
                 from /opt/openrobots/include/pinocchio/algorithm/frames.hpp:8,
                 from /home/jkang/third_party/PRIME/include/crocoddyl/contact_id/problem/contact-anitescu-id.hpp:21,
                 from /home/jkang/third_party/PRIME/include/crocoddyl/multibody/utils/contact-anitescu-id.hpp:11,
                 from /home/jkang/third_party/PRIME/src/multibody/utils/contact-anitescu-id.cpp:7:
/opt/openrobots/include/hpp/fcl/coal.hpp:10:71: note: ‘#pragma message: Please update your includes from 'hpp/fcl' to 'coal'’
   10 | #pragma message("Please update your includes from 'hpp/fcl' to 'coal'")
      |                                                                       ^
In file included from /home/jkang/third_party/PRIME/include/crocoddyl/contact_id/actions/contact-fwddyn-anitescu-id.hpp:31,
                 from /home/jkang/third_party/PRIME/include/crocoddyl/contact_id/problem/contact-anitescu-id.hpp:33,
                 from /home/jkang/third_party/PRIME/src/contact_id/problem/contact-anitescu-id.cpp:16:
/home/jkang/third_party/PRIME/include/crocoddyl/contact_id/anitescu/DifferentiableAnitescuSimulator.hpp: In member function ‘void DifferentiableAnitescuSimulator::computeSensitivities()’:
/home/jkang/third_party/PRIME/include/crocoddyl/contact_id/anitescu/DifferentiableAnitescuSimulator.hpp:405:37: warning: comparison of integer expressions of different signedness: ‘pinocchio::JointIndex’ {aka ‘long unsigned int’} and ‘const int’ [-Wsign-compare]
  405 |                 if (jid == 0 || jid >= model_.njoints)
      |                                 ~~~~^~~~~~~~~~~~~~~~~
/home/jkang/third_party/PRIME/include/crocoddyl/contact_id/anitescu/DifferentiableAnitescuSimulator.hpp:426:37: warning: comparison of integer expressions of different signedness: ‘pinocchio::JointIndex’ {aka ‘long unsigned int’} and ‘const int’ [-Wsign-compare]
  426 |                 if (jid == 0 || jid >= model_.njoints)
      |                                 ~~~~^~~~~~~~~~~~~~~~~
/home/jkang/third_party/PRIME/include/crocoddyl/contact_id/anitescu/DifferentiableAnitescuSimulator.hpp:429:76: warning: conversion from ‘pinocchio::JointIndex’ {aka ‘long unsigned int’} to ‘int’ may change value [-Wconversion]
  429 |                 Eigen::VectorXd p_jid = computeLogCholeskyFromLink(model_, jid);
      |                                                                            ^~~
In file included from /home/jkang/third_party/PRIME/include/crocoddyl/contact_id/actions/contact-fwddyn-anitescu-id.hpp:31,
                 from /home/jkang/third_party/PRIME/include/crocoddyl/contact_id/problem/contact-anitescu-id.hpp:33,
                 from /home/jkang/third_party/PRIME/include/crocoddyl/multibody/utils/contact-anitescu-id.hpp:11,
                 from /home/jkang/third_party/PRIME/include/crocoddyl/multibody/utils/quadruped-anitescu-id.hpp:12,
                 from /home/jkang/third_party/PRIME/src/multibody/utils/quadruped-anitescu-id.cpp:9:
/home/jkang/third_party/PRIME/include/crocoddyl/contact_id/anitescu/DifferentiableAnitescuSimulator.hpp: In member function ‘void DifferentiableAnitescuSimulator::computeSensitivities()’:
/home/jkang/third_party/PRIME/include/crocoddyl/contact_id/anitescu/DifferentiableAnitescuSimulator.hpp:405:37: warning: comparison of integer expressions of different signedness: ‘pinocchio::JointIndex’ {aka ‘long unsigned int’} and ‘const int’ [-Wsign-compare]
  405 |                 if (jid == 0 || jid >= model_.njoints)
      |                                 ~~~~^~~~~~~~~~~~~~~~~
/home/jkang/third_party/PRIME/include/crocoddyl/contact_id/anitescu/DifferentiableAnitescuSimulator.hpp:426:37: warning: comparison of integer expressions of different signedness: ‘pinocchio::JointIndex’ {aka ‘long unsigned int’} and ‘const int’ [-Wsign-compare]
  426 |                 if (jid == 0 || jid >= model_.njoints)
      |                                 ~~~~^~~~~~~~~~~~~~~~~
/home/jkang/third_party/PRIME/include/crocoddyl/contact_id/anitescu/DifferentiableAnitescuSimulator.hpp:429:76: warning: conversion from ‘pinocchio::JointIndex’ {aka ‘long unsigned int’} to ‘int’ may change value [-Wconversion]
  429 |                 Eigen::VectorXd p_jid = computeLogCholeskyFromLink(model_, jid);
      |                                                                            ^~~
/home/jkang/third_party/PRIME/src/contact_id/problem/contact-anitescu-id.cpp: In function ‘Eigen::VectorXd crocoddyl::computeFrozenSFromLogCholeskyJacobian(const Model&, pinocchio::JointIndex, double)’:
/home/jkang/third_party/PRIME/src/contact_id/problem/contact-anitescu-id.cpp:93:59: warning: conversion from ‘pinocchio::JointIndex’ {aka ‘long unsigned int’} to ‘int’ may change value [-Wconversion]
   93 |   Eigen::VectorXd eta = computeLogCholeskyFromLink(model, j_link);
      |                                                           ^~~~~~
In file included from /home/jkang/third_party/PRIME/include/crocoddyl/contact_id/actions/contact-fwddyn-anitescu-id.hpp:31,
                 from /home/jkang/third_party/PRIME/include/crocoddyl/contact_id/problem/contact-anitescu-id.hpp:33,
                 from /home/jkang/third_party/PRIME/include/crocoddyl/multibody/utils/contact-anitescu-id.hpp:11,
                 from /home/jkang/third_party/PRIME/src/multibody/utils/contact-anitescu-id.cpp:7:
/home/jkang/third_party/PRIME/include/crocoddyl/contact_id/anitescu/DifferentiableAnitescuSimulator.hpp: In member function ‘void DifferentiableAnitescuSimulator::computeSensitivities()’:
/home/jkang/third_party/PRIME/include/crocoddyl/contact_id/anitescu/DifferentiableAnitescuSimulator.hpp:405:37: warning: comparison of integer expressions of different signedness: ‘pinocchio::JointIndex’ {aka ‘long unsigned int’} and ‘const int’ [-Wsign-compare]
  405 |                 if (jid == 0 || jid >= model_.njoints)
      |                                 ~~~~^~~~~~~~~~~~~~~~~
/home/jkang/third_party/PRIME/include/crocoddyl/contact_id/anitescu/DifferentiableAnitescuSimulator.hpp:426:37: warning: comparison of integer expressions of different signedness: ‘pinocchio::JointIndex’ {aka ‘long unsigned int’} and ‘const int’ [-Wsign-compare]
  426 |                 if (jid == 0 || jid >= model_.njoints)
      |                                 ~~~~^~~~~~~~~~~~~~~~~
/home/jkang/third_party/PRIME/include/crocoddyl/contact_id/anitescu/DifferentiableAnitescuSimulator.hpp:429:76: warning: conversion from ‘pinocchio::JointIndex’ {aka ‘long unsigned int’} to ‘int’ may change value [-Wconversion]
  429 |                 Eigen::VectorXd p_jid = computeLogCholeskyFromLink(model_, jid);
      |                                                                            ^~~
In file included from /home/jkang/third_party/PRIME/include/crocoddyl/contact_id/anitescu/BarrierSOCP.hpp:19,
                 from /home/jkang/third_party/PRIME/include/crocoddyl/contact_id/anitescu/DifferentiableAnitescuSimulator.hpp:34,
                 from /home/jkang/third_party/PRIME/include/crocoddyl/contact_id/actions/contact-fwddyn-anitescu-id.hpp:31,
                 from /home/jkang/third_party/PRIME/include/crocoddyl/contact_id/problem/contact-anitescu-id.hpp:33,
                 from /home/jkang/third_party/PRIME/include/crocoddyl/multibody/utils/contact-anitescu-id.hpp:11,
                 from /home/jkang/third_party/PRIME/include/crocoddyl/multibody/utils/quadruped-anitescu-id.hpp:12,
                 from /home/jkang/third_party/PRIME/src/multibody/utils/quadruped-anitescu-id.cpp:9:
/home/jkang/third_party/PRIME/include/crocoddyl/contact_id/anitescu/NewtonSolver.hpp: In instantiation of ‘bool NewtonSolver::solve(Eigen::VectorXd&, F&&, G&&, HFun&&, Feas&&) [with F = DifferentiableAnitescuSimulator::solveBarrierNewton()::<lambda(const VectorXd&)>; G = DifferentiableAnitescuSimulator::solveBarrierNewton()::<lambda(const VectorXd&, Eigen::VectorXd&)>; HFun = DifferentiableAnitescuSimulator::solveBarrierNewton()::<lambda(const VectorXd&, Eigen::MatrixXd&)>; Feas = DifferentiableAnitescuSimulator::solveBarrierNewton()::<lambda(const VectorXd&)>; Eigen::VectorXd = Eigen::Matrix<double, -1, 1>]’:
/home/jkang/third_party/PRIME/include/crocoddyl/contact_id/anitescu/DifferentiableAnitescuSimulator.hpp:340:22:   required from here
/home/jkang/third_party/PRIME/include/crocoddyl/contact_id/anitescu/NewtonSolver.hpp:52:25: warning: conversion from ‘Eigen::EigenBase<Eigen::Matrix<double, -1, 1> >::Index’ {aka ‘long int’} to ‘int’ may change value [-Wconversion]
   52 |     const int n = x.size();
      |                   ~~~~~~^~
In file included from /home/jkang/third_party/PRIME/include/crocoddyl/contact_id/anitescu/BarrierSOCP.hpp:19,
                 from /home/jkang/third_party/PRIME/include/crocoddyl/contact_id/anitescu/DifferentiableAnitescuSimulator.hpp:34,
                 from /home/jkang/third_party/PRIME/include/crocoddyl/contact_id/actions/contact-fwddyn-anitescu-id.hpp:31,
                 from /home/jkang/third_party/PRIME/include/crocoddyl/contact_id/problem/contact-anitescu-id.hpp:33,
                 from /home/jkang/third_party/PRIME/src/contact_id/problem/contact-anitescu-id.cpp:16:
/home/jkang/third_party/PRIME/include/crocoddyl/contact_id/anitescu/NewtonSolver.hpp: In instantiation of ‘bool NewtonSolver::solve(Eigen::VectorXd&, F&&, G&&, HFun&&, Feas&&) [with F = DifferentiableAnitescuSimulator::solveBarrierNewton()::<lambda(const VectorXd&)>; G = DifferentiableAnitescuSimulator::solveBarrierNewton()::<lambda(const VectorXd&, Eigen::VectorXd&)>; HFun = DifferentiableAnitescuSimulator::solveBarrierNewton()::<lambda(const VectorXd&, Eigen::MatrixXd&)>; Feas = DifferentiableAnitescuSimulator::solveBarrierNewton()::<lambda(const VectorXd&)>; Eigen::VectorXd = Eigen::Matrix<double, -1, 1>]’:
/home/jkang/third_party/PRIME/include/crocoddyl/contact_id/anitescu/DifferentiableAnitescuSimulator.hpp:340:22:   required from here
/home/jkang/third_party/PRIME/include/crocoddyl/contact_id/anitescu/NewtonSolver.hpp:52:25: warning: conversion from ‘Eigen::EigenBase<Eigen::Matrix<double, -1, 1> >::Index’ {aka ‘long int’} to ‘int’ may change value [-Wconversion]
   52 |     const int n = x.size();
      |                   ~~~~~~^~
In file included from /home/jkang/third_party/PRIME/include/crocoddyl/multibody/actions/contact-fwddyn.hpp:400,
                 from /home/jkang/third_party/PRIME/include/crocoddyl/multibody/utils/quadruped-gaits.hpp:24,
                 from /home/jkang/third_party/PRIME/src/multibody/utils/quadruped-gaits.cpp:9:
/home/jkang/third_party/PRIME/include/crocoddyl/multibody/actions/contact-fwddyn.hxx: In instantiation of ‘void crocoddyl::DifferentialActionModelContactFwdDynamicsTpl<Scalar>::calc(const boost::shared_ptr<crocoddyl::DifferentialActionDataAbstractTpl<_Scalar> >&, const Eigen::Ref<const typename crocoddyl::MathBaseTpl<_Scalar>::VectorXs>&, const Eigen::Ref<const typename crocoddyl::MathBaseTpl<_Scalar>::VectorXs>&) [with _Scalar = double; typename Eigen::internal::conditional<const typename crocoddyl::MathBaseTpl<_Scalar>::VectorXs::IsVectorAtCompileTime, Eigen::InnerStride<1>, Eigen::OuterStride<> >::type = Eigen::InnerStride<1>; typename crocoddyl::MathBaseTpl<_Scalar>::VectorXs = Eigen::Matrix<double, -1, 1>]’:
/home/jkang/third_party/PRIME/include/crocoddyl/multibody/actions/contact-fwddyn.hxx:99:6:   required from here
/home/jkang/third_party/PRIME/include/crocoddyl/multibody/actions/contact-fwddyn.hxx:141:29: warning: ‘const typename pinocchio::DataTpl<_Scalar, _Options, JointCollectionTpl>::TangentVectorType& pinocchio::forwardDynamics(const pinocchio::ModelTpl<_Scalar, _Options, JointCollectionTpl>&, pinocchio::DataTpl<S1, O1, JointCollectionTpl>&, const Eigen::MatrixBase<Matrix3Like>&, const Eigen::MatrixBase<MatRet>&, const Eigen::MatrixBase<VectorLike>&, Scalar) [with Scalar = double; int Options = 0; JointCollectionTpl = pinocchio::JointCollectionDefaultTpl; TangentVectorType = Eigen::Matrix<double, -1, 1>; ConstraintMatrixType = Eigen::Block<Eigen::Matrix<double, -1, -1>, -1, -1, false>; DriftVectorType = Eigen::Block<Eigen::Matrix<double, -1, 1>, -1, 1, false>; typename pinocchio::DataTpl<_Scalar, _Options, JointCollectionTpl>::TangentVectorType = Eigen::Matrix<double, -1, 1>]’ is deprecated [-Wdeprecated-declarations]
  141 |   pinocchio::forwardDynamics(
      |   ~~~~~~~~~~~~~~~~~~~~~~~~~~^
  142 |       pinocchio_, d->pinocchio, d->multibody.actuation->tau,
      |       ~~~~~~~~~~~~~~~~~~~~~~~~~~~~~~~~~~~~~~~~~~~~~~~~~~~~~~
  143 |       d->multibody.contacts->Jc.topRows(nc), d->multibody.contacts->a0.head(nc),
      |       ~~~~~~~~~~~~~~~~~~~~~~~~~~~~~~~~~~~~~~~~~~~~~~~~~~~~~~~~~~~~~~~~~~~~~~~~~~
  144 |       JMinvJt_damping_);
      |       ~~~~~~~~~~~~~~~~~      
In file included from /opt/openrobots/include/pinocchio/algorithm/contact-dynamics.hpp:302,
                 from /home/jkang/third_party/PRIME/include/crocoddyl/multibody/actions/contact-fwddyn.hxx:12,
                 from /home/jkang/third_party/PRIME/include/crocoddyl/multibody/actions/contact-fwddyn.hpp:400,
                 from /home/jkang/third_party/PRIME/include/crocoddyl/multibody/utils/quadruped-gaits.hpp:24,
                 from /home/jkang/third_party/PRIME/src/multibody/utils/quadruped-gaits.cpp:9:
/opt/openrobots/include/pinocchio/algorithm/contact-dynamics.hxx:90:3: note: declared here
   90 |   forwardDynamics(
      |   ^~~~~~~~~~~~~~~
In file included from /home/jkang/third_party/PRIME/include/crocoddyl/multibody/actions/contact-fwddyn.hpp:400,
                 from /home/jkang/third_party/PRIME/include/crocoddyl/multibody/utils/quadruped-gaits.hpp:24,
                 from /home/jkang/third_party/PRIME/src/multibody/utils/quadruped-gaits.cpp:9:
/home/jkang/third_party/PRIME/include/crocoddyl/multibody/actions/contact-fwddyn.hxx: In instantiation of ‘void crocoddyl::DifferentialActionModelContactFwdDynamicsTpl<Scalar>::calcDiff(const boost::shared_ptr<crocoddyl::DifferentialActionDataAbstractTpl<_Scalar> >&, const Eigen::Ref<const typename crocoddyl::MathBaseTpl<_Scalar>::VectorXs>&, const Eigen::Ref<const typename crocoddyl::MathBaseTpl<_Scalar>::VectorXs>&) [with _Scalar = double; typename Eigen::internal::conditional<const typename crocoddyl::MathBaseTpl<_Scalar>::VectorXs::IsVectorAtCompileTime, Eigen::InnerStride<1>, Eigen::OuterStride<> >::type = Eigen::InnerStride<1>; typename crocoddyl::MathBaseTpl<_Scalar>::VectorXs = Eigen::Matrix<double, -1, 1>]’:
/home/jkang/third_party/PRIME/include/crocoddyl/multibody/actions/contact-fwddyn.hxx:187:6:   required from here
/home/jkang/third_party/PRIME/include/crocoddyl/multibody/actions/contact-fwddyn.hxx:218:47: warning: ‘void pinocchio::getKKTContactDynamicMatrixInverse(const pinocchio::ModelTpl<_Scalar, _Options, JointCollectionTpl>&, const pinocchio::DataTpl<S1, O1, JointCollectionTpl>&, const Eigen::MatrixBase<Matrix3Like>&, const Eigen::MatrixBase<MatRet>&) [with Scalar = double; int Options = 0; JointCollectionTpl = pinocchio::JointCollectionDefaultTpl; ConstraintMatrixType = Eigen::Block<Eigen::Matrix<double, -1, -1>, -1, -1, false>; KKTMatrixType = Eigen::Matrix<double, -1, -1>]’ is deprecated [-Wdeprecated-declarations]
  218 |   pinocchio::getKKTContactDynamicMatrixInverse(
      |   ~~~~~~~~~~~~~~~~~~~~~~~~~~~~~~~~~~~~~~~~~~~~^
  219 |       pinocchio_, d->pinocchio, d->multibody.contacts->Jc.topRows(nc), d->Kinv);
      |       ~~~~~~~~~~~~~~~~~~~~~~~~~~~~~~~~~~~~~~~~~~~~~~~~~~~~~~~~~~~~~~~~~~~~~~~~~
In file included from /opt/openrobots/include/pinocchio/algorithm/contact-dynamics.hpp:302,
                 from /home/jkang/third_party/PRIME/include/crocoddyl/multibody/actions/contact-fwddyn.hxx:12,
                 from /home/jkang/third_party/PRIME/include/crocoddyl/multibody/actions/contact-fwddyn.hpp:400,
                 from /home/jkang/third_party/PRIME/include/crocoddyl/multibody/utils/quadruped-gaits.hpp:24,
                 from /home/jkang/third_party/PRIME/src/multibody/utils/quadruped-gaits.cpp:9:
/opt/openrobots/include/pinocchio/algorithm/contact-dynamics.hxx:218:8: note: declared here
  218 |   void getKKTContactDynamicMatrixInverse(
      |        ^~~~~~~~~~~~~~~~~~~~~~~~~~~~~~~~~
In file included from /home/jkang/third_party/PRIME/include/crocoddyl/contact_id/anitescu/BarrierSOCP.hpp:19,
                 from /home/jkang/third_party/PRIME/include/crocoddyl/contact_id/anitescu/DifferentiableAnitescuSimulator.hpp:34,
                 from /home/jkang/third_party/PRIME/include/crocoddyl/contact_id/actions/contact-fwddyn-anitescu-id.hpp:31,
                 from /home/jkang/third_party/PRIME/include/crocoddyl/contact_id/problem/contact-anitescu-id.hpp:33,
                 from /home/jkang/third_party/PRIME/include/crocoddyl/multibody/utils/contact-anitescu-id.hpp:11,
                 from /home/jkang/third_party/PRIME/src/multibody/utils/contact-anitescu-id.cpp:7:
/home/jkang/third_party/PRIME/include/crocoddyl/contact_id/anitescu/NewtonSolver.hpp: In instantiation of ‘bool NewtonSolver::solve(Eigen::VectorXd&, F&&, G&&, HFun&&, Feas&&) [with F = DifferentiableAnitescuSimulator::solveBarrierNewton()::<lambda(const VectorXd&)>; G = DifferentiableAnitescuSimulator::solveBarrierNewton()::<lambda(const VectorXd&, Eigen::VectorXd&)>; HFun = DifferentiableAnitescuSimulator::solveBarrierNewton()::<lambda(const VectorXd&, Eigen::MatrixXd&)>; Feas = DifferentiableAnitescuSimulator::solveBarrierNewton()::<lambda(const VectorXd&)>; Eigen::VectorXd = Eigen::Matrix<double, -1, 1>]’:
/home/jkang/third_party/PRIME/include/crocoddyl/contact_id/anitescu/DifferentiableAnitescuSimulator.hpp:340:22:   required from here
/home/jkang/third_party/PRIME/include/crocoddyl/contact_id/anitescu/NewtonSolver.hpp:52:25: warning: conversion from ‘Eigen::EigenBase<Eigen::Matrix<double, -1, 1> >::Index’ {aka ‘long int’} to ‘int’ may change value [-Wconversion]
   52 |     const int n = x.size();
      |                   ~~~~~~^~
In file included from /home/jkang/third_party/PRIME/include/crocoddyl/multibody/contact-base.hpp:243,
                 from /home/jkang/third_party/PRIME/include/crocoddyl/multibody/contacts/multiple-contacts.hpp:19,
                 from /home/jkang/third_party/PRIME/include/crocoddyl/multibody/actions/contact-fwddyn.hpp:19,
                 from /home/jkang/third_party/PRIME/include/crocoddyl/multibody/utils/quadruped-gaits.hpp:24,
                 from /home/jkang/third_party/PRIME/src/multibody/utils/quadruped-gaits.cpp:9:
/home/jkang/third_party/PRIME/include/crocoddyl/multibody/contact-base.hxx: In instantiation of ‘void crocoddyl::ContactModelAbstractTpl<Scalar>::updateMode(const boost::shared_ptr<crocoddyl::ContactDataAbstractTpl<_Scalar> >&, const Scalar&, const Vector3s&, const Vector3s&) [with _Scalar = double; crocoddyl::ContactModelAbstractTpl<Scalar>::Scalar = double; crocoddyl::ContactModelAbstractTpl<Scalar>::Vector3s = Eigen::Matrix<double, 3, 1>]’:
/home/jkang/third_party/PRIME/include/crocoddyl/multibody/contact-base.hxx:79:8:   required from here
/home/jkang/third_party/PRIME/include/crocoddyl/multibody/contact-base.hxx:80:53: warning: unused parameter ‘data’ [-Wunused-parameter]
   80 |       const boost::shared_ptr<ContactDataAbstract> &data,
      |       ~~~~~~~~~~~~~~~~~~~~~~~~~~~~~~~~~~~~~~~~~~~~~~^~~~
/home/jkang/third_party/PRIME/include/crocoddyl/multibody/contact-base.hxx:81:21: warning: unused parameter ‘mode’ [-Wunused-parameter]
   81 |       const Scalar &mode,
      |       ~~~~~~~~~~~~~~^~~~
/home/jkang/third_party/PRIME/include/crocoddyl/multibody/contact-base.hxx:82:23: warning: unused parameter ‘normal’ [-Wunused-parameter]
   82 |       const Vector3s &normal,
      |       ~~~~~~~~~~~~~~~~^~~~~~
/home/jkang/third_party/PRIME/include/crocoddyl/multibody/contact-base.hxx:83:23: warning: unused parameter ‘tangent’ [-Wunused-parameter]
   83 |       const Vector3s &tangent)
      |       ~~~~~~~~~~~~~~~~^~~~~~~
In file included from /home/jkang/third_party/PRIME/include/crocoddyl/multibody/actions/impulse-fwddyn.hpp:373,
                 from /home/jkang/third_party/PRIME/include/crocoddyl/multibody/utils/quadruped-gaits.hpp:25,
                 from /home/jkang/third_party/PRIME/src/multibody/utils/quadruped-gaits.cpp:9:
/home/jkang/third_party/PRIME/include/crocoddyl/multibody/actions/impulse-fwddyn.hxx: In instantiation of ‘void crocoddyl::ActionModelImpulseFwdDynamicsTpl<Scalar>::initCalcDiff(crocoddyl::ActionModelImpulseFwdDynamicsTpl<Scalar>::Data*, const Eigen::Ref<const typename crocoddyl::MathBaseTpl<_Scalar>::VectorXs>&) [with _Scalar = double; crocoddyl::ActionModelImpulseFwdDynamicsTpl<Scalar>::Data = crocoddyl::ActionDataImpulseFwdDynamicsTpl<double>; typename Eigen::internal::conditional<const typename crocoddyl::MathBaseTpl<_Scalar>::VectorXs::IsVectorAtCompileTime, Eigen::InnerStride<1>, Eigen::OuterStride<> >::type = Eigen::InnerStride<1>; typename crocoddyl::MathBaseTpl<_Scalar>::VectorXs = Eigen::Matrix<double, -1, 1>]’:
/home/jkang/third_party/PRIME/include/crocoddyl/multibody/actions/impulse-fwddyn.hxx:115:3:   required from ‘void crocoddyl::ActionModelImpulseFwdDynamicsTpl<Scalar>::calcDiff(const boost::shared_ptr<crocoddyl::ActionDataAbstractTpl<_Scalar> >&, const Eigen::Ref<const typename crocoddyl::MathBaseTpl<_Scalar>::VectorXs>&, const Eigen::Ref<const typename crocoddyl::MathBaseTpl<_Scalar>::VectorXs>&) [with _Scalar = double; typename Eigen::internal::conditional<const typename crocoddyl::MathBaseTpl<_Scalar>::VectorXs::IsVectorAtCompileTime, Eigen::InnerStride<1>, Eigen::OuterStride<> >::type = Eigen::InnerStride<1>; typename crocoddyl::MathBaseTpl<_Scalar>::VectorXs = Eigen::Matrix<double, -1, 1>]’
/home/jkang/third_party/PRIME/include/crocoddyl/multibody/actions/impulse-fwddyn.hxx:109:6:   required from here
/home/jkang/third_party/PRIME/include/crocoddyl/multibody/actions/impulse-fwddyn.hxx:237:47: warning: ‘void pinocchio::getKKTContactDynamicMatrixInverse(const pinocchio::ModelTpl<_Scalar, _Options, JointCollectionTpl>&, const pinocchio::DataTpl<S1, O1, JointCollectionTpl>&, const Eigen::MatrixBase<Matrix3Like>&, const Eigen::MatrixBase<MatRet>&) [with Scalar = double; int Options = 0; JointCollectionTpl = pinocchio::JointCollectionDefaultTpl; ConstraintMatrixType = Eigen::Block<Eigen::Matrix<double, -1, -1>, -1, -1, false>; KKTMatrixType = Eigen::Matrix<double, -1, -1>]’ is deprecated [-Wdeprecated-declarations]
  237 |   pinocchio::getKKTContactDynamicMatrixInverse(
      |   ~~~~~~~~~~~~~~~~~~~~~~~~~~~~~~~~~~~~~~~~~~~~^
  238 |       pinocchio_, data->pinocchio, data->multibody.impulses->Jc.topRows(nc),
      |       ~~~~~~~~~~~~~~~~~~~~~~~~~~~~~~~~~~~~~~~~~~~~~~~~~~~~~~~~~~~~~~~~~~~~~~
  239 |       data->Kinv);
      |       ~~~~~~~~~~~                              
In file included from /opt/openrobots/include/pinocchio/algorithm/contact-dynamics.hpp:302,
                 from /home/jkang/third_party/PRIME/include/crocoddyl/multibody/actions/contact-fwddyn.hxx:12,
                 from /home/jkang/third_party/PRIME/include/crocoddyl/multibody/actions/contact-fwddyn.hpp:400,
                 from /home/jkang/third_party/PRIME/include/crocoddyl/multibody/utils/quadruped-gaits.hpp:24,
                 from /home/jkang/third_party/PRIME/src/multibody/utils/quadruped-gaits.cpp:9:
/opt/openrobots/include/pinocchio/algorithm/contact-dynamics.hxx:218:8: note: declared here
  218 |   void getKKTContactDynamicMatrixInverse(
      |        ^~~~~~~~~~~~~~~~~~~~~~~~~~~~~~~~~
In file included from /home/jkang/third_party/PRIME/include/crocoddyl/contact_id/actions/arrival-fwddyn-id.hpp:34,
                 from /home/jkang/third_party/PRIME/include/crocoddyl/contact_id/problem/contact-anitescu-id.hpp:32,
                 from /home/jkang/third_party/PRIME/src/contact_id/problem/contact-anitescu-id.cpp:16:
/home/jkang/third_party/PRIME/include/crocoddyl/contact_id/states/multibody_params.hxx: In instantiation of ‘crocoddyl::StateMultibodyParamsTpl<Scalar>::StateMultibodyParamsTpl(boost::shared_ptr<pinocchio::ModelTpl<Scalar> >, std::vector<long unsigned int>) [with _Scalar = double]’:
/usr/include/boost/smart_ptr/make_shared_object.hpp:256:5:   required from ‘typename boost::detail::sp_if_not_array<T>::type boost::make_shared(Args&& ...) [with T = crocoddyl::StateMultibodyParamsTpl<double>; Args = {boost::shared_ptr<pinocchio::ModelTpl<double, 0, pinocchio::JointCollectionDefaultTpl> >, std::vector<long unsigned int, std::allocator<long unsigned int> >&}; typename boost::detail::sp_if_not_array<T>::type = boost::shared_ptr<crocoddyl::StateMultibodyParamsTpl<double> >]’
/home/jkang/third_party/PRIME/src/contact_id/problem/contact-anitescu-id.cpp:117:65:   required from here
/home/jkang/third_party/PRIME/include/crocoddyl/contact_id/states/multibody_params.hpp:131:40: warning: ‘crocoddyl::StateMultibodyParamsTpl<double>::joints_’ will be initialized after [-Wreorder]
  131 |     std::vector<pinocchio::JointIndex> joints_;   //!< Indices of the parameterized joints
      |                                        ^~~~~~~
/home/jkang/third_party/PRIME/include/crocoddyl/contact_id/states/multibody_params.hpp:124:17: warning:   ‘std::size_t crocoddyl::StateMultibodyParamsTpl<double>::nq_pin_’ [-Wreorder]
  124 |     std::size_t nq_pin_;
      |                 ^~~~~~~
In file included from /home/jkang/third_party/PRIME/include/crocoddyl/contact_id/states/multibody_params.hpp:139,
                 from /home/jkang/third_party/PRIME/include/crocoddyl/contact_id/actions/arrival-fwddyn-id.hpp:34,
                 from /home/jkang/third_party/PRIME/include/crocoddyl/contact_id/problem/contact-anitescu-id.hpp:32,
                 from /home/jkang/third_party/PRIME/src/contact_id/problem/contact-anitescu-id.cpp:16:
/home/jkang/third_party/PRIME/include/crocoddyl/contact_id/states/multibody_params.hxx:25:3: warning:   when initialized here [-Wreorder]
   25 |   StateMultibodyParamsTpl<Scalar>::StateMultibodyParamsTpl(
      |   ^~~~~~~~~~~~~~~~~~~~~~~~~~~~~~~
In file included from /home/jkang/third_party/PRIME/include/crocoddyl/contact_id/actions/arrival-fwddyn-id.hpp:34,
                 from /home/jkang/third_party/PRIME/include/crocoddyl/contact_id/problem/contact-anitescu-id.hpp:32,
                 from /home/jkang/third_party/PRIME/src/contact_id/problem/contact-anitescu-id.cpp:16:
/home/jkang/third_party/PRIME/include/crocoddyl/contact_id/states/multibody_params.hpp:129:39: warning: ‘crocoddyl::StateMultibodyParamsTpl<double>::pinocchio_’ will be initialized after [-Wreorder]
  129 |     boost::shared_ptr<PinocchioModel> pinocchio_; //!< Pinocchio model
      |                                       ^~~~~~~~~~
In file included from /home/jkang/third_party/PRIME/include/crocoddyl/contact_id/states/multibody_params.hpp:139,
                 from /home/jkang/third_party/PRIME/include/crocoddyl/contact_id/actions/arrival-fwddyn-id.hpp:34,
                 from /home/jkang/third_party/PRIME/include/crocoddyl/contact_id/problem/contact-anitescu-id.hpp:32,
                 from /home/jkang/third_party/PRIME/src/contact_id/problem/contact-anitescu-id.cpp:16:
/home/jkang/third_party/PRIME/include/crocoddyl/contact_id/states/multibody_params.hxx:33:75: warning:   base ‘crocoddyl::StateMultibodyBaseTpl<double>’ [-Wreorder]
   33 |         x0_(VectorXs::Zero(model->nq + model->nv + 2 * Joints.size() * 10))
      |                                                                           ^
/home/jkang/third_party/PRIME/include/crocoddyl/contact_id/states/multibody_params.hxx:25:3: warning:   when initialized here [-Wreorder]
   25 |   StateMultibodyParamsTpl<Scalar>::StateMultibodyParamsTpl(
      |   ^~~~~~~~~~~~~~~~~~~~~~~~~~~~~~~
In file included from /home/jkang/third_party/PRIME/include/crocoddyl/contact_id/problem/contact-anitescu-id.hpp:33,
                 from /home/jkang/third_party/PRIME/src/contact_id/problem/contact-anitescu-id.cpp:16:
/home/jkang/third_party/PRIME/include/crocoddyl/contact_id/actions/contact-fwddyn-anitescu-id.hxx: In instantiation of ‘crocoddyl::DifferentialActionModelContactFwdDynamicsAnitescuSystemidTpl<Scalar>::DifferentialActionModelContactFwdDynamicsAnitescuSystemidTpl(boost::shared_ptr<crocoddyl::StateMultibodyParamsTpl<_Scalar> >, boost::shared_ptr<crocoddyl::ActuationModelAbstractTpl<Scalar> >, boost::shared_ptr<crocoddyl::CostModelSumTpl<_Scalar> >, std::vector<std::__cxx11::basic_string<char> >, crocoddyl::DifferentialActionModelContactFwdDynamicsAnitescuSystemidTpl<Scalar>::Scalar, crocoddyl::DifferentialActionModelContactFwdDynamicsAnitescuSystemidTpl<Scalar>::Scalar, crocoddyl::DifferentialActionModelContactFwdDynamicsAnitescuSystemidTpl<Scalar>::Scalar, const string&) [with _Scalar = double; crocoddyl::DifferentialActionModelContactFwdDynamicsAnitescuSystemidTpl<Scalar>::Scalar = double; std::string = std::__cxx11::basic_string<char>]’:
/usr/include/boost/smart_ptr/make_shared_object.hpp:256:5:   required from ‘typename boost::detail::sp_if_not_array<T>::type boost::make_shared(Args&& ...) [with T = crocoddyl::DifferentialActionModelContactFwdDynamicsAnitescuSystemidTpl<double>; Args = {boost::shared_ptr<crocoddyl::StateMultibodyParamsTpl<double> >&, boost::shared_ptr<crocoddyl::ActuationModelFloatingBaseEstimationTpl<double> >&, boost::shared_ptr<crocoddyl::CostModelSumTpl<double> >&, std::vector<std::__cxx11::basic_string<char, std::char_traits<char>, std::allocator<char> >, std::allocator<std::__cxx11::basic_string<char, std::char_traits<char>, std::allocator<char> > > >&, double&, double&, double&, std::__cxx11::basic_string<char, std::char_traits<char>, std::allocator<char> >&}; typename boost::detail::sp_if_not_array<T>::type = boost::shared_ptr<crocoddyl::DifferentialActionModelContactFwdDynamicsAnitescuSystemidTpl<double> >]’
/home/jkang/third_party/PRIME/src/contact_id/problem/contact-anitescu-id.cpp:236:80:   required from here
/home/jkang/third_party/PRIME/include/crocoddyl/contact_id/actions/contact-fwddyn-anitescu-id.hpp:287:21: warning: ‘crocoddyl::DifferentialActionModelContactFwdDynamicsAnitescuSystemidTpl<double>::force_log_path_’ will be initialized after [-Wreorder]
  287 |         std::string force_log_path_;                            //!< Optional force CSV log path
      |                     ^~~~~~~~~~~~~~~
/home/jkang/third_party/PRIME/include/crocoddyl/contact_id/actions/contact-fwddyn-anitescu-id.hpp:276:49: warning:   ‘boost::shared_ptr<crocoddyl::StateMultibodyParamsTpl<double> > crocoddyl::DifferentialActionModelContactFwdDynamicsAnitescuSystemidTpl<double>::params_state_’ [-Wreorder]
  276 |         boost::shared_ptr<StateMultibodyParams> params_state_;
      |                                                 ^~~~~~~~~~~~~
In file included from /home/jkang/third_party/PRIME/include/crocoddyl/contact_id/actions/contact-fwddyn-anitescu-id.hpp:353,
                 from /home/jkang/third_party/PRIME/include/crocoddyl/contact_id/problem/contact-anitescu-id.hpp:33,
                 from /home/jkang/third_party/PRIME/src/contact_id/problem/contact-anitescu-id.cpp:16:
/home/jkang/third_party/PRIME/include/crocoddyl/contact_id/actions/contact-fwddyn-anitescu-id.hxx:65:3: warning:   when initialized here [-Wreorder]
   65 |   DifferentialActionModelContactFwdDynamicsAnitescuSystemidTpl<Scalar>::
      |   ^~~~~~~~~~~~~~~~~~~~~~~~~~~~~~~~~~~~~~~~~~~~~~~~~~~~~~~~~~~~~~~~~~~~
In file included from /home/jkang/third_party/PRIME/include/crocoddyl/contact_id/actions/arrival-fwddyn-id.hpp:318,
                 from /home/jkang/third_party/PRIME/include/crocoddyl/contact_id/problem/contact-anitescu-id.hpp:32,
                 from /home/jkang/third_party/PRIME/src/contact_id/problem/contact-anitescu-id.cpp:16:
/home/jkang/third_party/PRIME/include/crocoddyl/contact_id/actions/arrival-fwddyn-id.hxx: In instantiation of ‘void crocoddyl::ActionModelArrivalFwdDynamicsIDTpl<Scalar>::calc(const boost::shared_ptr<crocoddyl::ActionDataAbstractTpl<_Scalar> >&, const Eigen::Ref<const typename crocoddyl::MathBaseTpl<_Scalar>::VectorXs>&, const Eigen::Ref<const typename crocoddyl::MathBaseTpl<_Scalar>::VectorXs>&) [with _Scalar = double; typename Eigen::internal::conditional<const typename crocoddyl::MathBaseTpl<_Scalar>::VectorXs::IsVectorAtCompileTime, Eigen::InnerStride<1>, Eigen::OuterStride<> >::type = Eigen::InnerStride<1>; typename crocoddyl::MathBaseTpl<_Scalar>::VectorXs = Eigen::Matrix<double, -1, 1>]’:
/home/jkang/third_party/PRIME/include/crocoddyl/contact_id/actions/arrival-fwddyn-id.hxx:59:8:   required from here
/home/jkang/third_party/PRIME/include/crocoddyl/contact_id/actions/arrival-fwddyn-id.hxx:80:80: warning: variable ‘q’ set but not used [-Wunused-but-set-variable]
   80 |     const Eigen::VectorBlock<const Eigen::Ref<const VectorXs>, Eigen::Dynamic> q =
      |                                                                                ^
/home/jkang/third_party/PRIME/include/crocoddyl/contact_id/actions/arrival-fwddyn-id.hxx:82:80: warning: variable ‘v’ set but not used [-Wunused-but-set-variable]
   82 |     const Eigen::VectorBlock<const Eigen::Ref<const VectorXs>, Eigen::Dynamic> v =
      |                                                                                ^
/home/jkang/third_party/PRIME/include/crocoddyl/contact_id/actions/arrival-fwddyn-id.hxx: In instantiation of ‘void crocoddyl::ActionModelArrivalFwdDynamicsIDTpl<Scalar>::calcDiff(const boost::shared_ptr<crocoddyl::ActionDataAbstractTpl<_Scalar> >&, const Eigen::Ref<const typename crocoddyl::MathBaseTpl<_Scalar>::VectorXs>&, const Eigen::Ref<const typename crocoddyl::MathBaseTpl<_Scalar>::VectorXs>&) [with _Scalar = double; typename Eigen::internal::conditional<const typename crocoddyl::MathBaseTpl<_Scalar>::VectorXs::IsVectorAtCompileTime, Eigen::InnerStride<1>, Eigen::OuterStride<> >::type = Eigen::InnerStride<1>; typename crocoddyl::MathBaseTpl<_Scalar>::VectorXs = Eigen::Matrix<double, -1, 1>]’:
/home/jkang/third_party/PRIME/include/crocoddyl/contact_id/actions/arrival-fwddyn-id.hxx:116:8:   required from here
/home/jkang/third_party/PRIME/include/crocoddyl/contact_id/actions/arrival-fwddyn-id.hxx:136:80: warning: variable ‘q’ set but not used [-Wunused-but-set-variable]
  136 |     const Eigen::VectorBlock<const Eigen::Ref<const VectorXs>, Eigen::Dynamic> q =
      |                                                                                ^
/home/jkang/third_party/PRIME/include/crocoddyl/contact_id/actions/arrival-fwddyn-id.hxx:138:80: warning: variable ‘v’ set but not used [-Wunused-but-set-variable]
  138 |     const Eigen::VectorBlock<const Eigen::Ref<const VectorXs>, Eigen::Dynamic> v =
      |                                                                                ^
In file included from /home/jkang/third_party/PRIME/include/crocoddyl/contact_id/problem/contact-anitescu-id.hpp:35,
                 from /home/jkang/third_party/PRIME/src/contact_id/problem/contact-anitescu-id.cpp:16:
/home/jkang/third_party/PRIME/include/crocoddyl/contact_id/actuations/floating-base-id-arrivial.hpp: In instantiation of ‘boost::shared_ptr<crocoddyl::ActuationDataAbstractTpl<_Scalar> > crocoddyl::ActuationModelFloatingBaseArrivalIDTpl<Scalar>::createData() [with _Scalar = double]’:
/home/jkang/third_party/PRIME/include/crocoddyl/contact_id/actuations/floating-base-id-arrivial.hpp:150:37:   required from here
/home/jkang/third_party/PRIME/include/crocoddyl/contact_id/actuations/floating-base-id-arrivial.hpp:156:25: warning: unused variable ‘root_joint_id’ [-Wunused-variable]
  156 |       const std::size_t root_joint_id =
      |                         ^~~~~~~~~~~~~
In file included from /home/jkang/third_party/PRIME/include/crocoddyl/contact_id/actions/contact-fwddyn-anitescu-id.hpp:353,
                 from /home/jkang/third_party/PRIME/include/crocoddyl/contact_id/problem/contact-anitescu-id.hpp:33,
                 from /home/jkang/third_party/PRIME/src/contact_id/problem/contact-anitescu-id.cpp:16:
/home/jkang/third_party/PRIME/include/crocoddyl/contact_id/actions/contact-fwddyn-anitescu-id.hxx: In instantiation of ‘void crocoddyl::DifferentialActionModelContactFwdDynamicsAnitescuSystemidTpl<Scalar>::calc(const boost::shared_ptr<crocoddyl::DifferentialActionDataAbstractTpl<_Scalar> >&, const Eigen::Ref<const typename crocoddyl::MathBaseTpl<_Scalar>::VectorXs>&) [with _Scalar = double; typename Eigen::internal::conditional<const typename crocoddyl::MathBaseTpl<_Scalar>::VectorXs::IsVectorAtCompileTime, Eigen::InnerStride<1>, Eigen::OuterStride<> >::type = Eigen::InnerStride<1>; typename crocoddyl::MathBaseTpl<_Scalar>::VectorXs = Eigen::Matrix<double, -1, 1>]’:
/home/jkang/third_party/PRIME/include/crocoddyl/contact_id/actions/contact-fwddyn-anitescu-id.hxx:235:8:   required from here
/home/jkang/third_party/PRIME/include/crocoddyl/contact_id/actions/contact-fwddyn-anitescu-id.hxx:251:80: warning: variable ‘p’ set but not used [-Wunused-but-set-variable]
  251 |     const Eigen::VectorBlock<const Eigen::Ref<const VectorXs>, Eigen::Dynamic> p =
      |                                                                                ^
/home/jkang/third_party/PRIME/include/crocoddyl/contact_id/actions/contact-fwddyn-anitescu-id.hxx: In instantiation of ‘void crocoddyl::DifferentialActionModelContactFwdDynamicsAnitescuSystemidTpl<Scalar>::calcDiff(const boost::shared_ptr<crocoddyl::DifferentialActionDataAbstractTpl<_Scalar> >&, const Eigen::Ref<const typename crocoddyl::MathBaseTpl<_Scalar>::VectorXs>&, const Eigen::Ref<const typename crocoddyl::MathBaseTpl<_Scalar>::VectorXs>&) [with _Scalar = double; typename Eigen::internal::conditional<const typename crocoddyl::MathBaseTpl<_Scalar>::VectorXs::IsVectorAtCompileTime, Eigen::InnerStride<1>, Eigen::OuterStride<> >::type = Eigen::InnerStride<1>; typename crocoddyl::MathBaseTpl<_Scalar>::VectorXs = Eigen::Matrix<double, -1, 1>]’:
/home/jkang/third_party/PRIME/include/crocoddyl/contact_id/actions/contact-fwddyn-anitescu-id.hxx:266:8:   required from here
/home/jkang/third_party/PRIME/include/crocoddyl/contact_id/actions/contact-fwddyn-anitescu-id.hxx:288:80: warning: variable ‘v’ set but not used [-Wunused-but-set-variable]
  288 |     const Eigen::VectorBlock<const Eigen::Ref<const VectorXs>, Eigen::Dynamic> v =
      |                                                                                ^
/home/jkang/third_party/PRIME/include/crocoddyl/contact_id/actions/contact-fwddyn-anitescu-id.hxx:290:80: warning: variable ‘p’ set but not used [-Wunused-but-set-variable]
  290 |     const Eigen::VectorBlock<const Eigen::Ref<const VectorXs>, Eigen::Dynamic> p =
      |                                                                                ^
In file included from /opt/openrobots/include/hpp/fcl/config.hh:1,
                 from /opt/openrobots/include/pinocchio/serialization/eigen.hpp:20,
                 from /opt/openrobots/include/pinocchio/serialization/fwd.hpp:11,
                 from /opt/openrobots/include/pinocchio/multibody/joint/joint-composite.hpp:14,
                 from /opt/openrobots/include/pinocchio/multibody/joint/joint-generic.hpp:9,
                 from /opt/openrobots/include/pinocchio/multibody/model.hpp:17,
                 from /home/jkang/third_party/PRIME/include/crocoddyl/contact_id/config/contact-id-config.hpp:28,
                 from /home/jkang/third_party/PRIME_ros/src/prime_contact_id_ros/src/prime_csv_replay_node.cpp:20:
/opt/openrobots/include/hpp/fcl/coal.hpp:10:71: note: ‘#pragma message: Please update your includes from 'hpp/fcl' to 'coal'’
   10 | #pragma message("Please update your includes from 'hpp/fcl' to 'coal'")
      |                                                                       ^
In file included from /opt/openrobots/include/hpp/fcl/config.hh:1,
                 from /opt/openrobots/include/pinocchio/serialization/eigen.hpp:20,
                 from /opt/openrobots/include/pinocchio/serialization/fwd.hpp:11,
                 from /opt/openrobots/include/pinocchio/multibody/joint/joint-composite.hpp:14,
                 from /opt/openrobots/include/pinocchio/multibody/joint/joint-generic.hpp:9,
                 from /opt/openrobots/include/pinocchio/multibody/model.hpp:17,
                 from /home/jkang/third_party/PRIME/include/crocoddyl/contact_id/config/contact-id-config.hpp:28,
                 from /home/jkang/third_party/PRIME_ros/src/prime_contact_id_ros/src/prime_moving_window_node.cpp:36:
/opt/openrobots/include/hpp/fcl/coal.hpp:10:71: note: ‘#pragma message: Please update your includes from 'hpp/fcl' to 'coal'’
   10 | #pragma message("Please update your includes from 'hpp/fcl' to 'coal'")
      |                                                                       ^
