-- Found ament_cmake: 1.3.11 (/opt/ros/humble/share/ament_cmake/cmake)
-- Override CMake install command with custom implementation using symlinks instead of copying resources
-- Found rclcpp: 16.0.12 (/opt/ros/humble/share/rclcpp/cmake)
-- Found rosidl_generator_c: 3.1.6 (/opt/ros/humble/share/rosidl_generator_c/cmake)
-- Found rosidl_adapter: 3.1.6 (/opt/ros/humble/share/rosidl_adapter/cmake)
-- Found rosidl_generator_cpp: 3.1.6 (/opt/ros/humble/share/rosidl_generator_cpp/cmake)
-- Using all available rosidl_typesupport_c: rosidl_typesupport_fastrtps_c;rosidl_typesupport_introspection_c
-- Using all available rosidl_typesupport_cpp: rosidl_typesupport_fastrtps_cpp;rosidl_typesupport_introspection_cpp
-- Found rmw_implementation_cmake: 6.1.2 (/opt/ros/humble/share/rmw_implementation_cmake/cmake)
-- Found rmw_fastrtps_cpp: 6.2.7 (/opt/ros/humble/share/rmw_fastrtps_cpp/cmake)
-- Using RMW implementation 'rmw_fastrtps_cpp' as default
-- Found sensor_msgs: 4.9.0 (/opt/ros/humble/share/sensor_msgs/cmake)
-- Found nav_msgs: 4.9.0 (/opt/ros/humble/share/nav_msgs/cmake)
-- Found diagnostic_msgs: 4.9.0 (/opt/ros/humble/share/diagnostic_msgs/cmake)
CMake Warning at /opt/openrobots/lib/cmake/hpp-fcl/hpp-fclConfig.cmake:3 (message):
  Please update your CMake from 'hpp-fcl' to 'coal'
Call Stack (most recent call first):
  CMakeLists.txt:13 (find_package)


-- coal FOUND. coal at /opt/openrobots/lib/libcoal.so
-- Found Boost: /usr/include (found version "1.74.0") found components: chrono thread date_time serialization filesystem atomic 
-- Default C++ standard: 201703
-- C++ standard sufficient: Minimal required 14, currently defined: 17
-- JRL cmakemodules found in 'cmake/' git submodule
-- Configuring "crocoddyl" (https://github.com/loco-3d/crocoddyl)
-- Package version (ROS package.xml): 0.1.0
-- Contact RObot COntrol by Differential DYnamic programming Library (Crocoddyl), version 0.1.0
-- Copyright (C) 2018-2024 CNRS-LAAS, University of Edinburgh, INRIA
--                         Heriot-Watt University
-- All rights reserved.
-- Released under the BSD 3-Clause License.
-- Could NOT find Doxygen (missing: DOXYGEN_EXECUTABLE) 
-- Failed to find Doxygen, documentation will not be generated.
-- C++ standard sufficient: Minimal required 14, currently defined: 17
-- pinocchio_default FOUND. pinocchio_default at /opt/openrobots/lib/libpinocchio_default.so
-- pinocchio_parsers FOUND. pinocchio_parsers at /opt/openrobots/lib/libpinocchio_parsers.so
-- pinocchio_casadi FOUND. pinocchio_casadi at /opt/openrobots/lib/libpinocchio_casadi.so
-- boost_filesystem FOUND. boost_filesystem at /usr/lib/x86_64-linux-gnu/libboost_filesystem.so
-- boost_serialization FOUND. boost_serialization at /usr/lib/x86_64-linux-gnu/libboost_serialization.so
-- boost_system FOUND. boost_system at /usr/lib/x86_64-linux-gnu/libboost_system.so
-- Found Boost: /usr/include (found version "1.74.0") found components: filesystem serialization system 
CMake Warning at /opt/openrobots/lib/cmake/hpp-fcl/hpp-fclConfig.cmake:3 (message):
  Please update your CMake from 'hpp-fcl' to 'coal'
Call Stack (most recent call first):
  /usr/share/cmake-3.22/Modules/CMakeFindDependencyMacro.cmake:47 (find_package)
  /opt/openrobots/lib/cmake/pinocchio/pinocchioConfig.cmake:161 (find_dependency)
  /home/jkang/third_party/PRIME/cmake/package-config.cmake:133 (find_package)
  /home/jkang/third_party/PRIME/CMakeLists.txt:107 (add_project_dependency)


-- C++ standard sufficient: Minimal required 14, currently defined: 17
-- example-robot-data is optional.
-- Checking for module 'example-robot-data'
--   Found example-robot-data, version 4.2.0
-- Pkg-config module example-robot-data v4.2.0 has been detected with success.
-- scipy is optional.
-- Checking for module 'scipy'
--   No package 'scipy' found
-- Found Boost: /usr/include (found suitable version "1.74.0", minimum required is "1.65") found components: filesystem serialization system 
-- Found Boost: /usr/include (found suitable version "1.74.0", minimum required is "1.65") found components: unit_test_framework 
-- Create files for AMENT (ROS 2)
-- Configuring done
-- Generating done
-- Build files have been written to: /home/jkang/third_party/PRIME_ros/build/prime_contact_id_ros
Consolidate compiler generated dependencies of target crocoddyl
[  5%] Building CXX object prime/CMakeFiles/crocoddyl.dir/src/core/solver-base.cpp.o
[ 10%] Building CXX object prime/CMakeFiles/crocoddyl.dir/src/contact_id/problem/contact-anitescu-id.cpp.o
[ 15%] Building CXX object prime/CMakeFiles/crocoddyl.dir/src/core/solvers/kkt.cpp.o
[ 20%] Building CXX object prime/CMakeFiles/crocoddyl.dir/src/core/solvers/box-ddp.cpp.o
[ 25%] Building CXX object prime/CMakeFiles/crocoddyl.dir/src/core/solvers/box-fddp.cpp.o
[ 30%] Building CXX object prime/CMakeFiles/crocoddyl.dir/src/core/utils/callbacks.cpp.o
[ 40%] Building CXX object prime/CMakeFiles/crocoddyl.dir/src/core/utils/exception.cpp.o
[ 40%] Building CXX object prime/CMakeFiles/crocoddyl.dir/src/core/solvers/box-qp.cpp.o
[ 45%] Building CXX object prime/CMakeFiles/crocoddyl.dir/src/core/solvers/ddp.cpp.o
[ 50%] Building CXX object prime/CMakeFiles/crocoddyl.dir/src/core/solvers/fddp.cpp.o
[ 55%] Building CXX object prime/CMakeFiles/crocoddyl.dir/src/core/utils/stop-watch.cpp.o
[ 65%] Building CXX object prime/CMakeFiles/crocoddyl.dir/src/multibody/utils/contact-anitescu-id.cpp.o
[ 65%] Building CXX object prime/CMakeFiles/crocoddyl.dir/src/core/solvers/intro.cpp.o
[ 70%] Building CXX object prime/CMakeFiles/crocoddyl.dir/src/multibody/utils/quadruped-anitescu-id.cpp.o
[ 75%] Building CXX object prime/CMakeFiles/crocoddyl.dir/src/multibody/utils/quadruped-gaits.cpp.o
/home/jkang/third_party/PRIME/src/core/solver-base.cpp: In constructor ‘crocoddyl::SolverAbstract::SolverAbstract(boost::shared_ptr<crocoddyl::ShootingProblemTpl<double> >)’:
/home/jkang/third_party/PRIME/src/core/solver-base.cpp:46:19: warning: ‘crocoddyl::SolverAbstract::xreg_’ is deprecated: Use preg_ for primal-variable regularization [-Wdeprecated-declarations]
   46 |       tmp_feas_(0.) {
      |                   ^
In file included from /home/jkang/third_party/PRIME/include/crocoddyl/core/fwd.hpp:12,
                 from /home/jkang/third_party/PRIME/include/crocoddyl/core/action-base.hpp:17,
                 from /home/jkang/third_party/PRIME/include/crocoddyl/core/optctrl/shooting.hpp:15,
                 from /home/jkang/third_party/PRIME/include/crocoddyl/core/solver-base.hpp:15,
                 from /home/jkang/third_party/PRIME/src/core/solver-base.cpp:14:
/home/jkang/third_party/PRIME/include/crocoddyl/core/solver-base.hpp:466:21: note: declared here
  466 |              double xreg_;)  //!< Current state regularization value
      |                     ^~~~~
/home/jkang/third_party/PRIME/include/crocoddyl/core/utils/deprecate.hpp:19:51: note: in definition of macro ‘DEPRECATED’
   19 | #define DEPRECATED(msg, func) [[deprecated(msg)]] func
      |                                                   ^~~~
/home/jkang/third_party/PRIME/src/core/solver-base.cpp:46:19: warning: ‘crocoddyl::SolverAbstract::xreg_’ is deprecated: Use preg_ for primal-variable regularization [-Wdeprecated-declarations]
   46 |       tmp_feas_(0.) {
      |                   ^
In file included from /home/jkang/third_party/PRIME/include/crocoddyl/core/fwd.hpp:12,
                 from /home/jkang/third_party/PRIME/include/crocoddyl/core/action-base.hpp:17,
                 from /home/jkang/third_party/PRIME/include/crocoddyl/core/optctrl/shooting.hpp:15,
                 from /home/jkang/third_party/PRIME/include/crocoddyl/core/solver-base.hpp:15,
                 from /home/jkang/third_party/PRIME/src/core/solver-base.cpp:14:
/home/jkang/third_party/PRIME/include/crocoddyl/core/solver-base.hpp:466:21: note: declared here
  466 |              double xreg_;)  //!< Current state regularization value
      |                     ^~~~~
/home/jkang/third_party/PRIME/include/crocoddyl/core/utils/deprecate.hpp:19:51: note: in definition of macro ‘DEPRECATED’
   19 | #define DEPRECATED(msg, func) [[deprecated(msg)]] func
      |                                                   ^~~~
/home/jkang/third_party/PRIME/src/core/solver-base.cpp:46:19: warning: ‘crocoddyl::SolverAbstract::ureg_’ is deprecated: Use dreg_ for primal-variable regularization [-Wdeprecated-declarations]
   46 |       tmp_feas_(0.) {
      |                   ^
In file included from /home/jkang/third_party/PRIME/include/crocoddyl/core/fwd.hpp:12,
                 from /home/jkang/third_party/PRIME/include/crocoddyl/core/action-base.hpp:17,
                 from /home/jkang/third_party/PRIME/include/crocoddyl/core/optctrl/shooting.hpp:15,
                 from /home/jkang/third_party/PRIME/include/crocoddyl/core/solver-base.hpp:15,
                 from /home/jkang/third_party/PRIME/src/core/solver-base.cpp:14:
/home/jkang/third_party/PRIME/include/crocoddyl/core/solver-base.hpp:468:21: note: declared here
  468 |              double ureg_;)        //!< Current control regularization values
      |                     ^~~~~
/home/jkang/third_party/PRIME/include/crocoddyl/core/utils/deprecate.hpp:19:51: note: in definition of macro ‘DEPRECATED’
   19 | #define DEPRECATED(msg, func) [[deprecated(msg)]] func
      |                                                   ^~~~
/home/jkang/third_party/PRIME/src/core/solver-base.cpp:46:19: warning: ‘crocoddyl::SolverAbstract::ureg_’ is deprecated: Use dreg_ for primal-variable regularization [-Wdeprecated-declarations]
   46 |       tmp_feas_(0.) {
      |                   ^
In file included from /home/jkang/third_party/PRIME/include/crocoddyl/core/fwd.hpp:12,
                 from /home/jkang/third_party/PRIME/include/crocoddyl/core/action-base.hpp:17,
                 from /home/jkang/third_party/PRIME/include/crocoddyl/core/optctrl/shooting.hpp:15,
                 from /home/jkang/third_party/PRIME/include/crocoddyl/core/solver-base.hpp:15,
                 from /home/jkang/third_party/PRIME/src/core/solver-base.cpp:14:
/home/jkang/third_party/PRIME/include/crocoddyl/core/solver-base.hpp:468:21: note: declared here
  468 |              double ureg_;)        //!< Current control regularization values
      |                     ^~~~~
/home/jkang/third_party/PRIME/include/crocoddyl/core/utils/deprecate.hpp:19:51: note: in definition of macro ‘DEPRECATED’
   19 | #define DEPRECATED(msg, func) [[deprecated(msg)]] func
      |                                                   ^~~~
/home/jkang/third_party/PRIME/src/core/solver-base.cpp: In member function ‘void crocoddyl::SolverAbstract::set_xreg(double)’:
/home/jkang/third_party/PRIME/src/core/solver-base.cpp:437:7: warning: ‘crocoddyl::SolverAbstract::xreg_’ is deprecated: Use preg_ for primal-variable regularization [-Wdeprecated-declarations]
  437 |       xreg_ = xreg;
      |       ^~~~~
/home/jkang/third_party/PRIME/include/crocoddyl/core/utils/deprecate.hpp:19:51: note: in definition of macro ‘DEPRECATED’
   19 | #define DEPRECATED(msg, func) [[deprecated(msg)]] func
      |                                                   ^~~~
/home/jkang/third_party/PRIME/include/crocoddyl/core/solver-base.hpp:466:21: note: declared here
  466 |              double xreg_;)  //!< Current state regularization value
      |                     ^~~~~
/home/jkang/third_party/PRIME/include/crocoddyl/core/utils/deprecate.hpp:19:51: note: in definition of macro ‘DEPRECATED’
   19 | #define DEPRECATED(msg, func) [[deprecated(msg)]] func
      |                                                   ^~~~
/home/jkang/third_party/PRIME/src/core/solver-base.cpp:437:7: warning: ‘crocoddyl::SolverAbstract::xreg_’ is deprecated: Use preg_ for primal-variable regularization [-Wdeprecated-declarations]
  437 |       xreg_ = xreg;
      |       ^~~~~
/home/jkang/third_party/PRIME/include/crocoddyl/core/utils/deprecate.hpp:19:51: note: in definition of macro ‘DEPRECATED’
   19 | #define DEPRECATED(msg, func) [[deprecated(msg)]] func
      |                                                   ^~~~
/home/jkang/third_party/PRIME/include/crocoddyl/core/solver-base.hpp:466:21: note: declared here
  466 |              double xreg_;)  //!< Current state regularization value
      |                     ^~~~~
/home/jkang/third_party/PRIME/include/crocoddyl/core/utils/deprecate.hpp:19:51: note: in definition of macro ‘DEPRECATED’
   19 | #define DEPRECATED(msg, func) [[deprecated(msg)]] func
      |                                                   ^~~~
/home/jkang/third_party/PRIME/src/core/solver-base.cpp: In member function ‘void crocoddyl::SolverAbstract::set_ureg(double)’:
/home/jkang/third_party/PRIME/src/core/solver-base.cpp:447:7: warning: ‘crocoddyl::SolverAbstract::ureg_’ is deprecated: Use dreg_ for primal-variable regularization [-Wdeprecated-declarations]
  447 |       ureg_ = ureg;
      |       ^~~~~
/home/jkang/third_party/PRIME/include/crocoddyl/core/utils/deprecate.hpp:19:51: note: in definition of macro ‘DEPRECATED’
   19 | #define DEPRECATED(msg, func) [[deprecated(msg)]] func
      |                                                   ^~~~
/home/jkang/third_party/PRIME/include/crocoddyl/core/solver-base.hpp:468:21: note: declared here
  468 |              double ureg_;)        //!< Current control regularization values
      |                     ^~~~~
/home/jkang/third_party/PRIME/include/crocoddyl/core/utils/deprecate.hpp:19:51: note: in definition of macro ‘DEPRECATED’
   19 | #define DEPRECATED(msg, func) [[deprecated(msg)]] func
      |                                                   ^~~~
/home/jkang/third_party/PRIME/src/core/solver-base.cpp:447:7: warning: ‘crocoddyl::SolverAbstract::ureg_’ is deprecated: Use dreg_ for primal-variable regularization [-Wdeprecated-declarations]
  447 |       ureg_ = ureg;
      |       ^~~~~
/home/jkang/third_party/PRIME/include/crocoddyl/core/utils/deprecate.hpp:19:51: note: in definition of macro ‘DEPRECATED’
   19 | #define DEPRECATED(msg, func) [[deprecated(msg)]] func
      |                                                   ^~~~
/home/jkang/third_party/PRIME/include/crocoddyl/core/solver-base.hpp:468:21: note: declared here
  468 |              double ureg_;)        //!< Current control regularization values
      |                     ^~~~~
/home/jkang/third_party/PRIME/include/crocoddyl/core/utils/deprecate.hpp:19:51: note: in definition of macro ‘DEPRECATED’
   19 | #define DEPRECATED(msg, func) [[deprecated(msg)]] func
      |                                                   ^~~~
In file included from /opt/openrobots/include/hpp/fcl/config.hh:1,
                 from /opt/openrobots/include/pinocchio/serialization/eigen.hpp:20,
                 from /opt/openrobots/include/pinocchio/serialization/fwd.hpp:11,
                 from /opt/openrobots/include/pinocchio/multibody/joint/joint-composite.hpp:14,
                 from /opt/openrobots/include/pinocchio/multibody/joint/joint-generic.hpp:9,
                 from /opt/openrobots/include/pinocchio/multibody/model.hpp:17,
                 from /opt/openrobots/include/pinocchio/algorithm/frames.hpp:8,
                 from /home/jkang/third_party/PRIME/include/crocoddyl/contact_id/problem/contact-anitescu-id.hpp:21,
                 from /home/jkang/third_party/PRIME/src/contact_id/problem/contact-anitescu-id.cpp:16:
/opt/openrobots/include/hpp/fcl/coal.hpp:10:71: note: ‘#pragma message: Please update your includes from 'hpp/fcl' to 'coal'’
   10 | #pragma message("Please update your includes from 'hpp/fcl' to 'coal'")
      |                                                                       ^
In file included from /opt/openrobots/include/hpp/fcl/config.hh:1,
                 from /opt/openrobots/include/pinocchio/serialization/eigen.hpp:20,
                 from /opt/openrobots/include/pinocchio/serialization/fwd.hpp:11,
                 from /opt/openrobots/include/pinocchio/multibody/joint/joint-composite.hpp:14,
                 from /opt/openrobots/include/pinocchio/multibody/joint/joint-generic.hpp:9,
                 from /opt/openrobots/include/pinocchio/multibody/model.hpp:17,
                 from /opt/openrobots/include/pinocchio/algorithm/center-of-mass.hpp:8,
                 from /home/jkang/third_party/PRIME/include/crocoddyl/multibody/utils/quadruped-gaits.hpp:12,
                 from /home/jkang/third_party/PRIME/src/multibody/utils/quadruped-gaits.cpp:9:
/opt/openrobots/include/hpp/fcl/coal.hpp:10:71: note: ‘#pragma message: Please update your includes from 'hpp/fcl' to 'coal'’
   10 | #pragma message("Please update your includes from 'hpp/fcl' to 'coal'")
      |                                                                       ^
In file included from /opt/openrobots/include/hpp/fcl/config.hh:1,
                 from /opt/openrobots/include/pinocchio/serialization/eigen.hpp:20,
                 from /opt/openrobots/include/pinocchio/serialization/fwd.hpp:11,
                 from /opt/openrobots/include/pinocchio/multibody/joint/joint-composite.hpp:14,
                 from /opt/openrobots/include/pinocchio/multibody/joint/joint-generic.hpp:9,
                 from /opt/openrobots/include/pinocchio/multibody/model.hpp:17,
                 from /opt/openrobots/include/pinocchio/algorithm/frames.hpp:8,
                 from /home/jkang/third_party/PRIME/include/crocoddyl/contact_id/problem/contact-anitescu-id.hpp:21,
                 from /home/jkang/third_party/PRIME/include/crocoddyl/multibody/utils/contact-anitescu-id.hpp:11,
                 from /home/jkang/third_party/PRIME/include/crocoddyl/multibody/utils/quadruped-anitescu-id.hpp:12,
                 from /home/jkang/third_party/PRIME/src/multibody/utils/quadruped-anitescu-id.cpp:9:
/opt/openrobots/include/hpp/fcl/coal.hpp:10:71: note: ‘#pragma message: Please update your includes from 'hpp/fcl' to 'coal'’
   10 | #pragma message("Please update your includes from 'hpp/fcl' to 'coal'")
      |                                                                       ^
In file included from /opt/openrobots/include/hpp/fcl/config.hh:1,
                 from /opt/openrobots/include/pinocchio/serialization/eigen.hpp:20,
                 from /opt/openrobots/include/pinocchio/serialization/fwd.hpp:11,
                 from /opt/openrobots/include/pinocchio/multibody/joint/joint-composite.hpp:14,
                 from /opt/openrobots/include/pinocchio/multibody/joint/joint-generic.hpp:9,
                 from /opt/openrobots/include/pinocchio/multibody/model.hpp:17,
                 from /opt/openrobots/include/pinocchio/algorithm/frames.hpp:8,
                 from /home/jkang/third_party/PRIME/include/crocoddyl/contact_id/problem/contact-anitescu-id.hpp:21,
                 from /home/jkang/third_party/PRIME/include/crocoddyl/multibody/utils/contact-anitescu-id.hpp:11,
                 from /home/jkang/third_party/PRIME/src/multibody/utils/contact-anitescu-id.cpp:7:
/opt/openrobots/include/hpp/fcl/coal.hpp:10:71: note: ‘#pragma message: Please update your includes from 'hpp/fcl' to 'coal'’
   10 | #pragma message("Please update your includes from 'hpp/fcl' to 'coal'")
      |                                                                       ^
In file included from /home/jkang/third_party/PRIME/include/crocoddyl/contact_id/actions/contact-fwddyn-anitescu-id.hpp:31,
                 from /home/jkang/third_party/PRIME/include/crocoddyl/contact_id/problem/contact-anitescu-id.hpp:33,
                 from /home/jkang/third_party/PRIME/src/contact_id/problem/contact-anitescu-id.cpp:16:
/home/jkang/third_party/PRIME/include/crocoddyl/contact_id/anitescu/DifferentiableAnitescuSimulator.hpp: In member function ‘void DifferentiableAnitescuSimulator::computeSensitivities()’:
/home/jkang/third_party/PRIME/include/crocoddyl/contact_id/anitescu/DifferentiableAnitescuSimulator.hpp:405:37: warning: comparison of integer expressions of different signedness: ‘pinocchio::JointIndex’ {aka ‘long unsigned int’} and ‘const int’ [-Wsign-compare]
  405 |                 if (jid == 0 || jid >= model_.njoints)
      |                                 ~~~~^~~~~~~~~~~~~~~~~
/home/jkang/third_party/PRIME/include/crocoddyl/contact_id/anitescu/DifferentiableAnitescuSimulator.hpp:426:37: warning: comparison of integer expressions of different signedness: ‘pinocchio::JointIndex’ {aka ‘long unsigned int’} and ‘const int’ [-Wsign-compare]
  426 |                 if (jid == 0 || jid >= model_.njoints)
      |                                 ~~~~^~~~~~~~~~~~~~~~~
/home/jkang/third_party/PRIME/include/crocoddyl/contact_id/anitescu/DifferentiableAnitescuSimulator.hpp:429:76: warning: conversion from ‘pinocchio::JointIndex’ {aka ‘long unsigned int’} to ‘int’ may change value [-Wconversion]
  429 |                 Eigen::VectorXd p_jid = computeLogCholeskyFromLink(model_, jid);
      |                                                                            ^~~
In file included from /home/jkang/third_party/PRIME/include/crocoddyl/contact_id/actions/contact-fwddyn-anitescu-id.hpp:31,
                 from /home/jkang/third_party/PRIME/include/crocoddyl/contact_id/problem/contact-anitescu-id.hpp:33,
                 from /home/jkang/third_party/PRIME/include/crocoddyl/multibody/utils/contact-anitescu-id.hpp:11,
                 from /home/jkang/third_party/PRIME/include/crocoddyl/multibody/utils/quadruped-anitescu-id.hpp:12,
                 from /home/jkang/third_party/PRIME/src/multibody/utils/quadruped-anitescu-id.cpp:9:
/home/jkang/third_party/PRIME/include/crocoddyl/contact_id/anitescu/DifferentiableAnitescuSimulator.hpp: In member function ‘void DifferentiableAnitescuSimulator::computeSensitivities()’:
/home/jkang/third_party/PRIME/include/crocoddyl/contact_id/anitescu/DifferentiableAnitescuSimulator.hpp:405:37: warning: comparison of integer expressions of different signedness: ‘pinocchio::JointIndex’ {aka ‘long unsigned int’} and ‘const int’ [-Wsign-compare]
  405 |                 if (jid == 0 || jid >= model_.njoints)
      |                                 ~~~~^~~~~~~~~~~~~~~~~
/home/jkang/third_party/PRIME/include/crocoddyl/contact_id/anitescu/DifferentiableAnitescuSimulator.hpp:426:37: warning: comparison of integer expressions of different signedness: ‘pinocchio::JointIndex’ {aka ‘long unsigned int’} and ‘const int’ [-Wsign-compare]
  426 |                 if (jid == 0 || jid >= model_.njoints)
      |                                 ~~~~^~~~~~~~~~~~~~~~~
/home/jkang/third_party/PRIME/include/crocoddyl/contact_id/anitescu/DifferentiableAnitescuSimulator.hpp:429:76: warning: conversion from ‘pinocchio::JointIndex’ {aka ‘long unsigned int’} to ‘int’ may change value [-Wconversion]
  429 |                 Eigen::VectorXd p_jid = computeLogCholeskyFromLink(model_, jid);
      |                                                                            ^~~
/home/jkang/third_party/PRIME/src/contact_id/problem/contact-anitescu-id.cpp: In function ‘Eigen::VectorXd crocoddyl::computeFrozenSFromLogCholeskyJacobian(const Model&, pinocchio::JointIndex, double)’:
/home/jkang/third_party/PRIME/src/contact_id/problem/contact-anitescu-id.cpp:93:59: warning: conversion from ‘pinocchio::JointIndex’ {aka ‘long unsigned int’} to ‘int’ may change value [-Wconversion]
   93 |   Eigen::VectorXd eta = computeLogCholeskyFromLink(model, j_link);
      |                                                           ^~~~~~
In file included from /home/jkang/third_party/PRIME/include/crocoddyl/contact_id/actions/contact-fwddyn-anitescu-id.hpp:31,
                 from /home/jkang/third_party/PRIME/include/crocoddyl/contact_id/problem/contact-anitescu-id.hpp:33,
                 from /home/jkang/third_party/PRIME/include/crocoddyl/multibody/utils/contact-anitescu-id.hpp:11,
                 from /home/jkang/third_party/PRIME/src/multibody/utils/contact-anitescu-id.cpp:7:
/home/jkang/third_party/PRIME/include/crocoddyl/contact_id/anitescu/DifferentiableAnitescuSimulator.hpp: In member function ‘void DifferentiableAnitescuSimulator::computeSensitivities()’:
/home/jkang/third_party/PRIME/include/crocoddyl/contact_id/anitescu/DifferentiableAnitescuSimulator.hpp:405:37: warning: comparison of integer expressions of different signedness: ‘pinocchio::JointIndex’ {aka ‘long unsigned int’} and ‘const int’ [-Wsign-compare]
  405 |                 if (jid == 0 || jid >= model_.njoints)
      |                                 ~~~~^~~~~~~~~~~~~~~~~
/home/jkang/third_party/PRIME/include/crocoddyl/contact_id/anitescu/DifferentiableAnitescuSimulator.hpp:426:37: warning: comparison of integer expressions of different signedness: ‘pinocchio::JointIndex’ {aka ‘long unsigned int’} and ‘const int’ [-Wsign-compare]
  426 |                 if (jid == 0 || jid >= model_.njoints)
      |                                 ~~~~^~~~~~~~~~~~~~~~~
/home/jkang/third_party/PRIME/include/crocoddyl/contact_id/anitescu/DifferentiableAnitescuSimulator.hpp:429:76: warning: conversion from ‘pinocchio::JointIndex’ {aka ‘long unsigned int’} to ‘int’ may change value [-Wconversion]
  429 |                 Eigen::VectorXd p_jid = computeLogCholeskyFromLink(model_, jid);
      |                                                                            ^~~
In file included from /home/jkang/third_party/PRIME/include/crocoddyl/contact_id/anitescu/BarrierSOCP.hpp:19,
                 from /home/jkang/third_party/PRIME/include/crocoddyl/contact_id/anitescu/DifferentiableAnitescuSimulator.hpp:34,
                 from /home/jkang/third_party/PRIME/include/crocoddyl/contact_id/actions/contact-fwddyn-anitescu-id.hpp:31,
                 from /home/jkang/third_party/PRIME/include/crocoddyl/contact_id/problem/contact-anitescu-id.hpp:33,
                 from /home/jkang/third_party/PRIME/include/crocoddyl/multibody/utils/contact-anitescu-id.hpp:11,
                 from /home/jkang/third_party/PRIME/include/crocoddyl/multibody/utils/quadruped-anitescu-id.hpp:12,
                 from /home/jkang/third_party/PRIME/src/multibody/utils/quadruped-anitescu-id.cpp:9:
/home/jkang/third_party/PRIME/include/crocoddyl/contact_id/anitescu/NewtonSolver.hpp: In instantiation of ‘bool NewtonSolver::solve(Eigen::VectorXd&, F&&, G&&, HFun&&, Feas&&) [with F = DifferentiableAnitescuSimulator::solveBarrierNewton()::<lambda(const VectorXd&)>; G = DifferentiableAnitescuSimulator::solveBarrierNewton()::<lambda(const VectorXd&, Eigen::VectorXd&)>; HFun = DifferentiableAnitescuSimulator::solveBarrierNewton()::<lambda(const VectorXd&, Eigen::MatrixXd&)>; Feas = DifferentiableAnitescuSimulator::solveBarrierNewton()::<lambda(const VectorXd&)>; Eigen::VectorXd = Eigen::Matrix<double, -1, 1>]’:
/home/jkang/third_party/PRIME/include/crocoddyl/contact_id/anitescu/DifferentiableAnitescuSimulator.hpp:340:22:   required from here
/home/jkang/third_party/PRIME/include/crocoddyl/contact_id/anitescu/NewtonSolver.hpp:52:25: warning: conversion from ‘Eigen::EigenBase<Eigen::Matrix<double, -1, 1> >::Index’ {aka ‘long int’} to ‘int’ may change value [-Wconversion]
   52 |     const int n = x.size();
      |                   ~~~~~~^~
In file included from /home/jkang/third_party/PRIME/include/crocoddyl/contact_id/anitescu/BarrierSOCP.hpp:19,
                 from /home/jkang/third_party/PRIME/include/crocoddyl/contact_id/anitescu/DifferentiableAnitescuSimulator.hpp:34,
                 from /home/jkang/third_party/PRIME/include/crocoddyl/contact_id/actions/contact-fwddyn-anitescu-id.hpp:31,
                 from /home/jkang/third_party/PRIME/include/crocoddyl/contact_id/problem/contact-anitescu-id.hpp:33,
                 from /home/jkang/third_party/PRIME/src/contact_id/problem/contact-anitescu-id.cpp:16:
/home/jkang/third_party/PRIME/include/crocoddyl/contact_id/anitescu/NewtonSolver.hpp: In instantiation of ‘bool NewtonSolver::solve(Eigen::VectorXd&, F&&, G&&, HFun&&, Feas&&) [with F = DifferentiableAnitescuSimulator::solveBarrierNewton()::<lambda(const VectorXd&)>; G = DifferentiableAnitescuSimulator::solveBarrierNewton()::<lambda(const VectorXd&, Eigen::VectorXd&)>; HFun = DifferentiableAnitescuSimulator::solveBarrierNewton()::<lambda(const VectorXd&, Eigen::MatrixXd&)>; Feas = DifferentiableAnitescuSimulator::solveBarrierNewton()::<lambda(const VectorXd&)>; Eigen::VectorXd = Eigen::Matrix<double, -1, 1>]’:
/home/jkang/third_party/PRIME/include/crocoddyl/contact_id/anitescu/DifferentiableAnitescuSimulator.hpp:340:22:   required from here
/home/jkang/third_party/PRIME/include/crocoddyl/contact_id/anitescu/NewtonSolver.hpp:52:25: warning: conversion from ‘Eigen::EigenBase<Eigen::Matrix<double, -1, 1> >::Index’ {aka ‘long int’} to ‘int’ may change value [-Wconversion]
   52 |     const int n = x.size();
      |                   ~~~~~~^~
In file included from /home/jkang/third_party/PRIME/include/crocoddyl/multibody/actions/contact-fwddyn.hpp:400,
                 from /home/jkang/third_party/PRIME/include/crocoddyl/multibody/utils/quadruped-gaits.hpp:24,
                 from /home/jkang/third_party/PRIME/src/multibody/utils/quadruped-gaits.cpp:9:
/home/jkang/third_party/PRIME/include/crocoddyl/multibody/actions/contact-fwddyn.hxx: In instantiation of ‘void crocoddyl::DifferentialActionModelContactFwdDynamicsTpl<Scalar>::calc(const boost::shared_ptr<crocoddyl::DifferentialActionDataAbstractTpl<_Scalar> >&, const Eigen::Ref<const typename crocoddyl::MathBaseTpl<_Scalar>::VectorXs>&, const Eigen::Ref<const typename crocoddyl::MathBaseTpl<_Scalar>::VectorXs>&) [with _Scalar = double; typename Eigen::internal::conditional<const typename crocoddyl::MathBaseTpl<_Scalar>::VectorXs::IsVectorAtCompileTime, Eigen::InnerStride<1>, Eigen::OuterStride<> >::type = Eigen::InnerStride<1>; typename crocoddyl::MathBaseTpl<_Scalar>::VectorXs = Eigen::Matrix<double, -1, 1>]’:
/home/jkang/third_party/PRIME/include/crocoddyl/multibody/actions/contact-fwddyn.hxx:99:6:   required from here
/home/jkang/third_party/PRIME/include/crocoddyl/multibody/actions/contact-fwddyn.hxx:141:29: warning: ‘const typename pinocchio::DataTpl<_Scalar, _Options, JointCollectionTpl>::TangentVectorType& pinocchio::forwardDynamics(const pinocchio::ModelTpl<_Scalar, _Options, JointCollectionTpl>&, pinocchio::DataTpl<S1, O1, JointCollectionTpl>&, const Eigen::MatrixBase<Matrix3Like>&, const Eigen::MatrixBase<MatRet>&, const Eigen::MatrixBase<VectorLike>&, Scalar) [with Scalar = double; int Options = 0; JointCollectionTpl = pinocchio::JointCollectionDefaultTpl; TangentVectorType = Eigen::Matrix<double, -1, 1>; ConstraintMatrixType = Eigen::Block<Eigen::Matrix<double, -1, -1>, -1, -1, false>; DriftVectorType = Eigen::Block<Eigen::Matrix<double, -1, 1>, -1, 1, false>; typename pinocchio::DataTpl<_Scalar, _Options, JointCollectionTpl>::TangentVectorType = Eigen::Matrix<double, -1, 1>]’ is deprecated [-Wdeprecated-declarations]
  141 |   pinocchio::forwardDynamics(
      |   ~~~~~~~~~~~~~~~~~~~~~~~~~~^
  142 |       pinocchio_, d->pinocchio, d->multibody.actuation->tau,
      |       ~~~~~~~~~~~~~~~~~~~~~~~~~~~~~~~~~~~~~~~~~~~~~~~~~~~~~~
  143 |       d->multibody.contacts->Jc.topRows(nc), d->multibody.contacts->a0.head(nc),
      |       ~~~~~~~~~~~~~~~~~~~~~~~~~~~~~~~~~~~~~~~~~~~~~~~~~~~~~~~~~~~~~~~~~~~~~~~~~~
  144 |       JMinvJt_damping_);
      |       ~~~~~~~~~~~~~~~~~      
In file included from /opt/openrobots/include/pinocchio/algorithm/contact-dynamics.hpp:302,
                 from /home/jkang/third_party/PRIME/include/crocoddyl/multibody/actions/contact-fwddyn.hxx:12,
                 from /home/jkang/third_party/PRIME/include/crocoddyl/multibody/actions/contact-fwddyn.hpp:400,
                 from /home/jkang/third_party/PRIME/include/crocoddyl/multibody/utils/quadruped-gaits.hpp:24,
                 from /home/jkang/third_party/PRIME/src/multibody/utils/quadruped-gaits.cpp:9:
/opt/openrobots/include/pinocchio/algorithm/contact-dynamics.hxx:90:3: note: declared here
   90 |   forwardDynamics(
      |   ^~~~~~~~~~~~~~~
In file included from /home/jkang/third_party/PRIME/include/crocoddyl/multibody/actions/contact-fwddyn.hpp:400,
                 from /home/jkang/third_party/PRIME/include/crocoddyl/multibody/utils/quadruped-gaits.hpp:24,
                 from /home/jkang/third_party/PRIME/src/multibody/utils/quadruped-gaits.cpp:9:
/home/jkang/third_party/PRIME/include/crocoddyl/multibody/actions/contact-fwddyn.hxx: In instantiation of ‘void crocoddyl::DifferentialActionModelContactFwdDynamicsTpl<Scalar>::calcDiff(const boost::shared_ptr<crocoddyl::DifferentialActionDataAbstractTpl<_Scalar> >&, const Eigen::Ref<const typename crocoddyl::MathBaseTpl<_Scalar>::VectorXs>&, const Eigen::Ref<const typename crocoddyl::MathBaseTpl<_Scalar>::VectorXs>&) [with _Scalar = double; typename Eigen::internal::conditional<const typename crocoddyl::MathBaseTpl<_Scalar>::VectorXs::IsVectorAtCompileTime, Eigen::InnerStride<1>, Eigen::OuterStride<> >::type = Eigen::InnerStride<1>; typename crocoddyl::MathBaseTpl<_Scalar>::VectorXs = Eigen::Matrix<double, -1, 1>]’:
/home/jkang/third_party/PRIME/include/crocoddyl/multibody/actions/contact-fwddyn.hxx:187:6:   required from here
/home/jkang/third_party/PRIME/include/crocoddyl/multibody/actions/contact-fwddyn.hxx:218:47: warning: ‘void pinocchio::getKKTContactDynamicMatrixInverse(const pinocchio::ModelTpl<_Scalar, _Options, JointCollectionTpl>&, const pinocchio::DataTpl<S1, O1, JointCollectionTpl>&, const Eigen::MatrixBase<Matrix3Like>&, const Eigen::MatrixBase<MatRet>&) [with Scalar = double; int Options = 0; JointCollectionTpl = pinocchio::JointCollectionDefaultTpl; ConstraintMatrixType = Eigen::Block<Eigen::Matrix<double, -1, -1>, -1, -1, false>; KKTMatrixType = Eigen::Matrix<double, -1, -1>]’ is deprecated [-Wdeprecated-declarations]
  218 |   pinocchio::getKKTContactDynamicMatrixInverse(
      |   ~~~~~~~~~~~~~~~~~~~~~~~~~~~~~~~~~~~~~~~~~~~~^
  219 |       pinocchio_, d->pinocchio, d->multibody.contacts->Jc.topRows(nc), d->Kinv);
      |       ~~~~~~~~~~~~~~~~~~~~~~~~~~~~~~~~~~~~~~~~~~~~~~~~~~~~~~~~~~~~~~~~~~~~~~~~~
In file included from /opt/openrobots/include/pinocchio/algorithm/contact-dynamics.hpp:302,
                 from /home/jkang/third_party/PRIME/include/crocoddyl/multibody/actions/contact-fwddyn.hxx:12,
                 from /home/jkang/third_party/PRIME/include/crocoddyl/multibody/actions/contact-fwddyn.hpp:400,
                 from /home/jkang/third_party/PRIME/include/crocoddyl/multibody/utils/quadruped-gaits.hpp:24,
                 from /home/jkang/third_party/PRIME/src/multibody/utils/quadruped-gaits.cpp:9:
/opt/openrobots/include/pinocchio/algorithm/contact-dynamics.hxx:218:8: note: declared here
  218 |   void getKKTContactDynamicMatrixInverse(
      |        ^~~~~~~~~~~~~~~~~~~~~~~~~~~~~~~~~
In file included from /home/jkang/third_party/PRIME/include/crocoddyl/contact_id/anitescu/BarrierSOCP.hpp:19,
                 from /home/jkang/third_party/PRIME/include/crocoddyl/contact_id/anitescu/DifferentiableAnitescuSimulator.hpp:34,
                 from /home/jkang/third_party/PRIME/include/crocoddyl/contact_id/actions/contact-fwddyn-anitescu-id.hpp:31,
                 from /home/jkang/third_party/PRIME/include/crocoddyl/contact_id/problem/contact-anitescu-id.hpp:33,
                 from /home/jkang/third_party/PRIME/include/crocoddyl/multibody/utils/contact-anitescu-id.hpp:11,
                 from /home/jkang/third_party/PRIME/src/multibody/utils/contact-anitescu-id.cpp:7:
/home/jkang/third_party/PRIME/include/crocoddyl/contact_id/anitescu/NewtonSolver.hpp: In instantiation of ‘bool NewtonSolver::solve(Eigen::VectorXd&, F&&, G&&, HFun&&, Feas&&) [with F = DifferentiableAnitescuSimulator::solveBarrierNewton()::<lambda(const VectorXd&)>; G = DifferentiableAnitescuSimulator::solveBarrierNewton()::<lambda(const VectorXd&, Eigen::VectorXd&)>; HFun = DifferentiableAnitescuSimulator::solveBarrierNewton()::<lambda(const VectorXd&, Eigen::MatrixXd&)>; Feas = DifferentiableAnitescuSimulator::solveBarrierNewton()::<lambda(const VectorXd&)>; Eigen::VectorXd = Eigen::Matrix<double, -1, 1>]’:
/home/jkang/third_party/PRIME/include/crocoddyl/contact_id/anitescu/DifferentiableAnitescuSimulator.hpp:340:22:   required from here
/home/jkang/third_party/PRIME/include/crocoddyl/contact_id/anitescu/NewtonSolver.hpp:52:25: warning: conversion from ‘Eigen::EigenBase<Eigen::Matrix<double, -1, 1> >::Index’ {aka ‘long int’} to ‘int’ may change value [-Wconversion]
   52 |     const int n = x.size();
      |                   ~~~~~~^~
In file included from /home/jkang/third_party/PRIME/include/crocoddyl/multibody/contact-base.hpp:243,
                 from /home/jkang/third_party/PRIME/include/crocoddyl/multibody/contacts/multiple-contacts.hpp:19,
                 from /home/jkang/third_party/PRIME/include/crocoddyl/multibody/actions/contact-fwddyn.hpp:19,
                 from /home/jkang/third_party/PRIME/include/crocoddyl/multibody/utils/quadruped-gaits.hpp:24,
                 from /home/jkang/third_party/PRIME/src/multibody/utils/quadruped-gaits.cpp:9:
/home/jkang/third_party/PRIME/include/crocoddyl/multibody/contact-base.hxx: In instantiation of ‘void crocoddyl::ContactModelAbstractTpl<Scalar>::updateMode(const boost::shared_ptr<crocoddyl::ContactDataAbstractTpl<_Scalar> >&, const Scalar&, const Vector3s&, const Vector3s&) [with _Scalar = double; crocoddyl::ContactModelAbstractTpl<Scalar>::Scalar = double; crocoddyl::ContactModelAbstractTpl<Scalar>::Vector3s = Eigen::Matrix<double, 3, 1>]’:
/home/jkang/third_party/PRIME/include/crocoddyl/multibody/contact-base.hxx:79:8:   required from here
/home/jkang/third_party/PRIME/include/crocoddyl/multibody/contact-base.hxx:80:53: warning: unused parameter ‘data’ [-Wunused-parameter]
   80 |       const boost::shared_ptr<ContactDataAbstract> &data,
      |       ~~~~~~~~~~~~~~~~~~~~~~~~~~~~~~~~~~~~~~~~~~~~~~^~~~
/home/jkang/third_party/PRIME/include/crocoddyl/multibody/contact-base.hxx:81:21: warning: unused parameter ‘mode’ [-Wunused-parameter]
   81 |       const Scalar &mode,
      |       ~~~~~~~~~~~~~~^~~~
/home/jkang/third_party/PRIME/include/crocoddyl/multibody/contact-base.hxx:82:23: warning: unused parameter ‘normal’ [-Wunused-parameter]
   82 |       const Vector3s &normal,
      |       ~~~~~~~~~~~~~~~~^~~~~~
/home/jkang/third_party/PRIME/include/crocoddyl/multibody/contact-base.hxx:83:23: warning: unused parameter ‘tangent’ [-Wunused-parameter]
   83 |       const Vector3s &tangent)
      |       ~~~~~~~~~~~~~~~~^~~~~~~
In file included from /home/jkang/third_party/PRIME/include/crocoddyl/multibody/actions/impulse-fwddyn.hpp:373,
                 from /home/jkang/third_party/PRIME/include/crocoddyl/multibody/utils/quadruped-gaits.hpp:25,
                 from /home/jkang/third_party/PRIME/src/multibody/utils/quadruped-gaits.cpp:9:
/home/jkang/third_party/PRIME/include/crocoddyl/multibody/actions/impulse-fwddyn.hxx: In instantiation of ‘void crocoddyl::ActionModelImpulseFwdDynamicsTpl<Scalar>::initCalcDiff(crocoddyl::ActionModelImpulseFwdDynamicsTpl<Scalar>::Data*, const Eigen::Ref<const typename crocoddyl::MathBaseTpl<_Scalar>::VectorXs>&) [with _Scalar = double; crocoddyl::ActionModelImpulseFwdDynamicsTpl<Scalar>::Data = crocoddyl::ActionDataImpulseFwdDynamicsTpl<double>; typename Eigen::internal::conditional<const typename crocoddyl::MathBaseTpl<_Scalar>::VectorXs::IsVectorAtCompileTime, Eigen::InnerStride<1>, Eigen::OuterStride<> >::type = Eigen::InnerStride<1>; typename crocoddyl::MathBaseTpl<_Scalar>::VectorXs = Eigen::Matrix<double, -1, 1>]’:
/home/jkang/third_party/PRIME/include/crocoddyl/multibody/actions/impulse-fwddyn.hxx:115:3:   required from ‘void crocoddyl::ActionModelImpulseFwdDynamicsTpl<Scalar>::calcDiff(const boost::shared_ptr<crocoddyl::ActionDataAbstractTpl<_Scalar> >&, const Eigen::Ref<const typename crocoddyl::MathBaseTpl<_Scalar>::VectorXs>&, const Eigen::Ref<const typename crocoddyl::MathBaseTpl<_Scalar>::VectorXs>&) [with _Scalar = double; typename Eigen::internal::conditional<const typename crocoddyl::MathBaseTpl<_Scalar>::VectorXs::IsVectorAtCompileTime, Eigen::InnerStride<1>, Eigen::OuterStride<> >::type = Eigen::InnerStride<1>; typename crocoddyl::MathBaseTpl<_Scalar>::VectorXs = Eigen::Matrix<double, -1, 1>]’
/home/jkang/third_party/PRIME/include/crocoddyl/multibody/actions/impulse-fwddyn.hxx:109:6:   required from here
/home/jkang/third_party/PRIME/include/crocoddyl/multibody/actions/impulse-fwddyn.hxx:237:47: warning: ‘void pinocchio::getKKTContactDynamicMatrixInverse(const pinocchio::ModelTpl<_Scalar, _Options, JointCollectionTpl>&, const pinocchio::DataTpl<S1, O1, JointCollectionTpl>&, const Eigen::MatrixBase<Matrix3Like>&, const Eigen::MatrixBase<MatRet>&) [with Scalar = double; int Options = 0; JointCollectionTpl = pinocchio::JointCollectionDefaultTpl; ConstraintMatrixType = Eigen::Block<Eigen::Matrix<double, -1, -1>, -1, -1, false>; KKTMatrixType = Eigen::Matrix<double, -1, -1>]’ is deprecated [-Wdeprecated-declarations]
  237 |   pinocchio::getKKTContactDynamicMatrixInverse(
      |   ~~~~~~~~~~~~~~~~~~~~~~~~~~~~~~~~~~~~~~~~~~~~^
  238 |       pinocchio_, data->pinocchio, data->multibody.impulses->Jc.topRows(nc),
      |       ~~~~~~~~~~~~~~~~~~~~~~~~~~~~~~~~~~~~~~~~~~~~~~~~~~~~~~~~~~~~~~~~~~~~~~
  239 |       data->Kinv);
      |       ~~~~~~~~~~~                              
In file included from /opt/openrobots/include/pinocchio/algorithm/contact-dynamics.hpp:302,
                 from /home/jkang/third_party/PRIME/include/crocoddyl/multibody/actions/contact-fwddyn.hxx:12,
                 from /home/jkang/third_party/PRIME/include/crocoddyl/multibody/actions/contact-fwddyn.hpp:400,
                 from /home/jkang/third_party/PRIME/include/crocoddyl/multibody/utils/quadruped-gaits.hpp:24,
                 from /home/jkang/third_party/PRIME/src/multibody/utils/quadruped-gaits.cpp:9:
/opt/openrobots/include/pinocchio/algorithm/contact-dynamics.hxx:218:8: note: declared here
  218 |   void getKKTContactDynamicMatrixInverse(
      |        ^~~~~~~~~~~~~~~~~~~~~~~~~~~~~~~~~
In file included from /home/jkang/third_party/PRIME/include/crocoddyl/contact_id/actions/arrival-fwddyn-id.hpp:34,
                 from /home/jkang/third_party/PRIME/include/crocoddyl/contact_id/problem/contact-anitescu-id.hpp:32,
                 from /home/jkang/third_party/PRIME/src/contact_id/problem/contact-anitescu-id.cpp:16:
/home/jkang/third_party/PRIME/include/crocoddyl/contact_id/states/multibody_params.hxx: In instantiation of ‘crocoddyl::StateMultibodyParamsTpl<Scalar>::StateMultibodyParamsTpl(boost::shared_ptr<pinocchio::ModelTpl<Scalar> >, std::vector<long unsigned int>) [with _Scalar = double]’:
/usr/include/boost/smart_ptr/make_shared_object.hpp:256:5:   required from ‘typename boost::detail::sp_if_not_array<T>::type boost::make_shared(Args&& ...) [with T = crocoddyl::StateMultibodyParamsTpl<double>; Args = {boost::shared_ptr<pinocchio::ModelTpl<double, 0, pinocchio::JointCollectionDefaultTpl> >, std::vector<long unsigned int, std::allocator<long unsigned int> >&}; typename boost::detail::sp_if_not_array<T>::type = boost::shared_ptr<crocoddyl::StateMultibodyParamsTpl<double> >]’
/home/jkang/third_party/PRIME/src/contact_id/problem/contact-anitescu-id.cpp:117:65:   required from here
/home/jkang/third_party/PRIME/include/crocoddyl/contact_id/states/multibody_params.hpp:131:40: warning: ‘crocoddyl::StateMultibodyParamsTpl<double>::joints_’ will be initialized after [-Wreorder]
  131 |     std::vector<pinocchio::JointIndex> joints_;   //!< Indices of the parameterized joints
      |                                        ^~~~~~~
/home/jkang/third_party/PRIME/include/crocoddyl/contact_id/states/multibody_params.hpp:124:17: warning:   ‘std::size_t crocoddyl::StateMultibodyParamsTpl<double>::nq_pin_’ [-Wreorder]
  124 |     std::size_t nq_pin_;
      |                 ^~~~~~~
In file included from /home/jkang/third_party/PRIME/include/crocoddyl/contact_id/states/multibody_params.hpp:139,
                 from /home/jkang/third_party/PRIME/include/crocoddyl/contact_id/actions/arrival-fwddyn-id.hpp:34,
                 from /home/jkang/third_party/PRIME/include/crocoddyl/contact_id/problem/contact-anitescu-id.hpp:32,
                 from /home/jkang/third_party/PRIME/src/contact_id/problem/contact-anitescu-id.cpp:16:
/home/jkang/third_party/PRIME/include/crocoddyl/contact_id/states/multibody_params.hxx:25:3: warning:   when initialized here [-Wreorder]
   25 |   StateMultibodyParamsTpl<Scalar>::StateMultibodyParamsTpl(
      |   ^~~~~~~~~~~~~~~~~~~~~~~~~~~~~~~
In file included from /home/jkang/third_party/PRIME/include/crocoddyl/contact_id/actions/arrival-fwddyn-id.hpp:34,
                 from /home/jkang/third_party/PRIME/include/crocoddyl/contact_id/problem/contact-anitescu-id.hpp:32,
                 from /home/jkang/third_party/PRIME/src/contact_id/problem/contact-anitescu-id.cpp:16:
/home/jkang/third_party/PRIME/include/crocoddyl/contact_id/states/multibody_params.hpp:129:39: warning: ‘crocoddyl::StateMultibodyParamsTpl<double>::pinocchio_’ will be initialized after [-Wreorder]
  129 |     boost::shared_ptr<PinocchioModel> pinocchio_; //!< Pinocchio model
      |                                       ^~~~~~~~~~
In file included from /home/jkang/third_party/PRIME/include/crocoddyl/contact_id/states/multibody_params.hpp:139,
                 from /home/jkang/third_party/PRIME/include/crocoddyl/contact_id/actions/arrival-fwddyn-id.hpp:34,
                 from /home/jkang/third_party/PRIME/include/crocoddyl/contact_id/problem/contact-anitescu-id.hpp:32,
                 from /home/jkang/third_party/PRIME/src/contact_id/problem/contact-anitescu-id.cpp:16:
/home/jkang/third_party/PRIME/include/crocoddyl/contact_id/states/multibody_params.hxx:33:75: warning:   base ‘crocoddyl::StateMultibodyBaseTpl<double>’ [-Wreorder]
   33 |         x0_(VectorXs::Zero(model->nq + model->nv + 2 * Joints.size() * 10))
      |                                                                           ^
/home/jkang/third_party/PRIME/include/crocoddyl/contact_id/states/multibody_params.hxx:25:3: warning:   when initialized here [-Wreorder]
   25 |   StateMultibodyParamsTpl<Scalar>::StateMultibodyParamsTpl(
      |   ^~~~~~~~~~~~~~~~~~~~~~~~~~~~~~~
In file included from /home/jkang/third_party/PRIME/include/crocoddyl/contact_id/problem/contact-anitescu-id.hpp:33,
                 from /home/jkang/third_party/PRIME/src/contact_id/problem/contact-anitescu-id.cpp:16:
/home/jkang/third_party/PRIME/include/crocoddyl/contact_id/actions/contact-fwddyn-anitescu-id.hxx: In instantiation of ‘crocoddyl::DifferentialActionModelContactFwdDynamicsAnitescuSystemidTpl<Scalar>::DifferentialActionModelContactFwdDynamicsAnitescuSystemidTpl(boost::shared_ptr<crocoddyl::StateMultibodyParamsTpl<_Scalar> >, boost::shared_ptr<crocoddyl::ActuationModelAbstractTpl<Scalar> >, boost::shared_ptr<crocoddyl::CostModelSumTpl<_Scalar> >, std::vector<std::__cxx11::basic_string<char> >, crocoddyl::DifferentialActionModelContactFwdDynamicsAnitescuSystemidTpl<Scalar>::Scalar, crocoddyl::DifferentialActionModelContactFwdDynamicsAnitescuSystemidTpl<Scalar>::Scalar, crocoddyl::DifferentialActionModelContactFwdDynamicsAnitescuSystemidTpl<Scalar>::Scalar, const string&) [with _Scalar = double; crocoddyl::DifferentialActionModelContactFwdDynamicsAnitescuSystemidTpl<Scalar>::Scalar = double; std::string = std::__cxx11::basic_string<char>]’:
/usr/include/boost/smart_ptr/make_shared_object.hpp:256:5:   required from ‘typename boost::detail::sp_if_not_array<T>::type boost::make_shared(Args&& ...) [with T = crocoddyl::DifferentialActionModelContactFwdDynamicsAnitescuSystemidTpl<double>; Args = {boost::shared_ptr<crocoddyl::StateMultibodyParamsTpl<double> >&, boost::shared_ptr<crocoddyl::ActuationModelFloatingBaseEstimationTpl<double> >&, boost::shared_ptr<crocoddyl::CostModelSumTpl<double> >&, std::vector<std::__cxx11::basic_string<char, std::char_traits<char>, std::allocator<char> >, std::allocator<std::__cxx11::basic_string<char, std::char_traits<char>, std::allocator<char> > > >&, double&, double&, double&, std::__cxx11::basic_string<char, std::char_traits<char>, std::allocator<char> >&}; typename boost::detail::sp_if_not_array<T>::type = boost::shared_ptr<crocoddyl::DifferentialActionModelContactFwdDynamicsAnitescuSystemidTpl<double> >]’
/home/jkang/third_party/PRIME/src/contact_id/problem/contact-anitescu-id.cpp:236:80:   required from here
/home/jkang/third_party/PRIME/include/crocoddyl/contact_id/actions/contact-fwddyn-anitescu-id.hpp:287:21: warning: ‘crocoddyl::DifferentialActionModelContactFwdDynamicsAnitescuSystemidTpl<double>::force_log_path_’ will be initialized after [-Wreorder]
  287 |         std::string force_log_path_;                            //!< Optional force CSV log path
      |                     ^~~~~~~~~~~~~~~
/home/jkang/third_party/PRIME/include/crocoddyl/contact_id/actions/contact-fwddyn-anitescu-id.hpp:276:49: warning:   ‘boost::shared_ptr<crocoddyl::StateMultibodyParamsTpl<double> > crocoddyl::DifferentialActionModelContactFwdDynamicsAnitescuSystemidTpl<double>::params_state_’ [-Wreorder]
  276 |         boost::shared_ptr<StateMultibodyParams> params_state_;
      |                                                 ^~~~~~~~~~~~~
In file included from /home/jkang/third_party/PRIME/include/crocoddyl/contact_id/actions/contact-fwddyn-anitescu-id.hpp:353,
                 from /home/jkang/third_party/PRIME/include/crocoddyl/contact_id/problem/contact-anitescu-id.hpp:33,
                 from /home/jkang/third_party/PRIME/src/contact_id/problem/contact-anitescu-id.cpp:16:
/home/jkang/third_party/PRIME/include/crocoddyl/contact_id/actions/contact-fwddyn-anitescu-id.hxx:65:3: warning:   when initialized here [-Wreorder]
   65 |   DifferentialActionModelContactFwdDynamicsAnitescuSystemidTpl<Scalar>::
      |   ^~~~~~~~~~~~~~~~~~~~~~~~~~~~~~~~~~~~~~~~~~~~~~~~~~~~~~~~~~~~~~~~~~~~
In file included from /home/jkang/third_party/PRIME/include/crocoddyl/contact_id/actions/arrival-fwddyn-id.hpp:318,
                 from /home/jkang/third_party/PRIME/include/crocoddyl/contact_id/problem/contact-anitescu-id.hpp:32,
                 from /home/jkang/third_party/PRIME/src/contact_id/problem/contact-anitescu-id.cpp:16:
/home/jkang/third_party/PRIME/include/crocoddyl/contact_id/actions/arrival-fwddyn-id.hxx: In instantiation of ‘void crocoddyl::ActionModelArrivalFwdDynamicsIDTpl<Scalar>::calc(const boost::shared_ptr<crocoddyl::ActionDataAbstractTpl<_Scalar> >&, const Eigen::Ref<const typename crocoddyl::MathBaseTpl<_Scalar>::VectorXs>&, const Eigen::Ref<const typename crocoddyl::MathBaseTpl<_Scalar>::VectorXs>&) [with _Scalar = double; typename Eigen::internal::conditional<const typename crocoddyl::MathBaseTpl<_Scalar>::VectorXs::IsVectorAtCompileTime, Eigen::InnerStride<1>, Eigen::OuterStride<> >::type = Eigen::InnerStride<1>; typename crocoddyl::MathBaseTpl<_Scalar>::VectorXs = Eigen::Matrix<double, -1, 1>]’:
/home/jkang/third_party/PRIME/include/crocoddyl/contact_id/actions/arrival-fwddyn-id.hxx:59:8:   required from here
/home/jkang/third_party/PRIME/include/crocoddyl/contact_id/actions/arrival-fwddyn-id.hxx:80:80: warning: variable ‘q’ set but not used [-Wunused-but-set-variable]
   80 |     const Eigen::VectorBlock<const Eigen::Ref<const VectorXs>, Eigen::Dynamic> q =
      |                                                                                ^
/home/jkang/third_party/PRIME/include/crocoddyl/contact_id/actions/arrival-fwddyn-id.hxx:82:80: warning: variable ‘v’ set but not used [-Wunused-but-set-variable]
   82 |     const Eigen::VectorBlock<const Eigen::Ref<const VectorXs>, Eigen::Dynamic> v =
      |                                                                                ^
/home/jkang/third_party/PRIME/include/crocoddyl/contact_id/actions/arrival-fwddyn-id.hxx: In instantiation of ‘void crocoddyl::ActionModelArrivalFwdDynamicsIDTpl<Scalar>::calcDiff(const boost::shared_ptr<crocoddyl::ActionDataAbstractTpl<_Scalar> >&, const Eigen::Ref<const typename crocoddyl::MathBaseTpl<_Scalar>::VectorXs>&, const Eigen::Ref<const typename crocoddyl::MathBaseTpl<_Scalar>::VectorXs>&) [with _Scalar = double; typename Eigen::internal::conditional<const typename crocoddyl::MathBaseTpl<_Scalar>::VectorXs::IsVectorAtCompileTime, Eigen::InnerStride<1>, Eigen::OuterStride<> >::type = Eigen::InnerStride<1>; typename crocoddyl::MathBaseTpl<_Scalar>::VectorXs = Eigen::Matrix<double, -1, 1>]’:
/home/jkang/third_party/PRIME/include/crocoddyl/contact_id/actions/arrival-fwddyn-id.hxx:116:8:   required from here
/home/jkang/third_party/PRIME/include/crocoddyl/contact_id/actions/arrival-fwddyn-id.hxx:136:80: warning: variable ‘q’ set but not used [-Wunused-but-set-variable]
  136 |     const Eigen::VectorBlock<const Eigen::Ref<const VectorXs>, Eigen::Dynamic> q =
      |                                                                                ^
/home/jkang/third_party/PRIME/include/crocoddyl/contact_id/actions/arrival-fwddyn-id.hxx:138:80: warning: variable ‘v’ set but not used [-Wunused-but-set-variable]
  138 |     const Eigen::VectorBlock<const Eigen::Ref<const VectorXs>, Eigen::Dynamic> v =
      |                                                                                ^
In file included from /home/jkang/third_party/PRIME/include/crocoddyl/contact_id/problem/contact-anitescu-id.hpp:35,
                 from /home/jkang/third_party/PRIME/src/contact_id/problem/contact-anitescu-id.cpp:16:
/home/jkang/third_party/PRIME/include/crocoddyl/contact_id/actuations/floating-base-id-arrivial.hpp: In instantiation of ‘boost::shared_ptr<crocoddyl::ActuationDataAbstractTpl<_Scalar> > crocoddyl::ActuationModelFloatingBaseArrivalIDTpl<Scalar>::createData() [with _Scalar = double]’:
/home/jkang/third_party/PRIME/include/crocoddyl/contact_id/actuations/floating-base-id-arrivial.hpp:150:37:   required from here
/home/jkang/third_party/PRIME/include/crocoddyl/contact_id/actuations/floating-base-id-arrivial.hpp:156:25: warning: unused variable ‘root_joint_id’ [-Wunused-variable]
  156 |       const std::size_t root_joint_id =
      |                         ^~~~~~~~~~~~~
In file included from /home/jkang/third_party/PRIME/include/crocoddyl/contact_id/actions/contact-fwddyn-anitescu-id.hpp:353,
                 from /home/jkang/third_party/PRIME/include/crocoddyl/contact_id/problem/contact-anitescu-id.hpp:33,
                 from /home/jkang/third_party/PRIME/src/contact_id/problem/contact-anitescu-id.cpp:16:
/home/jkang/third_party/PRIME/include/crocoddyl/contact_id/actions/contact-fwddyn-anitescu-id.hxx: In instantiation of ‘void crocoddyl::DifferentialActionModelContactFwdDynamicsAnitescuSystemidTpl<Scalar>::calc(const boost::shared_ptr<crocoddyl::DifferentialActionDataAbstractTpl<_Scalar> >&, const Eigen::Ref<const typename crocoddyl::MathBaseTpl<_Scalar>::VectorXs>&) [with _Scalar = double; typename Eigen::internal::conditional<const typename crocoddyl::MathBaseTpl<_Scalar>::VectorXs::IsVectorAtCompileTime, Eigen::InnerStride<1>, Eigen::OuterStride<> >::type = Eigen::InnerStride<1>; typename crocoddyl::MathBaseTpl<_Scalar>::VectorXs = Eigen::Matrix<double, -1, 1>]’:
/home/jkang/third_party/PRIME/include/crocoddyl/contact_id/actions/contact-fwddyn-anitescu-id.hxx:235:8:   required from here
/home/jkang/third_party/PRIME/include/crocoddyl/contact_id/actions/contact-fwddyn-anitescu-id.hxx:251:80: warning: variable ‘p’ set but not used [-Wunused-but-set-variable]
  251 |     const Eigen::VectorBlock<const Eigen::Ref<const VectorXs>, Eigen::Dynamic> p =
      |                                                                                ^
/home/jkang/third_party/PRIME/include/crocoddyl/contact_id/actions/contact-fwddyn-anitescu-id.hxx: In instantiation of ‘void crocoddyl::DifferentialActionModelContactFwdDynamicsAnitescuSystemidTpl<Scalar>::calcDiff(const boost::shared_ptr<crocoddyl::DifferentialActionDataAbstractTpl<_Scalar> >&, const Eigen::Ref<const typename crocoddyl::MathBaseTpl<_Scalar>::VectorXs>&, const Eigen::Ref<const typename crocoddyl::MathBaseTpl<_Scalar>::VectorXs>&) [with _Scalar = double; typename Eigen::internal::conditional<const typename crocoddyl::MathBaseTpl<_Scalar>::VectorXs::IsVectorAtCompileTime, Eigen::InnerStride<1>, Eigen::OuterStride<> >::type = Eigen::InnerStride<1>; typename crocoddyl::MathBaseTpl<_Scalar>::VectorXs = Eigen::Matrix<double, -1, 1>]’:
/home/jkang/third_party/PRIME/include/crocoddyl/contact_id/actions/contact-fwddyn-anitescu-id.hxx:266:8:   required from here
/home/jkang/third_party/PRIME/include/crocoddyl/contact_id/actions/contact-fwddyn-anitescu-id.hxx:288:80: warning: variable ‘v’ set but not used [-Wunused-but-set-variable]
  288 |     const Eigen::VectorBlock<const Eigen::Ref<const VectorXs>, Eigen::Dynamic> v =
      |                                                                                ^
/home/jkang/third_party/PRIME/include/crocoddyl/contact_id/actions/contact-fwddyn-anitescu-id.hxx:290:80: warning: variable ‘p’ set but not used [-Wunused-but-set-variable]
  290 |     const Eigen::VectorBlock<const Eigen::Ref<const VectorXs>, Eigen::Dynamic> p =
      |                                                                                ^
[ 80%] Linking CXX shared library libcrocoddyl.so
/usr/bin/c++ -fPIC -pedantic -Wno-long-long -Wall -Wextra -Wcast-align -Wcast-qual -Wformat -Wwrite-strings -Wconversion  -O3 -DNDEBUG -shared -Wl,-soname,libcrocoddyl.so -o libcrocoddyl.so CMakeFiles/crocoddyl.dir/src/contact_id/problem/contact-anitescu-id.cpp.o CMakeFiles/crocoddyl.dir/src/core/solver-base.cpp.o CMakeFiles/crocoddyl.dir/src/core/solvers/box-ddp.cpp.o CMakeFiles/crocoddyl.dir/src/core/solvers/box-fddp.cpp.o CMakeFiles/crocoddyl.dir/src/core/solvers/box-qp.cpp.o CMakeFiles/crocoddyl.dir/src/core/solvers/ddp.cpp.o CMakeFiles/crocoddyl.dir/src/core/solvers/fddp.cpp.o CMakeFiles/crocoddyl.dir/src/core/solvers/intro.cpp.o CMakeFiles/crocoddyl.dir/src/core/solvers/kkt.cpp.o CMakeFiles/crocoddyl.dir/src/core/utils/callbacks.cpp.o CMakeFiles/crocoddyl.dir/src/core/utils/exception.cpp.o CMakeFiles/crocoddyl.dir/src/core/utils/stop-watch.cpp.o CMakeFiles/crocoddyl.dir/src/multibody/utils/contact-anitescu-id.cpp.o CMakeFiles/crocoddyl.dir/src/multibody/utils/quadruped-anitescu-id.cpp.o CMakeFiles/crocoddyl.dir/src/multibody/utils/quadruped-gaits.cpp.o  -Wl,-rpath,/opt/openrobots/lib: /usr/lib/x86_64-linux-gnu/libboost_filesystem.so /usr/lib/x86_64-linux-gnu/libboost_system.so /usr/lib/x86_64-linux-gnu/libboost_serialization.so /opt/openrobots/lib/libpinocchio_parsers.so.3.4.0 /usr/lib/x86_64-linux-gnu/liburdfdom_sensor.so /usr/lib/x86_64-linux-gnu/liburdfdom_model_state.so /usr/lib/x86_64-linux-gnu/liburdfdom_model.so /usr/lib/x86_64-linux-gnu/liburdfdom_world.so /usr/lib/x86_64-linux-gnu/libconsole_bridge.so.1.0 /opt/openrobots/lib/libpinocchio_collision.so.3.4.0 /opt/openrobots/lib/libpinocchio_default.so.3.4.0 /opt/openrobots/lib/libcoal.so.3.0.1 /usr/lib/x86_64-linux-gnu/libboost_filesystem.so /usr/lib/x86_64-linux-gnu/libboost_serialization.so /usr/lib/x86_64-linux-gnu/libboost_chrono.so /usr/lib/x86_64-linux-gnu/liboctomap.so /usr/lib/x86_64-linux-gnu/liboctomath.so 
[ 80%] Built target crocoddyl
[ 85%] Building CXX object CMakeFiles/prime_moving_window_node.dir/src/prime_moving_window_node.cpp.o
[ 90%] Building CXX object CMakeFiles/prime_csv_replay_node.dir/src/prime_csv_replay_node.cpp.o
In file included from /opt/openrobots/include/hpp/fcl/config.hh:1,
                 from /opt/openrobots/include/pinocchio/serialization/eigen.hpp:20,
                 from /opt/openrobots/include/pinocchio/serialization/fwd.hpp:11,
                 from /opt/openrobots/include/pinocchio/multibody/joint/joint-composite.hpp:14,
                 from /opt/openrobots/include/pinocchio/multibody/joint/joint-generic.hpp:9,
                 from /opt/openrobots/include/pinocchio/multibody/model.hpp:17,
                 from /home/jkang/third_party/PRIME/include/crocoddyl/contact_id/config/contact-id-config.hpp:28,
                 from /home/jkang/third_party/PRIME_ros/src/prime_contact_id_ros/src/prime_csv_replay_node.cpp:20:
/opt/openrobots/include/hpp/fcl/coal.hpp:10:71: note: ‘#pragma message: Please update your includes from 'hpp/fcl' to 'coal'’
   10 | #pragma message("Please update your includes from 'hpp/fcl' to 'coal'")
      |                                                                       ^
In file included from /opt/openrobots/include/hpp/fcl/config.hh:1,
                 from /opt/openrobots/include/pinocchio/serialization/eigen.hpp:20,
                 from /opt/openrobots/include/pinocchio/serialization/fwd.hpp:11,
                 from /opt/openrobots/include/pinocchio/multibody/joint/joint-composite.hpp:14,
                 from /opt/openrobots/include/pinocchio/multibody/joint/joint-generic.hpp:9,
                 from /opt/openrobots/include/pinocchio/multibody/model.hpp:17,
                 from /home/jkang/third_party/PRIME/include/crocoddyl/contact_id/config/contact-id-config.hpp:28,
                 from /home/jkang/third_party/PRIME_ros/src/prime_contact_id_ros/src/prime_moving_window_node.cpp:36:
/opt/openrobots/include/hpp/fcl/coal.hpp:10:71: note: ‘#pragma message: Please update your includes from 'hpp/fcl' to 'coal'’
   10 | #pragma message("Please update your includes from 'hpp/fcl' to 'coal'")
      |                                                                       ^
[ 95%] Linking CXX executable prime_csv_replay_node
[ 95%] Built target prime_csv_replay_node
[100%] Linking CXX executable prime_moving_window_node
[100%] Built target prime_moving_window_node
-- Install configuration: "Release"
-- Execute custom install script
-- Symlinking: /home/jkang/third_party/PRIME_ros/install/prime_contact_id_ros/lib/prime_contact_id_ros/prime_moving_window_node
-- Symlinking: /home/jkang/third_party/PRIME_ros/install/prime_contact_id_ros/lib/prime_contact_id_ros/prime_csv_replay_node
-- Symlinking: /home/jkang/third_party/PRIME_ros/install/prime_contact_id_ros/share/prime_contact_id_ros/launch/csv_replay.launch.py
-- Symlinking: /home/jkang/third_party/PRIME_ros/install/prime_contact_id_ros/share/prime_contact_id_ros/launch/prime_moving_window.launch.py
-- Symlinking: /home/jkang/third_party/PRIME_ros/install/prime_contact_id_ros/share/ament_index/resource_index/package_run_dependencies/prime_contact_id_ros
-- Symlinking: /home/jkang/third_party/PRIME_ros/install/prime_contact_id_ros/share/ament_index/resource_index/parent_prefix_path/prime_contact_id_ros
-- Symlinking: /home/jkang/third_party/PRIME_ros/install/prime_contact_id_ros/share/prime_contact_id_ros/environment/ament_prefix_path.sh
-- Symlinking: /home/jkang/third_party/PRIME_ros/install/prime_contact_id_ros/share/prime_contact_id_ros/environment/ament_prefix_path.dsv
-- Symlinking: /home/jkang/third_party/PRIME_ros/install/prime_contact_id_ros/share/prime_contact_id_ros/environment/path.sh
-- Symlinking: /home/jkang/third_party/PRIME_ros/install/prime_contact_id_ros/share/prime_contact_id_ros/environment/path.dsv
-- Symlinking: /home/jkang/third_party/PRIME_ros/install/prime_contact_id_ros/share/prime_contact_id_ros/local_setup.bash
-- Symlinking: /home/jkang/third_party/PRIME_ros/install/prime_contact_id_ros/share/prime_contact_id_ros/local_setup.sh
-- Symlinking: /home/jkang/third_party/PRIME_ros/install/prime_contact_id_ros/share/prime_contact_id_ros/local_setup.zsh
-- Symlinking: /home/jkang/third_party/PRIME_ros/install/prime_contact_id_ros/share/prime_contact_id_ros/local_setup.dsv
-- Symlinking: /home/jkang/third_party/PRIME_ros/install/prime_contact_id_ros/share/prime_contact_id_ros/package.dsv
-- Symlinking: /home/jkang/third_party/PRIME_ros/install/prime_contact_id_ros/share/ament_index/resource_index/packages/prime_contact_id_ros
-- Symlinking: /home/jkang/third_party/PRIME_ros/install/prime_contact_id_ros/share/prime_contact_id_ros/cmake/prime_contact_id_rosConfig.cmake
-- Symlinking: /home/jkang/third_party/PRIME_ros/install/prime_contact_id_ros/share/prime_contact_id_ros/cmake/prime_contact_id_rosConfig-version.cmake
-- Symlinking: /home/jkang/third_party/PRIME_ros/install/prime_contact_id_ros/share/prime_contact_id_ros/package.xml
-- Symlinking: /home/jkang/third_party/PRIME_ros/install/prime_contact_id_ros/share/ament_index/resource_index/packages/prime_contact_id_ros
-- Symlinking: /home/jkang/third_party/PRIME_ros/install/prime_contact_id_ros/share/prime_contact_id_ros/hook/ament_prefix_path.dsv
-- Symlinking: /home/jkang/third_party/PRIME_ros/install/prime_contact_id_ros/share/prime_contact_id_ros/hook/python_path.dsv
-- Installing: /home/jkang/third_party/PRIME_ros/install/prime_contact_id_ros/lib/pkgconfig/crocoddyl.pc
