-- Found ament_cmake: 1.3.11 (/opt/ros/humble/share/ament_cmake/cmake)
-- Override CMake install command with custom implementation using symlinks instead of copying resources
-- Found rclcpp: 16.0.12 (/opt/ros/humble/share/rclcpp/cmake)
-- Found rosidl_generator_c: 3.1.6 (/opt/ros/humble/share/rosidl_generator_c/cmake)
-- Found rosidl_adapter: 3.1.6 (/opt/ros/humble/share/rosidl_adapter/cmake)
-- Found rosidl_generator_cpp: 3.1.6 (/opt/ros/humble/share/rosidl_generator_cpp/cmake)
-- Using all available rosidl_typesupport_c: rosidl_typesupport_fastrtps_c;rosidl_typesupport_introspection_c
-- Using all available rosidl_typesupport_cpp: rosidl_typesupport_fastrtps_cpp;rosidl_typesupport_introspection_cpp
-- Found rmw_implementation_cmake: 6.1.2 (/opt/ros/humble/share/rmw_implementation_cmake/cmake)
-- Found rmw_fastrtps_cpp: 6.2.7 (/opt/ros/humble/share/rmw_fastrtps_cpp/cmake)
-- Using RMW implementation 'rmw_fastrtps_cpp' as default
-- Found sensor_msgs: 4.9.0 (/opt/ros/humble/share/sensor_msgs/cmake)
-- Found nav_msgs: 4.9.0 (/opt/ros/humble/share/nav_msgs/cmake)
-- Found diagnostic_msgs: 4.9.0 (/opt/ros/humble/share/diagnostic_msgs/cmake)
-- coal FOUND. coal at /opt/openrobots/lib/libcoal.so
-- Found Boost: /usr/include (found version "1.74.0") found components: chrono thread date_time serialization filesystem atomic 
-- Default C++ standard: 201703
-- C++ standard sufficient: Minimal required 14, currently defined: 17
-- JRL cmakemodules found in 'cmake/' git submodule
-- Configuring "crocoddyl" (https://github.com/loco-3d/crocoddyl)
-- Package version (ROS package.xml): 0.1.0
-- Contact RObot COntrol by Differential DYnamic programming Library (Crocoddyl), version 0.1.0
-- Copyright (C) 2018-2024 CNRS-LAAS, University of Edinburgh, INRIA
--                         Heriot-Watt University
-- All rights reserved.
-- Released under the BSD 3-Clause License.
-- Could NOT find Doxygen (missing: DOXYGEN_EXECUTABLE) 
-- Failed to find Doxygen, documentation will not be generated.
-- C++ standard sufficient: Minimal required 14, currently defined: 17
-- pinocchio_default FOUND. pinocchio_default at /opt/openrobots/lib/libpinocchio_default.so
-- pinocchio_parsers FOUND. pinocchio_parsers at /opt/openrobots/lib/libpinocchio_parsers.so
-- pinocchio_casadi FOUND. pinocchio_casadi at /opt/openrobots/lib/libpinocchio_casadi.so
-- boost_filesystem FOUND. boost_filesystem at /usr/lib/x86_64-linux-gnu/libboost_filesystem.so
-- boost_serialization FOUND. boost_serialization at /usr/lib/x86_64-linux-gnu/libboost_serialization.so
-- boost_system FOUND. boost_system at /usr/lib/x86_64-linux-gnu/libboost_system.so
-- Found Boost: /usr/include (found version "1.74.0") found components: filesystem serialization system 
-- C++ standard sufficient: Minimal required 14, currently defined: 17
-- example-robot-data is optional.
-- Checking for module 'example-robot-data'
--   Found example-robot-data, version 4.2.0
-- Pkg-config module example-robot-data v4.2.0 has been detected with success.
-- scipy is optional.
-- Checking for module 'scipy'
--   No package 'scipy' found
-- Found Boost: /usr/include (found suitable version "1.74.0", minimum required is "1.65") found components: filesystem serialization system 
-- Found Boost: /usr/include (found suitable version "1.74.0", minimum required is "1.65") found components: unit_test_framework 
-- Create files for AMENT (ROS 2)
-- Configuring done
-- Generating done
-- Build files have been written to: /home/jkang/third_party/PRIME_ros/build/prime_contact_id_ros
Consolidate compiler generated dependencies of target crocoddyl
[  5%] Building CXX object prime/CMakeFiles/crocoddyl.dir/src/core/solver-base.cpp.o
[ 10%] Building CXX object prime/CMakeFiles/crocoddyl.dir/src/contact_id/problem/contact-anitescu-id.cpp.o
[ 15%] Building CXX object prime/CMakeFiles/crocoddyl.dir/src/core/solvers/kkt.cpp.o
[ 20%] Building CXX object prime/CMakeFiles/crocoddyl.dir/src/core/solvers/box-ddp.cpp.o
[ 25%] Building CXX object prime/CMakeFiles/crocoddyl.dir/src/core/solvers/box-fddp.cpp.o
[ 30%] Building CXX object prime/CMakeFiles/crocoddyl.dir/src/core/utils/callbacks.cpp.o
[ 40%] Building CXX object prime/CMakeFiles/crocoddyl.dir/src/core/utils/exception.cpp.o
[ 40%] Building CXX object prime/CMakeFiles/crocoddyl.dir/src/core/solvers/box-qp.cpp.o
[ 45%] Building CXX object prime/CMakeFiles/crocoddyl.dir/src/core/solvers/ddp.cpp.o
[ 50%] Building CXX object prime/CMakeFiles/crocoddyl.dir/src/core/solvers/fddp.cpp.o
[ 55%] Building CXX object prime/CMakeFiles/crocoddyl.dir/src/core/utils/stop-watch.cpp.o
[ 65%] Building CXX object prime/CMakeFiles/crocoddyl.dir/src/multibody/utils/contact-anitescu-id.cpp.o
[ 65%] Building CXX object prime/CMakeFiles/crocoddyl.dir/src/core/solvers/intro.cpp.o
[ 70%] Building CXX object prime/CMakeFiles/crocoddyl.dir/src/multibody/utils/quadruped-anitescu-id.cpp.o
[ 75%] Building CXX object prime/CMakeFiles/crocoddyl.dir/src/multibody/utils/quadruped-gaits.cpp.o
[ 80%] Linking CXX shared library libcrocoddyl.so
/usr/bin/c++ -fPIC -pedantic -Wno-long-long -Wall -Wextra -Wcast-align -Wcast-qual -Wformat -Wwrite-strings -Wconversion  -O3 -DNDEBUG -shared -Wl,-soname,libcrocoddyl.so -o libcrocoddyl.so CMakeFiles/crocoddyl.dir/src/contact_id/problem/contact-anitescu-id.cpp.o CMakeFiles/crocoddyl.dir/src/core/solver-base.cpp.o CMakeFiles/crocoddyl.dir/src/core/solvers/box-ddp.cpp.o CMakeFiles/crocoddyl.dir/src/core/solvers/box-fddp.cpp.o CMakeFiles/crocoddyl.dir/src/core/solvers/box-qp.cpp.o CMakeFiles/crocoddyl.dir/src/core/solvers/ddp.cpp.o CMakeFiles/crocoddyl.dir/src/core/solvers/fddp.cpp.o CMakeFiles/crocoddyl.dir/src/core/solvers/intro.cpp.o CMakeFiles/crocoddyl.dir/src/core/solvers/kkt.cpp.o CMakeFiles/crocoddyl.dir/src/core/utils/callbacks.cpp.o CMakeFiles/crocoddyl.dir/src/core/utils/exception.cpp.o CMakeFiles/crocoddyl.dir/src/core/utils/stop-watch.cpp.o CMakeFiles/crocoddyl.dir/src/multibody/utils/contact-anitescu-id.cpp.o CMakeFiles/crocoddyl.dir/src/multibody/utils/quadruped-anitescu-id.cpp.o CMakeFiles/crocoddyl.dir/src/multibody/utils/quadruped-gaits.cpp.o  -Wl,-rpath,/opt/openrobots/lib: /usr/lib/x86_64-linux-gnu/libboost_filesystem.so /usr/lib/x86_64-linux-gnu/libboost_system.so /usr/lib/x86_64-linux-gnu/libboost_serialization.so /opt/openrobots/lib/libpinocchio_parsers.so.3.4.0 /usr/lib/x86_64-linux-gnu/liburdfdom_sensor.so /usr/lib/x86_64-linux-gnu/liburdfdom_model_state.so /usr/lib/x86_64-linux-gnu/liburdfdom_model.so /usr/lib/x86_64-linux-gnu/liburdfdom_world.so /usr/lib/x86_64-linux-gnu/libconsole_bridge.so.1.0 /opt/openrobots/lib/libpinocchio_collision.so.3.4.0 /opt/openrobots/lib/libpinocchio_default.so.3.4.0 /opt/openrobots/lib/libcoal.so.3.0.1 /usr/lib/x86_64-linux-gnu/libboost_filesystem.so /usr/lib/x86_64-linux-gnu/libboost_serialization.so /usr/lib/x86_64-linux-gnu/libboost_chrono.so /usr/lib/x86_64-linux-gnu/liboctomap.so /usr/lib/x86_64-linux-gnu/liboctomath.so 
[ 80%] Built target crocoddyl
[ 85%] Building CXX object CMakeFiles/prime_moving_window_node.dir/src/prime_moving_window_node.cpp.o
[ 90%] Building CXX object CMakeFiles/prime_csv_replay_node.dir/src/prime_csv_replay_node.cpp.o
[ 95%] Linking CXX executable prime_csv_replay_node
[ 95%] Built target prime_csv_replay_node
[100%] Linking CXX executable prime_moving_window_node
[100%] Built target prime_moving_window_node
-- Install configuration: "Release"
-- Execute custom install script
-- Symlinking: /home/jkang/third_party/PRIME_ros/install/prime_contact_id_ros/lib/prime_contact_id_ros/prime_moving_window_node
-- Symlinking: /home/jkang/third_party/PRIME_ros/install/prime_contact_id_ros/lib/prime_contact_id_ros/prime_csv_replay_node
-- Symlinking: /home/jkang/third_party/PRIME_ros/install/prime_contact_id_ros/share/prime_contact_id_ros/launch/csv_replay.launch.py
-- Symlinking: /home/jkang/third_party/PRIME_ros/install/prime_contact_id_ros/share/prime_contact_id_ros/launch/prime_moving_window.launch.py
-- Symlinking: /home/jkang/third_party/PRIME_ros/install/prime_contact_id_ros/share/ament_index/resource_index/package_run_dependencies/prime_contact_id_ros
-- Symlinking: /home/jkang/third_party/PRIME_ros/install/prime_contact_id_ros/share/ament_index/resource_index/parent_prefix_path/prime_contact_id_ros
-- Symlinking: /home/jkang/third_party/PRIME_ros/install/prime_contact_id_ros/share/prime_contact_id_ros/environment/ament_prefix_path.sh
-- Symlinking: /home/jkang/third_party/PRIME_ros/install/prime_contact_id_ros/share/prime_contact_id_ros/environment/ament_prefix_path.dsv
-- Symlinking: /home/jkang/third_party/PRIME_ros/install/prime_contact_id_ros/share/prime_contact_id_ros/environment/path.sh
-- Symlinking: /home/jkang/third_party/PRIME_ros/install/prime_contact_id_ros/share/prime_contact_id_ros/environment/path.dsv
-- Symlinking: /home/jkang/third_party/PRIME_ros/install/prime_contact_id_ros/share/prime_contact_id_ros/local_setup.bash
-- Symlinking: /home/jkang/third_party/PRIME_ros/install/prime_contact_id_ros/share/prime_contact_id_ros/local_setup.sh
-- Symlinking: /home/jkang/third_party/PRIME_ros/install/prime_contact_id_ros/share/prime_contact_id_ros/local_setup.zsh
-- Symlinking: /home/jkang/third_party/PRIME_ros/install/prime_contact_id_ros/share/prime_contact_id_ros/local_setup.dsv
-- Symlinking: /home/jkang/third_party/PRIME_ros/install/prime_contact_id_ros/share/prime_contact_id_ros/package.dsv
-- Symlinking: /home/jkang/third_party/PRIME_ros/install/prime_contact_id_ros/share/ament_index/resource_index/packages/prime_contact_id_ros
-- Symlinking: /home/jkang/third_party/PRIME_ros/install/prime_contact_id_ros/share/prime_contact_id_ros/cmake/prime_contact_id_rosConfig.cmake
-- Symlinking: /home/jkang/third_party/PRIME_ros/install/prime_contact_id_ros/share/prime_contact_id_ros/cmake/prime_contact_id_rosConfig-version.cmake
-- Symlinking: /home/jkang/third_party/PRIME_ros/install/prime_contact_id_ros/share/prime_contact_id_ros/package.xml
-- Symlinking: /home/jkang/third_party/PRIME_ros/install/prime_contact_id_ros/share/ament_index/resource_index/packages/prime_contact_id_ros
-- Symlinking: /home/jkang/third_party/PRIME_ros/install/prime_contact_id_ros/share/prime_contact_id_ros/hook/ament_prefix_path.dsv
-- Symlinking: /home/jkang/third_party/PRIME_ros/install/prime_contact_id_ros/share/prime_contact_id_ros/hook/python_path.dsv
-- Installing: /home/jkang/third_party/PRIME_ros/install/prime_contact_id_ros/lib/pkgconfig/crocoddyl.pc
