[0.005s] Invoking command in '/home/jkang/third_party/PRIME_ros/build/prime_contact_id_ros': CMAKE_PREFIX_PATH=${CMAKE_PREFIX_PATH}:/opt/ros/humble /usr/bin/cmake --build /home/jkang/third_party/PRIME_ros/build/prime_contact_id_ros -- -j32 -l32
[0.023s] -- Found ament_cmake: 1.3.11 (/opt/ros/humble/share/ament_cmake/cmake)
[0.093s] -- Override CMake install command with custom implementation using symlinks instead of copying resources
[0.095s] -- Found rclcpp: 16.0.12 (/opt/ros/humble/share/rclcpp/cmake)
[0.109s] -- Found rosidl_generator_c: 3.1.6 (/opt/ros/humble/share/rosidl_generator_c/cmake)
[0.110s] -- Found rosidl_adapter: 3.1.6 (/opt/ros/humble/share/rosidl_adapter/cmake)
[0.113s] -- Found rosidl_generator_cpp: 3.1.6 (/opt/ros/humble/share/rosidl_generator_cpp/cmake)
[0.117s] -- Using all available rosidl_typesupport_c: rosidl_typesupport_fastrtps_c;rosidl_typesupport_introspection_c
[0.123s] -- Using all available rosidl_typesupport_cpp: rosidl_typesupport_fastrtps_cpp;rosidl_typesupport_introspection_cpp
[0.138s] -- Found rmw_implementation_cmake: 6.1.2 (/opt/ros/humble/share/rmw_implementation_cmake/cmake)
[0.138s] -- Found rmw_fastrtps_cpp: 6.2.7 (/opt/ros/humble/share/rmw_fastrtps_cpp/cmake)
[0.194s] -- Using RMW implementation 'rmw_fastrtps_cpp' as default
[0.216s] -- Found sensor_msgs: 4.9.0 (/opt/ros/humble/share/sensor_msgs/cmake)
[0.229s] -- Found nav_msgs: 4.9.0 (/opt/ros/humble/share/nav_msgs/cmake)
[0.236s] -- Found diagnostic_msgs: 4.9.0 (/opt/ros/humble/share/diagnostic_msgs/cmake)
[0.242s] CMake Warning at /opt/openrobots/lib/cmake/hpp-fcl/hpp-fclConfig.cmake:3 (message):
[0.242s]   Please update your CMake from 'hpp-fcl' to 'coal'
[0.242s] Call Stack (most recent call first):
[0.242s]   CMakeLists.txt:13 (find_package)
[0.242s] 
[0.242s] 
[0.242s] -- coal FOUND. coal at /opt/openrobots/lib/libcoal.so
[0.247s] -- Found Boost: /usr/include (found version "1.74.0") found components: chrono thread date_time serialization filesystem atomic 
[0.394s] -- Default C++ standard: 201703
[0.394s] -- C++ standard sufficient: Minimal required 14, currently defined: 17
[0.395s] -- JRL cmakemodules found in 'cmake/' git submodule
[0.397s] -- Configuring "crocoddyl" (https://github.com/loco-3d/crocoddyl)
[0.397s] -- Package version (ROS package.xml): 0.1.0
[0.398s] -- Contact RObot COntrol by Differential DYnamic programming Library (Crocoddyl), version 0.1.0
[0.398s] -- Copyright (C) 2018-2024 CNRS-LAAS, University of Edinburgh, INRIA
[0.398s] --                         Heriot-Watt University
[0.398s] -- All rights reserved.
[0.398s] -- Released under the BSD 3-Clause License.
[0.409s] -- Could NOT find Doxygen (missing: DOXYGEN_EXECUTABLE) 
[0.409s] -- Failed to find Doxygen, documentation will not be generated.
[0.409s] -- C++ standard sufficient: Minimal required 14, currently defined: 17
[0.409s] -- pinocchio_default FOUND. pinocchio_default at /opt/openrobots/lib/libpinocchio_default.so
[0.409s] -- pinocchio_parsers FOUND. pinocchio_parsers at /opt/openrobots/lib/libpinocchio_parsers.so
[0.409s] -- pinocchio_casadi FOUND. pinocchio_casadi at /opt/openrobots/lib/libpinocchio_casadi.so
[0.410s] -- boost_filesystem FOUND. boost_filesystem at /usr/lib/x86_64-linux-gnu/libboost_filesystem.so
[0.410s] -- boost_serialization FOUND. boost_serialization at /usr/lib/x86_64-linux-gnu/libboost_serialization.so
[0.411s] -- boost_system FOUND. boost_system at /usr/lib/x86_64-linux-gnu/libboost_system.so
[0.416s] -- Found Boost: /usr/include (found version "1.74.0") found components: filesystem serialization system 
[0.416s] CMake Warning at /opt/openrobots/lib/cmake/hpp-fcl/hpp-fclConfig.cmake:3 (message):
[0.416s]   Please update your CMake from 'hpp-fcl' to 'coal'
[0.416s] Call Stack (most recent call first):
[0.416s]   /usr/share/cmake-3.22/Modules/CMakeFindDependencyMacro.cmake:47 (find_package)
[0.416s]   /opt/openrobots/lib/cmake/pinocchio/pinocchioConfig.cmake:161 (find_dependency)
[0.416s]   /home/jkang/third_party/PRIME/cmake/package-config.cmake:133 (find_package)
[0.416s]   /home/jkang/third_party/PRIME/CMakeLists.txt:107 (add_project_dependency)
[0.416s] 
[0.416s] 
[0.417s] -- C++ standard sufficient: Minimal required 14, currently defined: 17
[0.417s] -- example-robot-data is optional.
[0.417s] -- Checking for module 'example-robot-data'
[0.425s] --   Found example-robot-data, version 4.2.0
[0.453s] -- Pkg-config module example-robot-data v4.2.0 has been detected with success.
[0.453s] -- scipy is optional.
[0.453s] -- Checking for module 'scipy'
[0.455s] --   No package 'scipy' found
[0.466s] -- Found Boost: /usr/include (found suitable version "1.74.0", minimum required is "1.65") found components: filesystem serialization system 
[0.469s] -- Found Boost: /usr/include (found suitable version "1.74.0", minimum required is "1.65") found components: unit_test_framework 
[0.514s] -- Create files for AMENT (ROS 2)
[0.514s] -- Configuring done
[0.531s] -- Generating done
[0.537s] -- Build files have been written to: /home/jkang/third_party/PRIME_ros/build/prime_contact_id_ros
[0.573s] Consolidate compiler generated dependencies of target crocoddyl
[0.591s] [  5%] Building CXX object prime/CMakeFiles/crocoddyl.dir/src/core/solver-base.cpp.o
[0.592s] [ 10%] Building CXX object prime/CMakeFiles/crocoddyl.dir/src/contact_id/problem/contact-anitescu-id.cpp.o
[0.592s] [ 15%] Building CXX object prime/CMakeFiles/crocoddyl.dir/src/core/solvers/kkt.cpp.o
[0.592s] [ 20%] Building CXX object prime/CMakeFiles/crocoddyl.dir/src/core/solvers/box-ddp.cpp.o
[0.592s] [ 25%] Building CXX object prime/CMakeFiles/crocoddyl.dir/src/core/solvers/box-fddp.cpp.o
[0.592s] [ 30%] Building CXX object prime/CMakeFiles/crocoddyl.dir/src/core/utils/callbacks.cpp.o
[0.592s] [ 40%] Building CXX object prime/CMakeFiles/crocoddyl.dir/src/core/utils/exception.cpp.o
[0.593s] [ 40%] Building CXX object prime/CMakeFiles/crocoddyl.dir/src/core/solvers/box-qp.cpp.o
[0.593s] [ 45%] Building CXX object prime/CMakeFiles/crocoddyl.dir/src/core/solvers/ddp.cpp.o
[0.593s] [ 50%] Building CXX object prime/CMakeFiles/crocoddyl.dir/src/core/solvers/fddp.cpp.o
[0.593s] [ 55%] Building CXX object prime/CMakeFiles/crocoddyl.dir/src/core/utils/stop-watch.cpp.o
[0.594s] [ 65%] Building CXX object prime/CMakeFiles/crocoddyl.dir/src/multibody/utils/contact-anitescu-id.cpp.o
[0.594s] [ 65%] Building CXX object prime/CMakeFiles/crocoddyl.dir/src/core/solvers/intro.cpp.o
[0.595s] [ 70%] Building CXX object prime/CMakeFiles/crocoddyl.dir/src/multibody/utils/quadruped-anitescu-id.cpp.o
[0.598s] [ 75%] Building CXX object prime/CMakeFiles/crocoddyl.dir/src/multibody/utils/quadruped-gaits.cpp.o
[1.232s] /home/jkang/third_party/PRIME/src/core/solver-base.cpp: In constructor ‘crocoddyl::SolverAbstract::SolverAbstract(boost::shared_ptr<crocoddyl::ShootingProblemTpl<double> >)’:
[1.232s] /home/jkang/third_party/PRIME/src/core/solver-base.cpp:46:19: warning: ‘crocoddyl::SolverAbstract::xreg_’ is deprecated: Use preg_ for primal-variable regularization [-Wdeprecated-declarations]
[1.232s]    46 |       tmp_feas_(0.) {
[1.232s]       |                   ^
[1.233s] In file included from /home/jkang/third_party/PRIME/include/crocoddyl/core/fwd.hpp:12,
[1.233s]                  from /home/jkang/third_party/PRIME/include/crocoddyl/core/action-base.hpp:17,
[1.233s]                  from /home/jkang/third_party/PRIME/include/crocoddyl/core/optctrl/shooting.hpp:15,
[1.233s]                  from /home/jkang/third_party/PRIME/include/crocoddyl/core/solver-base.hpp:15,
[1.233s]                  from /home/jkang/third_party/PRIME/src/core/solver-base.cpp:14:
[1.233s] /home/jkang/third_party/PRIME/include/crocoddyl/core/solver-base.hpp:466:21: note: declared here
[1.233s]   466 |              double xreg_;)  //!< Current state regularization value
[1.233s]       |                     ^~~~~
[1.233s] /home/jkang/third_party/PRIME/include/crocoddyl/core/utils/deprecate.hpp:19:51: note: in definition of macro ‘DEPRECATED’
[1.233s]    19 | #define DEPRECATED(msg, func) [[deprecated(msg)]] func
[1.233s]       |                                                   ^~~~
[1.233s] /home/jkang/third_party/PRIME/src/core/solver-base.cpp:46:19: warning: ‘crocoddyl::SolverAbstract::xreg_’ is deprecated: Use preg_ for primal-variable regularization [-Wdeprecated-declarations]
[1.233s]    46 |       tmp_feas_(0.) {
[1.233s]       |                   ^
[1.233s] In file included from /home/jkang/third_party/PRIME/include/crocoddyl/core/fwd.hpp:12,
[1.233s]                  from /home/jkang/third_party/PRIME/include/crocoddyl/core/action-base.hpp:17,
[1.233s]                  from /home/jkang/third_party/PRIME/include/crocoddyl/core/optctrl/shooting.hpp:15,
[1.233s]                  from /home/jkang/third_party/PRIME/include/crocoddyl/core/solver-base.hpp:15,
[1.233s]                  from /home/jkang/third_party/PRIME/src/core/solver-base.cpp:14:
[1.234s] /home/jkang/third_party/PRIME/include/crocoddyl/core/solver-base.hpp:466:21: note: declared here
[1.234s]   466 |              double xreg_;)  //!< Current state regularization value
[1.234s]       |                     ^~~~~
[1.234s] /home/jkang/third_party/PRIME/include/crocoddyl/core/utils/deprecate.hpp:19:51: note: in definition of macro ‘DEPRECATED’
[1.234s]    19 | #define DEPRECATED(msg, func) [[deprecated(msg)]] func
[1.234s]       |                                                   ^~~~
[1.234s] /home/jkang/third_party/PRIME/src/core/solver-base.cpp:46:19: warning: ‘crocoddyl::SolverAbstract::ureg_’ is deprecated: Use dreg_ for primal-variable regularization [-Wdeprecated-declarations]
[1.234s]    46 |       tmp_feas_(0.) {
[1.234s]       |                   ^
[1.234s] In file included from /home/jkang/third_party/PRIME/include/crocoddyl/core/fwd.hpp:12,
[1.234s]                  from /home/jkang/third_party/PRIME/include/crocoddyl/core/action-base.hpp:17,
[1.234s]                  from /home/jkang/third_party/PRIME/include/crocoddyl/core/optctrl/shooting.hpp:15,
[1.234s]                  from /home/jkang/third_party/PRIME/include/crocoddyl/core/solver-base.hpp:15,
[1.234s]                  from /home/jkang/third_party/PRIME/src/core/solver-base.cpp:14:
[1.234s] /home/jkang/third_party/PRIME/include/crocoddyl/core/solver-base.hpp:468:21: note: declared here
[1.234s]   468 |              double ureg_;)        //!< Current control regularization values
[1.234s]       |                     ^~~~~
[1.234s] /home/jkang/third_party/PRIME/include/crocoddyl/core/utils/deprecate.hpp:19:51: note: in definition of macro ‘DEPRECATED’
[1.234s]    19 | #define DEPRECATED(msg, func) [[deprecated(msg)]] func
[1.234s]       |                                                   ^~~~
[1.235s] /home/jkang/third_party/PRIME/src/core/solver-base.cpp:46:19: warning: ‘crocoddyl::SolverAbstract::ureg_’ is deprecated: Use dreg_ for primal-variable regularization [-Wdeprecated-declarations]
[1.235s]    46 |       tmp_feas_(0.) {
[1.235s]       |                   ^
[1.235s] In file included from /home/jkang/third_party/PRIME/include/crocoddyl/core/fwd.hpp:12,
[1.235s]                  from /home/jkang/third_party/PRIME/include/crocoddyl/core/action-base.hpp:17,
[1.235s]                  from /home/jkang/third_party/PRIME/include/crocoddyl/core/optctrl/shooting.hpp:15,
[1.235s]                  from /home/jkang/third_party/PRIME/include/crocoddyl/core/solver-base.hpp:15,
[1.235s]                  from /home/jkang/third_party/PRIME/src/core/solver-base.cpp:14:
[1.235s] /home/jkang/third_party/PRIME/include/crocoddyl/core/solver-base.hpp:468:21: note: declared here
[1.235s]   468 |              double ureg_;)        //!< Current control regularization values
[1.235s]       |                     ^~~~~
[1.235s] /home/jkang/third_party/PRIME/include/crocoddyl/core/utils/deprecate.hpp:19:51: note: in definition of macro ‘DEPRECATED’
[1.235s]    19 | #define DEPRECATED(msg, func) [[deprecated(msg)]] func
[1.235s]       |                                                   ^~~~
[1.277s] /home/jkang/third_party/PRIME/src/core/solver-base.cpp: In member function ‘void crocoddyl::SolverAbstract::set_xreg(double)’:
[1.277s] /home/jkang/third_party/PRIME/src/core/solver-base.cpp:437:7: warning: ‘crocoddyl::SolverAbstract::xreg_’ is deprecated: Use preg_ for primal-variable regularization [-Wdeprecated-declarations]
[1.277s]   437 |       xreg_ = xreg;
[1.277s]       |       ^~~~~
[1.277s] /home/jkang/third_party/PRIME/include/crocoddyl/core/utils/deprecate.hpp:19:51: note: in definition of macro ‘DEPRECATED’
[1.277s]    19 | #define DEPRECATED(msg, func) [[deprecated(msg)]] func
[1.277s]       |                                                   ^~~~
[1.277s] /home/jkang/third_party/PRIME/include/crocoddyl/core/solver-base.hpp:466:21: note: declared here
[1.278s]   466 |              double xreg_;)  //!< Current state regularization value
[1.278s]       |                     ^~~~~
[1.278s] /home/jkang/third_party/PRIME/include/crocoddyl/core/utils/deprecate.hpp:19:51: note: in definition of macro ‘DEPRECATED’
[1.278s]    19 | #define DEPRECATED(msg, func) [[deprecated(msg)]] func
[1.278s]       |                                                   ^~~~
[1.278s] /home/jkang/third_party/PRIME/src/core/solver-base.cpp:437:7: warning: ‘crocoddyl::SolverAbstract::xreg_’ is deprecated: Use preg_ for primal-variable regularization [-Wdeprecated-declarations]
[1.278s]   437 |       xreg_ = xreg;
[1.278s]       |       ^~~~~
[1.278s] /home/jkang/third_party/PRIME/include/crocoddyl/core/utils/deprecate.hpp:19:51: note: in definition of macro ‘DEPRECATED’
[1.278s]    19 | #define DEPRECATED(msg, func) [[deprecated(msg)]] func
[1.278s]       |                                                   ^~~~
[1.278s] /home/jkang/third_party/PRIME/include/crocoddyl/core/solver-base.hpp:466:21: note: declared here
[1.278s]   466 |              double xreg_;)  //!< Current state regularization value
[1.278s]       |                     ^~~~~
[1.278s] /home/jkang/third_party/PRIME/include/crocoddyl/core/utils/deprecate.hpp:19:51: note: in definition of macro ‘DEPRECATED’
[1.278s]    19 | #define DEPRECATED(msg, func) [[deprecated(msg)]] func
[1.278s]       |                                                   ^~~~
[1.278s] /home/jkang/third_party/PRIME/src/core/solver-base.cpp: In member function ‘void crocoddyl::SolverAbstract::set_ureg(double)’:
[1.278s] /home/jkang/third_party/PRIME/src/core/solver-base.cpp:447:7: warning: ‘crocoddyl::SolverAbstract::ureg_’ is deprecated: Use dreg_ for primal-variable regularization [-Wdeprecated-declarations]
[1.278s]   447 |       ureg_ = ureg;
[1.279s]       |       ^~~~~
[1.279s] /home/jkang/third_party/PRIME/include/crocoddyl/core/utils/deprecate.hpp:19:51: note: in definition of macro ‘DEPRECATED’
[1.279s]    19 | #define DEPRECATED(msg, func) [[deprecated(msg)]] func
[1.279s]       |                                                   ^~~~
[1.279s] /home/jkang/third_party/PRIME/include/crocoddyl/core/solver-base.hpp:468:21: note: declared here
[1.279s]   468 |              double ureg_;)        //!< Current control regularization values
[1.279s]       |                     ^~~~~
[1.279s] /home/jkang/third_party/PRIME/include/crocoddyl/core/utils/deprecate.hpp:19:51: note: in definition of macro ‘DEPRECATED’
[1.279s]    19 | #define DEPRECATED(msg, func) [[deprecated(msg)]] func
[1.279s]       |                                                   ^~~~
[1.279s] /home/jkang/third_party/PRIME/src/core/solver-base.cpp:447:7: warning: ‘crocoddyl::SolverAbstract::ureg_’ is deprecated: Use dreg_ for primal-variable regularization [-Wdeprecated-declarations]
[1.279s]   447 |       ureg_ = ureg;
[1.279s]       |       ^~~~~
[1.279s] /home/jkang/third_party/PRIME/include/crocoddyl/core/utils/deprecate.hpp:19:51: note: in definition of macro ‘DEPRECATED’
[1.279s]    19 | #define DEPRECATED(msg, func) [[deprecated(msg)]] func
[1.279s]       |                                                   ^~~~
[1.279s] /home/jkang/third_party/PRIME/include/crocoddyl/core/solver-base.hpp:468:21: note: declared here
[1.279s]   468 |              double ureg_;)        //!< Current control regularization values
[1.279s]       |                     ^~~~~
[1.279s] /home/jkang/third_party/PRIME/include/crocoddyl/core/utils/deprecate.hpp:19:51: note: in definition of macro ‘DEPRECATED’
[1.280s]    19 | #define DEPRECATED(msg, func) [[deprecated(msg)]] func
[1.280s]       |                                                   ^~~~
[2.394s] In file included from /opt/openrobots/include/hpp/fcl/config.hh:1,
[2.395s]                  from /opt/openrobots/include/pinocchio/serialization/eigen.hpp:20,
[2.395s]                  from /opt/openrobots/include/pinocchio/serialization/fwd.hpp:11,
[2.395s]                  from /opt/openrobots/include/pinocchio/multibody/joint/joint-composite.hpp:14,
[2.395s]                  from /opt/openrobots/include/pinocchio/multibody/joint/joint-generic.hpp:9,
[2.395s]                  from /opt/openrobots/include/pinocchio/multibody/model.hpp:17,
[2.395s]                  from /opt/openrobots/include/pinocchio/algorithm/frames.hpp:8,
[2.395s]                  from /home/jkang/third_party/PRIME/include/crocoddyl/contact_id/problem/contact-anitescu-id.hpp:21,
[2.395s]                  from /home/jkang/third_party/PRIME/src/contact_id/problem/contact-anitescu-id.cpp:16:
[2.395s] /opt/openrobots/include/hpp/fcl/coal.hpp:10:71: note: ‘#pragma message: Please update your includes from 'hpp/fcl' to 'coal'’
[2.395s]    10 | #pragma message("Please update your includes from 'hpp/fcl' to 'coal'")
[2.395s]       |                                                                       ^
[2.407s] In file included from /opt/openrobots/include/hpp/fcl/config.hh:1,
[2.407s]                  from /opt/openrobots/include/pinocchio/serialization/eigen.hpp:20,
[2.407s]                  from /opt/openrobots/include/pinocchio/serialization/fwd.hpp:11,
[2.408s]                  from /opt/openrobots/include/pinocchio/multibody/joint/joint-composite.hpp:14,
[2.408s]                  from /opt/openrobots/include/pinocchio/multibody/joint/joint-generic.hpp:9,
[2.408s]                  from /opt/openrobots/include/pinocchio/multibody/model.hpp:17,
[2.408s]                  from /opt/openrobots/include/pinocchio/algorithm/center-of-mass.hpp:8,
[2.408s]                  from /home/jkang/third_party/PRIME/include/crocoddyl/multibody/utils/quadruped-gaits.hpp:12,
[2.408s]                  from /home/jkang/third_party/PRIME/src/multibody/utils/quadruped-gaits.cpp:9:
[2.408s] /opt/openrobots/include/hpp/fcl/coal.hpp:10:71: note: ‘#pragma message: Please update your includes from 'hpp/fcl' to 'coal'’
[2.408s]    10 | #pragma message("Please update your includes from 'hpp/fcl' to 'coal'")
[2.408s]       |                                                                       ^
[2.409s] In file included from /opt/openrobots/include/hpp/fcl/config.hh:1,
[2.409s]                  from /opt/openrobots/include/pinocchio/serialization/eigen.hpp:20,
[2.409s]                  from /opt/openrobots/include/pinocchio/serialization/fwd.hpp:11,
[2.409s]                  from /opt/openrobots/include/pinocchio/multibody/joint/joint-composite.hpp:14,
[2.409s]                  from /opt/openrobots/include/pinocchio/multibody/joint/joint-generic.hpp:9,
[2.409s]                  from /opt/openrobots/include/pinocchio/multibody/model.hpp:17,
[2.409s]                  from /opt/openrobots/include/pinocchio/algorithm/frames.hpp:8,
[2.409s]                  from /home/jkang/third_party/PRIME/include/crocoddyl/contact_id/problem/contact-anitescu-id.hpp:21,
[2.410s]                  from /home/jkang/third_party/PRIME/include/crocoddyl/multibody/utils/contact-anitescu-id.hpp:11,
[2.410s]                  from /home/jkang/third_party/PRIME/include/crocoddyl/multibody/utils/quadruped-anitescu-id.hpp:12,
[2.410s]                  from /home/jkang/third_party/PRIME/src/multibody/utils/quadruped-anitescu-id.cpp:9:
[2.410s] /opt/openrobots/include/hpp/fcl/coal.hpp:10:71: note: ‘#pragma message: Please update your includes from 'hpp/fcl' to 'coal'’
[2.410s]    10 | #pragma message("Please update your includes from 'hpp/fcl' to 'coal'")
[2.410s]       |                                                                       ^
[2.862s] In file included from /opt/openrobots/include/hpp/fcl/config.hh:1,
[2.862s]                  from /opt/openrobots/include/pinocchio/serialization/eigen.hpp:20,
[2.862s]                  from /opt/openrobots/include/pinocchio/serialization/fwd.hpp:11,
[2.862s]                  from /opt/openrobots/include/pinocchio/multibody/joint/joint-composite.hpp:14,
[2.862s]                  from /opt/openrobots/include/pinocchio/multibody/joint/joint-generic.hpp:9,
[2.862s]                  from /opt/openrobots/include/pinocchio/multibody/model.hpp:17,
[2.862s]                  from /opt/openrobots/include/pinocchio/algorithm/frames.hpp:8,
[2.862s]                  from /home/jkang/third_party/PRIME/include/crocoddyl/contact_id/problem/contact-anitescu-id.hpp:21,
[2.862s]                  from /home/jkang/third_party/PRIME/include/crocoddyl/multibody/utils/contact-anitescu-id.hpp:11,
[2.862s]                  from /home/jkang/third_party/PRIME/src/multibody/utils/contact-anitescu-id.cpp:7:
[2.862s] /opt/openrobots/include/hpp/fcl/coal.hpp:10:71: note: ‘#pragma message: Please update your includes from 'hpp/fcl' to 'coal'’
[2.862s]    10 | #pragma message("Please update your includes from 'hpp/fcl' to 'coal'")
[2.862s]       |                                                                       ^
[3.577s] In file included from /home/jkang/third_party/PRIME/include/crocoddyl/contact_id/actions/contact-fwddyn-anitescu-id.hpp:31,
[3.577s]                  from /home/jkang/third_party/PRIME/include/crocoddyl/contact_id/problem/contact-anitescu-id.hpp:33,
[3.577s]                  from /home/jkang/third_party/PRIME/src/contact_id/problem/contact-anitescu-id.cpp:16:
[3.577s] /home/jkang/third_party/PRIME/include/crocoddyl/contact_id/anitescu/DifferentiableAnitescuSimulator.hpp: In member function ‘void DifferentiableAnitescuSimulator::computeSensitivities()’:
[3.577s] /home/jkang/third_party/PRIME/include/crocoddyl/contact_id/anitescu/DifferentiableAnitescuSimulator.hpp:405:37: warning: comparison of integer expressions of different signedness: ‘pinocchio::JointIndex’ {aka ‘long unsigned int’} and ‘const int’ [-Wsign-compare]
[3.577s]   405 |                 if (jid == 0 || jid >= model_.njoints)
[3.577s]       |                                 ~~~~^~~~~~~~~~~~~~~~~
[3.583s] /home/jkang/third_party/PRIME/include/crocoddyl/contact_id/anitescu/DifferentiableAnitescuSimulator.hpp:426:37: warning: comparison of integer expressions of different signedness: ‘pinocchio::JointIndex’ {aka ‘long unsigned int’} and ‘const int’ [-Wsign-compare]
[3.583s]   426 |                 if (jid == 0 || jid >= model_.njoints)
[3.584s]       |                                 ~~~~^~~~~~~~~~~~~~~~~
[3.584s] /home/jkang/third_party/PRIME/include/crocoddyl/contact_id/anitescu/DifferentiableAnitescuSimulator.hpp:429:76: warning: conversion from ‘pinocchio::JointIndex’ {aka ‘long unsigned int’} to ‘int’ may change value [-Wconversion]
[3.584s]   429 |                 Eigen::VectorXd p_jid = computeLogCholeskyFromLink(model_, jid);
[3.584s]       |                                                                            ^~~
[3.593s] In file included from /home/jkang/third_party/PRIME/include/crocoddyl/contact_id/actions/contact-fwddyn-anitescu-id.hpp:31,
[3.593s]                  from /home/jkang/third_party/PRIME/include/crocoddyl/contact_id/problem/contact-anitescu-id.hpp:33,
[3.593s]                  from /home/jkang/third_party/PRIME/include/crocoddyl/multibody/utils/contact-anitescu-id.hpp:11,
[3.593s]                  from /home/jkang/third_party/PRIME/include/crocoddyl/multibody/utils/quadruped-anitescu-id.hpp:12,
[3.593s]                  from /home/jkang/third_party/PRIME/src/multibody/utils/quadruped-anitescu-id.cpp:9:
[3.593s] /home/jkang/third_party/PRIME/include/crocoddyl/contact_id/anitescu/DifferentiableAnitescuSimulator.hpp: In member function ‘void DifferentiableAnitescuSimulator::computeSensitivities()’:
[3.593s] /home/jkang/third_party/PRIME/include/crocoddyl/contact_id/anitescu/DifferentiableAnitescuSimulator.hpp:405:37: warning: comparison of integer expressions of different signedness: ‘pinocchio::JointIndex’ {aka ‘long unsigned int’} and ‘const int’ [-Wsign-compare]
[3.593s]   405 |                 if (jid == 0 || jid >= model_.njoints)
[3.593s]       |                                 ~~~~^~~~~~~~~~~~~~~~~
[3.600s] /home/jkang/third_party/PRIME/include/crocoddyl/contact_id/anitescu/DifferentiableAnitescuSimulator.hpp:426:37: warning: comparison of integer expressions of different signedness: ‘pinocchio::JointIndex’ {aka ‘long unsigned int’} and ‘const int’ [-Wsign-compare]
[3.600s]   426 |                 if (jid == 0 || jid >= model_.njoints)
[3.600s]       |                                 ~~~~^~~~~~~~~~~~~~~~~
[3.600s] /home/jkang/third_party/PRIME/include/crocoddyl/contact_id/anitescu/DifferentiableAnitescuSimulator.hpp:429:76: warning: conversion from ‘pinocchio::JointIndex’ {aka ‘long unsigned int’} to ‘int’ may change value [-Wconversion]
[3.600s]   429 |                 Eigen::VectorXd p_jid = computeLogCholeskyFromLink(model_, jid);
[3.600s]       |                                                                            ^~~
[3.929s] /home/jkang/third_party/PRIME/src/contact_id/problem/contact-anitescu-id.cpp: In function ‘Eigen::VectorXd crocoddyl::computeFrozenSFromLogCholeskyJacobian(const Model&, pinocchio::JointIndex, double)’:
[3.929s] /home/jkang/third_party/PRIME/src/contact_id/problem/contact-anitescu-id.cpp:93:59: warning: conversion from ‘pinocchio::JointIndex’ {aka ‘long unsigned int’} to ‘int’ may change value [-Wconversion]
[3.929s]    93 |   Eigen::VectorXd eta = computeLogCholeskyFromLink(model, j_link);
[3.929s]       |                                                           ^~~~~~
[4.015s] In file included from /home/jkang/third_party/PRIME/include/crocoddyl/contact_id/actions/contact-fwddyn-anitescu-id.hpp:31,
[4.015s]                  from /home/jkang/third_party/PRIME/include/crocoddyl/contact_id/problem/contact-anitescu-id.hpp:33,
[4.015s]                  from /home/jkang/third_party/PRIME/include/crocoddyl/multibody/utils/contact-anitescu-id.hpp:11,
[4.015s]                  from /home/jkang/third_party/PRIME/src/multibody/utils/contact-anitescu-id.cpp:7:
[4.015s] /home/jkang/third_party/PRIME/include/crocoddyl/contact_id/anitescu/DifferentiableAnitescuSimulator.hpp: In member function ‘void DifferentiableAnitescuSimulator::computeSensitivities()’:
[4.015s] /home/jkang/third_party/PRIME/include/crocoddyl/contact_id/anitescu/DifferentiableAnitescuSimulator.hpp:405:37: warning: comparison of integer expressions of different signedness: ‘pinocchio::JointIndex’ {aka ‘long unsigned int’} and ‘const int’ [-Wsign-compare]
[4.015s]   405 |                 if (jid == 0 || jid >= model_.njoints)
[4.015s]       |                                 ~~~~^~~~~~~~~~~~~~~~~
[4.022s] /home/jkang/third_party/PRIME/include/crocoddyl/contact_id/anitescu/DifferentiableAnitescuSimulator.hpp:426:37: warning: comparison of integer expressions of different signedness: ‘pinocchio::JointIndex’ {aka ‘long unsigned int’} and ‘const int’ [-Wsign-compare]
[4.022s]   426 |                 if (jid == 0 || jid >= model_.njoints)
[4.022s]       |                                 ~~~~^~~~~~~~~~~~~~~~~
[4.022s] /home/jkang/third_party/PRIME/include/crocoddyl/contact_id/anitescu/DifferentiableAnitescuSimulator.hpp:429:76: warning: conversion from ‘pinocchio::JointIndex’ {aka ‘long unsigned int’} to ‘int’ may change value [-Wconversion]
[4.022s]   429 |                 Eigen::VectorXd p_jid = computeLogCholeskyFromLink(model_, jid);
[4.022s]       |                                                                            ^~~
[4.051s] In file included from /home/jkang/third_party/PRIME/include/crocoddyl/contact_id/anitescu/BarrierSOCP.hpp:19,
[4.051s]                  from /home/jkang/third_party/PRIME/include/crocoddyl/contact_id/anitescu/DifferentiableAnitescuSimulator.hpp:34,
[4.051s]                  from /home/jkang/third_party/PRIME/include/crocoddyl/contact_id/actions/contact-fwddyn-anitescu-id.hpp:31,
[4.051s]                  from /home/jkang/third_party/PRIME/include/crocoddyl/contact_id/problem/contact-anitescu-id.hpp:33,
[4.051s]                  from /home/jkang/third_party/PRIME/include/crocoddyl/multibody/utils/contact-anitescu-id.hpp:11,
[4.052s]                  from /home/jkang/third_party/PRIME/include/crocoddyl/multibody/utils/quadruped-anitescu-id.hpp:12,
[4.052s]                  from /home/jkang/third_party/PRIME/src/multibody/utils/quadruped-anitescu-id.cpp:9:
[4.052s] /home/jkang/third_party/PRIME/include/crocoddyl/contact_id/anitescu/NewtonSolver.hpp: In instantiation of ‘bool NewtonSolver::solve(Eigen::VectorXd&, F&&, G&&, HFun&&, Feas&&) [with F = DifferentiableAnitescuSimulator::solveBarrierNewton()::<lambda(const VectorXd&)>; G = DifferentiableAnitescuSimulator::solveBarrierNewton()::<lambda(const VectorXd&, Eigen::VectorXd&)>; HFun = DifferentiableAnitescuSimulator::solveBarrierNewton()::<lambda(const VectorXd&, Eigen::MatrixXd&)>; Feas = DifferentiableAnitescuSimulator::solveBarrierNewton()::<lambda(const VectorXd&)>; Eigen::VectorXd = Eigen::Matrix<double, -1, 1>]’:
[4.052s] /home/jkang/third_party/PRIME/include/crocoddyl/contact_id/anitescu/DifferentiableAnitescuSimulator.hpp:340:22:   required from here
[4.052s] /home/jkang/third_party/PRIME/include/crocoddyl/contact_id/anitescu/NewtonSolver.hpp:52:25: warning: conversion from ‘Eigen::EigenBase<Eigen::Matrix<double, -1, 1> >::Index’ {aka ‘long int’} to ‘int’ may change value [-Wconversion]
[4.052s]    52 |     const int n = x.size();
[4.052s]       |                   ~~~~~~^~
[4.213s] In file included from /home/jkang/third_party/PRIME/include/crocoddyl/contact_id/anitescu/BarrierSOCP.hpp:19,
[4.213s]                  from /home/jkang/third_party/PRIME/include/crocoddyl/contact_id/anitescu/DifferentiableAnitescuSimulator.hpp:34,
[4.213s]                  from /home/jkang/third_party/PRIME/include/crocoddyl/contact_id/actions/contact-fwddyn-anitescu-id.hpp:31,
[4.213s]                  from /home/jkang/third_party/PRIME/include/crocoddyl/contact_id/problem/contact-anitescu-id.hpp:33,
[4.213s]                  from /home/jkang/third_party/PRIME/src/contact_id/problem/contact-anitescu-id.cpp:16:
[4.213s] /home/jkang/third_party/PRIME/include/crocoddyl/contact_id/anitescu/NewtonSolver.hpp: In instantiation of ‘bool NewtonSolver::solve(Eigen::VectorXd&, F&&, G&&, HFun&&, Feas&&) [with F = DifferentiableAnitescuSimulator::solveBarrierNewton()::<lambda(const VectorXd&)>; G = DifferentiableAnitescuSimulator::solveBarrierNewton()::<lambda(const VectorXd&, Eigen::VectorXd&)>; HFun = DifferentiableAnitescuSimulator::solveBarrierNewton()::<lambda(const VectorXd&, Eigen::MatrixXd&)>; Feas = DifferentiableAnitescuSimulator::solveBarrierNewton()::<lambda(const VectorXd&)>; Eigen::VectorXd = Eigen::Matrix<double, -1, 1>]’:
[4.213s] /home/jkang/third_party/PRIME/include/crocoddyl/contact_id/anitescu/DifferentiableAnitescuSimulator.hpp:340:22:   required from here
[4.214s] /home/jkang/third_party/PRIME/include/crocoddyl/contact_id/anitescu/NewtonSolver.hpp:52:25: warning: conversion from ‘Eigen::EigenBase<Eigen::Matrix<double, -1, 1> >::Index’ {aka ‘long int’} to ‘int’ may change value [-Wconversion]
[4.214s]    52 |     const int n = x.size();
[4.214s]       |                   ~~~~~~^~
[4.391s] In file included from /home/jkang/third_party/PRIME/include/crocoddyl/multibody/actions/contact-fwddyn.hpp:400,
[4.391s]                  from /home/jkang/third_party/PRIME/include/crocoddyl/multibody/utils/quadruped-gaits.hpp:24,
[4.392s]                  from /home/jkang/third_party/PRIME/src/multibody/utils/quadruped-gaits.cpp:9:
[4.392s] /home/jkang/third_party/PRIME/include/crocoddyl/multibody/actions/contact-fwddyn.hxx: In instantiation of ‘void crocoddyl::DifferentialActionModelContactFwdDynamicsTpl<Scalar>::calc(const boost::shared_ptr<crocoddyl::DifferentialActionDataAbstractTpl<_Scalar> >&, const Eigen::Ref<const typename crocoddyl::MathBaseTpl<_Scalar>::VectorXs>&, const Eigen::Ref<const typename crocoddyl::MathBaseTpl<_Scalar>::VectorXs>&) [with _Scalar = double; typename Eigen::internal::conditional<const typename crocoddyl::MathBaseTpl<_Scalar>::VectorXs::IsVectorAtCompileTime, Eigen::InnerStride<1>, Eigen::OuterStride<> >::type = Eigen::InnerStride<1>; typename crocoddyl::MathBaseTpl<_Scalar>::VectorXs = Eigen::Matrix<double, -1, 1>]’:
[4.392s] /home/jkang/third_party/PRIME/include/crocoddyl/multibody/actions/contact-fwddyn.hxx:99:6:   required from here
[4.392s] /home/jkang/third_party/PRIME/include/crocoddyl/multibody/actions/contact-fwddyn.hxx:141:29: warning: ‘const typename pinocchio::DataTpl<_Scalar, _Options, JointCollectionTpl>::TangentVectorType& pinocchio::forwardDynamics(const pinocchio::ModelTpl<_Scalar, _Options, JointCollectionTpl>&, pinocchio::DataTpl<S1, O1, JointCollectionTpl>&, const Eigen::MatrixBase<Matrix3Like>&, const Eigen::MatrixBase<MatRet>&, const Eigen::MatrixBase<VectorLike>&, Scalar) [with Scalar = double; int Options = 0; JointCollectionTpl = pinocchio::JointCollectionDefaultTpl; TangentVectorType = Eigen::Matrix<double, -1, 1>; ConstraintMatrixType = Eigen::Block<Eigen::Matrix<double, -1, -1>, -1, -1, false>; DriftVectorType = Eigen::Block<Eigen::Matrix<double, -1, 1>, -1, 1, false>; typename pinocchio::DataTpl<_Scalar, _Options, JointCollectionTpl>::TangentVectorType = Eigen::Matrix<double, -1, 1>]’ is deprecated [-Wdeprecated-declarations]
[4.392s]   141 |   pinocchio::forwardDynamics(
[4.392s]       |   ~~~~~~~~~~~~~~~~~~~~~~~~~~^
[4.392s]   142 |       pinocchio_, d->pinocchio, d->multibody.actuation->tau,
[4.392s]       |       ~~~~~~~~~~~~~~~~~~~~~~~~~~~~~~~~~~~~~~~~~~~~~~~~~~~~~~
[4.392s]   143 |       d->multibody.contacts->Jc.topRows(nc), d->multibody.contacts->a0.head(nc),
[4.392s]       |       ~~~~~~~~~~~~~~~~~~~~~~~~~~~~~~~~~~~~~~~~~~~~~~~~~~~~~~~~~~~~~~~~~~~~~~~~~~
[4.392s]   144 |       JMinvJt_damping_);
[4.392s]       |       ~~~~~~~~~~~~~~~~~      
[4.392s] In file included from /opt/openrobots/include/pinocchio/algorithm/contact-dynamics.hpp:302,
[4.392s]                  from /home/jkang/third_party/PRIME/include/crocoddyl/multibody/actions/contact-fwddyn.hxx:12,
[4.392s]                  from /home/jkang/third_party/PRIME/include/crocoddyl/multibody/actions/contact-fwddyn.hpp:400,
[4.392s]                  from /home/jkang/third_party/PRIME/include/crocoddyl/multibody/utils/quadruped-gaits.hpp:24,
[4.392s]                  from /home/jkang/third_party/PRIME/src/multibody/utils/quadruped-gaits.cpp:9:
[4.392s] /opt/openrobots/include/pinocchio/algorithm/contact-dynamics.hxx:90:3: note: declared here
[4.392s]    90 |   forwardDynamics(
[4.392s]       |   ^~~~~~~~~~~~~~~
[4.393s] In file included from /home/jkang/third_party/PRIME/include/crocoddyl/multibody/actions/contact-fwddyn.hpp:400,
[4.393s]                  from /home/jkang/third_party/PRIME/include/crocoddyl/multibody/utils/quadruped-gaits.hpp:24,
[4.393s]                  from /home/jkang/third_party/PRIME/src/multibody/utils/quadruped-gaits.cpp:9:
[4.393s] /home/jkang/third_party/PRIME/include/crocoddyl/multibody/actions/contact-fwddyn.hxx: In instantiation of ‘void crocoddyl::DifferentialActionModelContactFwdDynamicsTpl<Scalar>::calcDiff(const boost::shared_ptr<crocoddyl::DifferentialActionDataAbstractTpl<_Scalar> >&, const Eigen::Ref<const typename crocoddyl::MathBaseTpl<_Scalar>::VectorXs>&, const Eigen::Ref<const typename crocoddyl::MathBaseTpl<_Scalar>::VectorXs>&) [with _Scalar = double; typename Eigen::internal::conditional<const typename crocoddyl::MathBaseTpl<_Scalar>::VectorXs::IsVectorAtCompileTime, Eigen::InnerStride<1>, Eigen::OuterStride<> >::type = Eigen::InnerStride<1>; typename crocoddyl::MathBaseTpl<_Scalar>::VectorXs = Eigen::Matrix<double, -1, 1>]’:
[4.393s] /home/jkang/third_party/PRIME/include/crocoddyl/multibody/actions/contact-fwddyn.hxx:187:6:   required from here
[4.393s] /home/jkang/third_party/PRIME/include/crocoddyl/multibody/actions/contact-fwddyn.hxx:218:47: warning: ‘void pinocchio::getKKTContactDynamicMatrixInverse(const pinocchio::ModelTpl<_Scalar, _Options, JointCollectionTpl>&, const pinocchio::DataTpl<S1, O1, JointCollectionTpl>&, const Eigen::MatrixBase<Matrix3Like>&, const Eigen::MatrixBase<MatRet>&) [with Scalar = double; int Options = 0; JointCollectionTpl = pinocchio::JointCollectionDefaultTpl; ConstraintMatrixType = Eigen::Block<Eigen::Matrix<double, -1, -1>, -1, -1, false>; KKTMatrixType = Eigen::Matrix<double, -1, -1>]’ is deprecated [-Wdeprecated-declarations]
[4.393s]   218 |   pinocchio::getKKTContactDynamicMatrixInverse(
[4.393s]       |   ~~~~~~~~~~~~~~~~~~~~~~~~~~~~~~~~~~~~~~~~~~~~^
[4.393s]   219 |       pinocchio_, d->pinocchio, d->multibody.contacts->Jc.topRows(nc), d->Kinv);
[4.393s]       |       ~~~~~~~~~~~~~~~~~~~~~~~~~~~~~~~~~~~~~~~~~~~~~~~~~~~~~~~~~~~~~~~~~~~~~~~~~
[4.393s] In file included from /opt/openrobots/include/pinocchio/algorithm/contact-dynamics.hpp:302,
[4.393s]                  from /home/jkang/third_party/PRIME/include/crocoddyl/multibody/actions/contact-fwddyn.hxx:12,
[4.394s]                  from /home/jkang/third_party/PRIME/include/crocoddyl/multibody/actions/contact-fwddyn.hpp:400,
[4.394s]                  from /home/jkang/third_party/PRIME/include/crocoddyl/multibody/utils/quadruped-gaits.hpp:24,
[4.394s]                  from /home/jkang/third_party/PRIME/src/multibody/utils/quadruped-gaits.cpp:9:
[4.394s] /opt/openrobots/include/pinocchio/algorithm/contact-dynamics.hxx:218:8: note: declared here
[4.394s]   218 |   void getKKTContactDynamicMatrixInverse(
[4.394s]       |        ^~~~~~~~~~~~~~~~~~~~~~~~~~~~~~~~~
[4.457s] In file included from /home/jkang/third_party/PRIME/include/crocoddyl/contact_id/anitescu/BarrierSOCP.hpp:19,
[4.457s]                  from /home/jkang/third_party/PRIME/include/crocoddyl/contact_id/anitescu/DifferentiableAnitescuSimulator.hpp:34,
[4.457s]                  from /home/jkang/third_party/PRIME/include/crocoddyl/contact_id/actions/contact-fwddyn-anitescu-id.hpp:31,
[4.457s]                  from /home/jkang/third_party/PRIME/include/crocoddyl/contact_id/problem/contact-anitescu-id.hpp:33,
[4.457s]                  from /home/jkang/third_party/PRIME/include/crocoddyl/multibody/utils/contact-anitescu-id.hpp:11,
[4.457s]                  from /home/jkang/third_party/PRIME/src/multibody/utils/contact-anitescu-id.cpp:7:
[4.457s] /home/jkang/third_party/PRIME/include/crocoddyl/contact_id/anitescu/NewtonSolver.hpp: In instantiation of ‘bool NewtonSolver::solve(Eigen::VectorXd&, F&&, G&&, HFun&&, Feas&&) [with F = DifferentiableAnitescuSimulator::solveBarrierNewton()::<lambda(const VectorXd&)>; G = DifferentiableAnitescuSimulator::solveBarrierNewton()::<lambda(const VectorXd&, Eigen::VectorXd&)>; HFun = DifferentiableAnitescuSimulator::solveBarrierNewton()::<lambda(const VectorXd&, Eigen::MatrixXd&)>; Feas = DifferentiableAnitescuSimulator::solveBarrierNewton()::<lambda(const VectorXd&)>; Eigen::VectorXd = Eigen::Matrix<double, -1, 1>]’:
[4.457s] /home/jkang/third_party/PRIME/include/crocoddyl/contact_id/anitescu/DifferentiableAnitescuSimulator.hpp:340:22:   required from here
[4.457s] /home/jkang/third_party/PRIME/include/crocoddyl/contact_id/anitescu/NewtonSolver.hpp:52:25: warning: conversion from ‘Eigen::EigenBase<Eigen::Matrix<double, -1, 1> >::Index’ {aka ‘long int’} to ‘int’ may change value [-Wconversion]
[4.457s]    52 |     const int n = x.size();
[4.457s]       |                   ~~~~~~^~
[4.587s] In file included from /home/jkang/third_party/PRIME/include/crocoddyl/multibody/contact-base.hpp:243,
[4.587s]                  from /home/jkang/third_party/PRIME/include/crocoddyl/multibody/contacts/multiple-contacts.hpp:19,
[4.587s]                  from /home/jkang/third_party/PRIME/include/crocoddyl/multibody/actions/contact-fwddyn.hpp:19,
[4.587s]                  from /home/jkang/third_party/PRIME/include/crocoddyl/multibody/utils/quadruped-gaits.hpp:24,
[4.587s]                  from /home/jkang/third_party/PRIME/src/multibody/utils/quadruped-gaits.cpp:9:
[4.587s] /home/jkang/third_party/PRIME/include/crocoddyl/multibody/contact-base.hxx: In instantiation of ‘void crocoddyl::ContactModelAbstractTpl<Scalar>::updateMode(const boost::shared_ptr<crocoddyl::ContactDataAbstractTpl<_Scalar> >&, const Scalar&, const Vector3s&, const Vector3s&) [with _Scalar = double; crocoddyl::ContactModelAbstractTpl<Scalar>::Scalar = double; crocoddyl::ContactModelAbstractTpl<Scalar>::Vector3s = Eigen::Matrix<double, 3, 1>]’:
[4.588s] /home/jkang/third_party/PRIME/include/crocoddyl/multibody/contact-base.hxx:79:8:   required from here
[4.588s] /home/jkang/third_party/PRIME/include/crocoddyl/multibody/contact-base.hxx:80:53: warning: unused parameter ‘data’ [-Wunused-parameter]
[4.588s]    80 |       const boost::shared_ptr<ContactDataAbstract> &data,
[4.588s]       |       ~~~~~~~~~~~~~~~~~~~~~~~~~~~~~~~~~~~~~~~~~~~~~~^~~~
[4.588s] /home/jkang/third_party/PRIME/include/crocoddyl/multibody/contact-base.hxx:81:21: warning: unused parameter ‘mode’ [-Wunused-parameter]
[4.588s]    81 |       const Scalar &mode,
[4.588s]       |       ~~~~~~~~~~~~~~^~~~
[4.588s] /home/jkang/third_party/PRIME/include/crocoddyl/multibody/contact-base.hxx:82:23: warning: unused parameter ‘normal’ [-Wunused-parameter]
[4.588s]    82 |       const Vector3s &normal,
[4.588s]       |       ~~~~~~~~~~~~~~~~^~~~~~
[4.588s] /home/jkang/third_party/PRIME/include/crocoddyl/multibody/contact-base.hxx:83:23: warning: unused parameter ‘tangent’ [-Wunused-parameter]
[4.588s]    83 |       const Vector3s &tangent)
[4.588s]       |       ~~~~~~~~~~~~~~~~^~~~~~~
[4.685s] In file included from /home/jkang/third_party/PRIME/include/crocoddyl/multibody/actions/impulse-fwddyn.hpp:373,
[4.685s]                  from /home/jkang/third_party/PRIME/include/crocoddyl/multibody/utils/quadruped-gaits.hpp:25,
[4.685s]                  from /home/jkang/third_party/PRIME/src/multibody/utils/quadruped-gaits.cpp:9:
[4.685s] /home/jkang/third_party/PRIME/include/crocoddyl/multibody/actions/impulse-fwddyn.hxx: In instantiation of ‘void crocoddyl::ActionModelImpulseFwdDynamicsTpl<Scalar>::initCalcDiff(crocoddyl::ActionModelImpulseFwdDynamicsTpl<Scalar>::Data*, const Eigen::Ref<const typename crocoddyl::MathBaseTpl<_Scalar>::VectorXs>&) [with _Scalar = double; crocoddyl::ActionModelImpulseFwdDynamicsTpl<Scalar>::Data = crocoddyl::ActionDataImpulseFwdDynamicsTpl<double>; typename Eigen::internal::conditional<const typename crocoddyl::MathBaseTpl<_Scalar>::VectorXs::IsVectorAtCompileTime, Eigen::InnerStride<1>, Eigen::OuterStride<> >::type = Eigen::InnerStride<1>; typename crocoddyl::MathBaseTpl<_Scalar>::VectorXs = Eigen::Matrix<double, -1, 1>]’:
[4.685s] /home/jkang/third_party/PRIME/include/crocoddyl/multibody/actions/impulse-fwddyn.hxx:115:3:   required from ‘void crocoddyl::ActionModelImpulseFwdDynamicsTpl<Scalar>::calcDiff(const boost::shared_ptr<crocoddyl::ActionDataAbstractTpl<_Scalar> >&, const Eigen::Ref<const typename crocoddyl::MathBaseTpl<_Scalar>::VectorXs>&, const Eigen::Ref<const typename crocoddyl::MathBaseTpl<_Scalar>::VectorXs>&) [with _Scalar = double; typename Eigen::internal::conditional<const typename crocoddyl::MathBaseTpl<_Scalar>::VectorXs::IsVectorAtCompileTime, Eigen::InnerStride<1>, Eigen::OuterStride<> >::type = Eigen::InnerStride<1>; typename crocoddyl::MathBaseTpl<_Scalar>::VectorXs = Eigen::Matrix<double, -1, 1>]’
[4.685s] /home/jkang/third_party/PRIME/include/crocoddyl/multibody/actions/impulse-fwddyn.hxx:109:6:   required from here
[4.686s] /home/jkang/third_party/PRIME/include/crocoddyl/multibody/actions/impulse-fwddyn.hxx:237:47: warning: ‘void pinocchio::getKKTContactDynamicMatrixInverse(const pinocchio::ModelTpl<_Scalar, _Options, JointCollectionTpl>&, const pinocchio::DataTpl<S1, O1, JointCollectionTpl>&, const Eigen::MatrixBase<Matrix3Like>&, const Eigen::MatrixBase<MatRet>&) [with Scalar = double; int Options = 0; JointCollectionTpl = pinocchio::JointCollectionDefaultTpl; ConstraintMatrixType = Eigen::Block<Eigen::Matrix<double, -1, -1>, -1, -1, false>; KKTMatrixType = Eigen::Matrix<double, -1, -1>]’ is deprecated [-Wdeprecated-declarations]
[4.686s]   237 |   pinocchio::getKKTContactDynamicMatrixInverse(
[4.686s]       |   ~~~~~~~~~~~~~~~~~~~~~~~~~~~~~~~~~~~~~~~~~~~~^
[4.686s]   238 |       pinocchio_, data->pinocchio, data->multibody.impulses->Jc.topRows(nc),
[4.686s]       |       ~~~~~~~~~~~~~~~~~~~~~~~~~~~~~~~~~~~~~~~~~~~~~~~~~~~~~~~~~~~~~~~~~~~~~~
[4.686s]   239 |       data->Kinv);
[4.686s]       |       ~~~~~~~~~~~                              
[4.686s] In file included from /opt/openrobots/include/pinocchio/algorithm/contact-dynamics.hpp:302,
[4.686s]                  from /home/jkang/third_party/PRIME/include/crocoddyl/multibody/actions/contact-fwddyn.hxx:12,
[4.686s]                  from /home/jkang/third_party/PRIME/include/crocoddyl/multibody/actions/contact-fwddyn.hpp:400,
[4.686s]                  from /home/jkang/third_party/PRIME/include/crocoddyl/multibody/utils/quadruped-gaits.hpp:24,
[4.686s]                  from /home/jkang/third_party/PRIME/src/multibody/utils/quadruped-gaits.cpp:9:
[4.686s] /opt/openrobots/include/pinocchio/algorithm/contact-dynamics.hxx:218:8: note: declared here
[4.686s]   218 |   void getKKTContactDynamicMatrixInverse(
[4.686s]       |        ^~~~~~~~~~~~~~~~~~~~~~~~~~~~~~~~~
[4.897s] In file included from /home/jkang/third_party/PRIME/include/crocoddyl/contact_id/actions/arrival-fwddyn-id.hpp:34,
[4.897s]                  from /home/jkang/third_party/PRIME/include/crocoddyl/contact_id/problem/contact-anitescu-id.hpp:32,
[4.898s]                  from /home/jkang/third_party/PRIME/src/contact_id/problem/contact-anitescu-id.cpp:16:
[4.898s] /home/jkang/third_party/PRIME/include/crocoddyl/contact_id/states/multibody_params.hxx: In instantiation of ‘crocoddyl::StateMultibodyParamsTpl<Scalar>::StateMultibodyParamsTpl(boost::shared_ptr<pinocchio::ModelTpl<Scalar> >, std::vector<long unsigned int>) [with _Scalar = double]’:
[4.898s] /usr/include/boost/smart_ptr/make_shared_object.hpp:256:5:   required from ‘typename boost::detail::sp_if_not_array<T>::type boost::make_shared(Args&& ...) [with T = crocoddyl::StateMultibodyParamsTpl<double>; Args = {boost::shared_ptr<pinocchio::ModelTpl<double, 0, pinocchio::JointCollectionDefaultTpl> >, std::vector<long unsigned int, std::allocator<long unsigned int> >&}; typename boost::detail::sp_if_not_array<T>::type = boost::shared_ptr<crocoddyl::StateMultibodyParamsTpl<double> >]’
[4.898s] /home/jkang/third_party/PRIME/src/contact_id/problem/contact-anitescu-id.cpp:117:65:   required from here
[4.898s] /home/jkang/third_party/PRIME/include/crocoddyl/contact_id/states/multibody_params.hpp:131:40: warning: ‘crocoddyl::StateMultibodyParamsTpl<double>::joints_’ will be initialized after [-Wreorder]
[4.898s]   131 |     std::vector<pinocchio::JointIndex> joints_;   //!< Indices of the parameterized joints
[4.898s]       |                                        ^~~~~~~
[4.898s] /home/jkang/third_party/PRIME/include/crocoddyl/contact_id/states/multibody_params.hpp:124:17: warning:   ‘std::size_t crocoddyl::StateMultibodyParamsTpl<double>::nq_pin_’ [-Wreorder]
[4.898s]   124 |     std::size_t nq_pin_;
[4.898s]       |                 ^~~~~~~
[4.898s] In file included from /home/jkang/third_party/PRIME/include/crocoddyl/contact_id/states/multibody_params.hpp:139,
[4.898s]                  from /home/jkang/third_party/PRIME/include/crocoddyl/contact_id/actions/arrival-fwddyn-id.hpp:34,
[4.898s]                  from /home/jkang/third_party/PRIME/include/crocoddyl/contact_id/problem/contact-anitescu-id.hpp:32,
[4.898s]                  from /home/jkang/third_party/PRIME/src/contact_id/problem/contact-anitescu-id.cpp:16:
[4.898s] /home/jkang/third_party/PRIME/include/crocoddyl/contact_id/states/multibody_params.hxx:25:3: warning:   when initialized here [-Wreorder]
[4.898s]    25 |   StateMultibodyParamsTpl<Scalar>::StateMultibodyParamsTpl(
[4.898s]       |   ^~~~~~~~~~~~~~~~~~~~~~~~~~~~~~~
[4.898s] In file included from /home/jkang/third_party/PRIME/include/crocoddyl/contact_id/actions/arrival-fwddyn-id.hpp:34,
[4.898s]                  from /home/jkang/third_party/PRIME/include/crocoddyl/contact_id/problem/contact-anitescu-id.hpp:32,
[4.899s]                  from /home/jkang/third_party/PRIME/src/contact_id/problem/contact-anitescu-id.cpp:16:
[4.899s] /home/jkang/third_party/PRIME/include/crocoddyl/contact_id/states/multibody_params.hpp:129:39: warning: ‘crocoddyl::StateMultibodyParamsTpl<double>::pinocchio_’ will be initialized after [-Wreorder]
[4.899s]   129 |     boost::shared_ptr<PinocchioModel> pinocchio_; //!< Pinocchio model
[4.899s]       |                                       ^~~~~~~~~~
[4.899s] In file included from /home/jkang/third_party/PRIME/include/crocoddyl/contact_id/states/multibody_params.hpp:139,
[4.899s]                  from /home/jkang/third_party/PRIME/include/crocoddyl/contact_id/actions/arrival-fwddyn-id.hpp:34,
[4.899s]                  from /home/jkang/third_party/PRIME/include/crocoddyl/contact_id/problem/contact-anitescu-id.hpp:32,
[4.899s]                  from /home/jkang/third_party/PRIME/src/contact_id/problem/contact-anitescu-id.cpp:16:
[4.899s] /home/jkang/third_party/PRIME/include/crocoddyl/contact_id/states/multibody_params.hxx:33:75: warning:   base ‘crocoddyl::StateMultibodyBaseTpl<double>’ [-Wreorder]
[4.899s]    33 |         x0_(VectorXs::Zero(model->nq + model->nv + 2 * Joints.size() * 10))
[4.899s]       |                                                                           ^
[4.899s] /home/jkang/third_party/PRIME/include/crocoddyl/contact_id/states/multibody_params.hxx:25:3: warning:   when initialized here [-Wreorder]
[4.899s]    25 |   StateMultibodyParamsTpl<Scalar>::StateMultibodyParamsTpl(
[4.899s]       |   ^~~~~~~~~~~~~~~~~~~~~~~~~~~~~~~
[4.935s] In file included from /home/jkang/third_party/PRIME/include/crocoddyl/contact_id/problem/contact-anitescu-id.hpp:33,
[4.936s]                  from /home/jkang/third_party/PRIME/src/contact_id/problem/contact-anitescu-id.cpp:16:
[4.936s] /home/jkang/third_party/PRIME/include/crocoddyl/contact_id/actions/contact-fwddyn-anitescu-id.hxx: In instantiation of ‘crocoddyl::DifferentialActionModelContactFwdDynamicsAnitescuSystemidTpl<Scalar>::DifferentialActionModelContactFwdDynamicsAnitescuSystemidTpl(boost::shared_ptr<crocoddyl::StateMultibodyParamsTpl<_Scalar> >, boost::shared_ptr<crocoddyl::ActuationModelAbstractTpl<Scalar> >, boost::shared_ptr<crocoddyl::CostModelSumTpl<_Scalar> >, std::vector<std::__cxx11::basic_string<char> >, crocoddyl::DifferentialActionModelContactFwdDynamicsAnitescuSystemidTpl<Scalar>::Scalar, crocoddyl::DifferentialActionModelContactFwdDynamicsAnitescuSystemidTpl<Scalar>::Scalar, crocoddyl::DifferentialActionModelContactFwdDynamicsAnitescuSystemidTpl<Scalar>::Scalar, const string&) [with _Scalar = double; crocoddyl::DifferentialActionModelContactFwdDynamicsAnitescuSystemidTpl<Scalar>::Scalar = double; std::string = std::__cxx11::basic_string<char>]’:
[4.936s] /usr/include/boost/smart_ptr/make_shared_object.hpp:256:5:   required from ‘typename boost::detail::sp_if_not_array<T>::type boost::make_shared(Args&& ...) [with T = crocoddyl::DifferentialActionModelContactFwdDynamicsAnitescuSystemidTpl<double>; Args = {boost::shared_ptr<crocoddyl::StateMultibodyParamsTpl<double> >&, boost::shared_ptr<crocoddyl::ActuationModelFloatingBaseEstimationTpl<double> >&, boost::shared_ptr<crocoddyl::CostModelSumTpl<double> >&, std::vector<std::__cxx11::basic_string<char, std::char_traits<char>, std::allocator<char> >, std::allocator<std::__cxx11::basic_string<char, std::char_traits<char>, std::allocator<char> > > >&, double&, double&, double&, std::__cxx11::basic_string<char, std::char_traits<char>, std::allocator<char> >&}; typename boost::detail::sp_if_not_array<T>::type = boost::shared_ptr<crocoddyl::DifferentialActionModelContactFwdDynamicsAnitescuSystemidTpl<double> >]’
[4.936s] /home/jkang/third_party/PRIME/src/contact_id/problem/contact-anitescu-id.cpp:236:80:   required from here
[4.936s] /home/jkang/third_party/PRIME/include/crocoddyl/contact_id/actions/contact-fwddyn-anitescu-id.hpp:287:21: warning: ‘crocoddyl::DifferentialActionModelContactFwdDynamicsAnitescuSystemidTpl<double>::force_log_path_’ will be initialized after [-Wreorder]
[4.936s]   287 |         std::string force_log_path_;                            //!< Optional force CSV log path
[4.936s]       |                     ^~~~~~~~~~~~~~~
[4.936s] /home/jkang/third_party/PRIME/include/crocoddyl/contact_id/actions/contact-fwddyn-anitescu-id.hpp:276:49: warning:   ‘boost::shared_ptr<crocoddyl::StateMultibodyParamsTpl<double> > crocoddyl::DifferentialActionModelContactFwdDynamicsAnitescuSystemidTpl<double>::params_state_’ [-Wreorder]
[4.936s]   276 |         boost::shared_ptr<StateMultibodyParams> params_state_;
[4.936s]       |                                                 ^~~~~~~~~~~~~
[4.936s] In file included from /home/jkang/third_party/PRIME/include/crocoddyl/contact_id/actions/contact-fwddyn-anitescu-id.hpp:353,
[4.936s]                  from /home/jkang/third_party/PRIME/include/crocoddyl/contact_id/problem/contact-anitescu-id.hpp:33,
[4.936s]                  from /home/jkang/third_party/PRIME/src/contact_id/problem/contact-anitescu-id.cpp:16:
[4.936s] /home/jkang/third_party/PRIME/include/crocoddyl/contact_id/actions/contact-fwddyn-anitescu-id.hxx:65:3: warning:   when initialized here [-Wreorder]
[4.936s]    65 |   DifferentialActionModelContactFwdDynamicsAnitescuSystemidTpl<Scalar>::
[4.936s]       |   ^~~~~~~~~~~~~~~~~~~~~~~~~~~~~~~~~~~~~~~~~~~~~~~~~~~~~~~~~~~~~~~~~~~~
[16.924s] In file included from /home/jkang/third_party/PRIME/include/crocoddyl/contact_id/actions/arrival-fwddyn-id.hpp:318,
[16.924s]                  from /home/jkang/third_party/PRIME/include/crocoddyl/contact_id/problem/contact-anitescu-id.hpp:32,
[16.924s]                  from /home/jkang/third_party/PRIME/src/contact_id/problem/contact-anitescu-id.cpp:16:
[16.924s] /home/jkang/third_party/PRIME/include/crocoddyl/contact_id/actions/arrival-fwddyn-id.hxx: In instantiation of ‘void crocoddyl::ActionModelArrivalFwdDynamicsIDTpl<Scalar>::calc(const boost::shared_ptr<crocoddyl::ActionDataAbstractTpl<_Scalar> >&, const Eigen::Ref<const typename crocoddyl::MathBaseTpl<_Scalar>::VectorXs>&, const Eigen::Ref<const typename crocoddyl::MathBaseTpl<_Scalar>::VectorXs>&) [with _Scalar = double; typename Eigen::internal::conditional<const typename crocoddyl::MathBaseTpl<_Scalar>::VectorXs::IsVectorAtCompileTime, Eigen::InnerStride<1>, Eigen::OuterStride<> >::type = Eigen::InnerStride<1>; typename crocoddyl::MathBaseTpl<_Scalar>::VectorXs = Eigen::Matrix<double, -1, 1>]’:
[16.924s] /home/jkang/third_party/PRIME/include/crocoddyl/contact_id/actions/arrival-fwddyn-id.hxx:59:8:   required from here
[16.924s] /home/jkang/third_party/PRIME/include/crocoddyl/contact_id/actions/arrival-fwddyn-id.hxx:80:80: warning: variable ‘q’ set but not used [-Wunused-but-set-variable]
[16.924s]    80 |     const Eigen::VectorBlock<const Eigen::Ref<const VectorXs>, Eigen::Dynamic> q =
[16.924s]       |                                                                                ^
[16.924s] /home/jkang/third_party/PRIME/include/crocoddyl/contact_id/actions/arrival-fwddyn-id.hxx:82:80: warning: variable ‘v’ set but not used [-Wunused-but-set-variable]
[16.924s]    82 |     const Eigen::VectorBlock<const Eigen::Ref<const VectorXs>, Eigen::Dynamic> v =
[16.924s]       |                                                                                ^
[16.925s] /home/jkang/third_party/PRIME/include/crocoddyl/contact_id/actions/arrival-fwddyn-id.hxx: In instantiation of ‘void crocoddyl::ActionModelArrivalFwdDynamicsIDTpl<Scalar>::calcDiff(const boost::shared_ptr<crocoddyl::ActionDataAbstractTpl<_Scalar> >&, const Eigen::Ref<const typename crocoddyl::MathBaseTpl<_Scalar>::VectorXs>&, const Eigen::Ref<const typename crocoddyl::MathBaseTpl<_Scalar>::VectorXs>&) [with _Scalar = double; typename Eigen::internal::conditional<const typename crocoddyl::MathBaseTpl<_Scalar>::VectorXs::IsVectorAtCompileTime, Eigen::InnerStride<1>, Eigen::OuterStride<> >::type = Eigen::InnerStride<1>; typename crocoddyl::MathBaseTpl<_Scalar>::VectorXs = Eigen::Matrix<double, -1, 1>]’:
[16.925s] /home/jkang/third_party/PRIME/include/crocoddyl/contact_id/actions/arrival-fwddyn-id.hxx:116:8:   required from here
[16.925s] /home/jkang/third_party/PRIME/include/crocoddyl/contact_id/actions/arrival-fwddyn-id.hxx:136:80: warning: variable ‘q’ set but not used [-Wunused-but-set-variable]
[16.925s]   136 |     const Eigen::VectorBlock<const Eigen::Ref<const VectorXs>, Eigen::Dynamic> q =
[16.925s]       |                                                                                ^
[16.925s] /home/jkang/third_party/PRIME/include/crocoddyl/contact_id/actions/arrival-fwddyn-id.hxx:138:80: warning: variable ‘v’ set but not used [-Wunused-but-set-variable]
[16.925s]   138 |     const Eigen::VectorBlock<const Eigen::Ref<const VectorXs>, Eigen::Dynamic> v =
[16.925s]       |                                                                                ^
[16.929s] In file included from /home/jkang/third_party/PRIME/include/crocoddyl/contact_id/problem/contact-anitescu-id.hpp:35,
[16.929s]                  from /home/jkang/third_party/PRIME/src/contact_id/problem/contact-anitescu-id.cpp:16:
[16.930s] /home/jkang/third_party/PRIME/include/crocoddyl/contact_id/actuations/floating-base-id-arrivial.hpp: In instantiation of ‘boost::shared_ptr<crocoddyl::ActuationDataAbstractTpl<_Scalar> > crocoddyl::ActuationModelFloatingBaseArrivalIDTpl<Scalar>::createData() [with _Scalar = double]’:
[16.930s] /home/jkang/third_party/PRIME/include/crocoddyl/contact_id/actuations/floating-base-id-arrivial.hpp:150:37:   required from here
[16.930s] /home/jkang/third_party/PRIME/include/crocoddyl/contact_id/actuations/floating-base-id-arrivial.hpp:156:25: warning: unused variable ‘root_joint_id’ [-Wunused-variable]
[16.930s]   156 |       const std::size_t root_joint_id =
[16.930s]       |                         ^~~~~~~~~~~~~
[17.129s] In file included from /home/jkang/third_party/PRIME/include/crocoddyl/contact_id/actions/contact-fwddyn-anitescu-id.hpp:353,
[17.129s]                  from /home/jkang/third_party/PRIME/include/crocoddyl/contact_id/problem/contact-anitescu-id.hpp:33,
[17.129s]                  from /home/jkang/third_party/PRIME/src/contact_id/problem/contact-anitescu-id.cpp:16:
[17.129s] /home/jkang/third_party/PRIME/include/crocoddyl/contact_id/actions/contact-fwddyn-anitescu-id.hxx: In instantiation of ‘void crocoddyl::DifferentialActionModelContactFwdDynamicsAnitescuSystemidTpl<Scalar>::calc(const boost::shared_ptr<crocoddyl::DifferentialActionDataAbstractTpl<_Scalar> >&, const Eigen::Ref<const typename crocoddyl::MathBaseTpl<_Scalar>::VectorXs>&) [with _Scalar = double; typename Eigen::internal::conditional<const typename crocoddyl::MathBaseTpl<_Scalar>::VectorXs::IsVectorAtCompileTime, Eigen::InnerStride<1>, Eigen::OuterStride<> >::type = Eigen::InnerStride<1>; typename crocoddyl::MathBaseTpl<_Scalar>::VectorXs = Eigen::Matrix<double, -1, 1>]’:
[17.129s] /home/jkang/third_party/PRIME/include/crocoddyl/contact_id/actions/contact-fwddyn-anitescu-id.hxx:235:8:   required from here
[17.129s] /home/jkang/third_party/PRIME/include/crocoddyl/contact_id/actions/contact-fwddyn-anitescu-id.hxx:251:80: warning: variable ‘p’ set but not used [-Wunused-but-set-variable]
[17.129s]   251 |     const Eigen::VectorBlock<const Eigen::Ref<const VectorXs>, Eigen::Dynamic> p =
[17.129s]       |                                                                                ^
[17.190s] /home/jkang/third_party/PRIME/include/crocoddyl/contact_id/actions/contact-fwddyn-anitescu-id.hxx: In instantiation of ‘void crocoddyl::DifferentialActionModelContactFwdDynamicsAnitescuSystemidTpl<Scalar>::calcDiff(const boost::shared_ptr<crocoddyl::DifferentialActionDataAbstractTpl<_Scalar> >&, const Eigen::Ref<const typename crocoddyl::MathBaseTpl<_Scalar>::VectorXs>&, const Eigen::Ref<const typename crocoddyl::MathBaseTpl<_Scalar>::VectorXs>&) [with _Scalar = double; typename Eigen::internal::conditional<const typename crocoddyl::MathBaseTpl<_Scalar>::VectorXs::IsVectorAtCompileTime, Eigen::InnerStride<1>, Eigen::OuterStride<> >::type = Eigen::InnerStride<1>; typename crocoddyl::MathBaseTpl<_Scalar>::VectorXs = Eigen::Matrix<double, -1, 1>]’:
[17.190s] /home/jkang/third_party/PRIME/include/crocoddyl/contact_id/actions/contact-fwddyn-anitescu-id.hxx:266:8:   required from here
[17.190s] /home/jkang/third_party/PRIME/include/crocoddyl/contact_id/actions/contact-fwddyn-anitescu-id.hxx:288:80: warning: variable ‘v’ set but not used [-Wunused-but-set-variable]
[17.190s]   288 |     const Eigen::VectorBlock<const Eigen::Ref<const VectorXs>, Eigen::Dynamic> v =
[17.190s]       |                                                                                ^
[17.190s] /home/jkang/third_party/PRIME/include/crocoddyl/contact_id/actions/contact-fwddyn-anitescu-id.hxx:290:80: warning: variable ‘p’ set but not used [-Wunused-but-set-variable]
[17.190s]   290 |     const Eigen::VectorBlock<const Eigen::Ref<const VectorXs>, Eigen::Dynamic> p =
[17.190s]       |                                                                                ^
[79.798s] [ 80%] Linking CXX shared library libcrocoddyl.so
[79.803s] /usr/bin/c++ -fPIC -pedantic -Wno-long-long -Wall -Wextra -Wcast-align -Wcast-qual -Wformat -Wwrite-strings -Wconversion  -O3 -DNDEBUG -shared -Wl,-soname,libcrocoddyl.so -o libcrocoddyl.so CMakeFiles/crocoddyl.dir/src/contact_id/problem/contact-anitescu-id.cpp.o CMakeFiles/crocoddyl.dir/src/core/solver-base.cpp.o CMakeFiles/crocoddyl.dir/src/core/solvers/box-ddp.cpp.o CMakeFiles/crocoddyl.dir/src/core/solvers/box-fddp.cpp.o CMakeFiles/crocoddyl.dir/src/core/solvers/box-qp.cpp.o CMakeFiles/crocoddyl.dir/src/core/solvers/ddp.cpp.o CMakeFiles/crocoddyl.dir/src/core/solvers/fddp.cpp.o CMakeFiles/crocoddyl.dir/src/core/solvers/intro.cpp.o CMakeFiles/crocoddyl.dir/src/core/solvers/kkt.cpp.o CMakeFiles/crocoddyl.dir/src/core/utils/callbacks.cpp.o CMakeFiles/crocoddyl.dir/src/core/utils/exception.cpp.o CMakeFiles/crocoddyl.dir/src/core/utils/stop-watch.cpp.o CMakeFiles/crocoddyl.dir/src/multibody/utils/contact-anitescu-id.cpp.o CMakeFiles/crocoddyl.dir/src/multibody/utils/quadruped-anitescu-id.cpp.o CMakeFiles/crocoddyl.dir/src/multibody/utils/quadruped-gaits.cpp.o  -Wl,-rpath,/opt/openrobots/lib: /usr/lib/x86_64-linux-gnu/libboost_filesystem.so /usr/lib/x86_64-linux-gnu/libboost_system.so /usr/lib/x86_64-linux-gnu/libboost_serialization.so /opt/openrobots/lib/libpinocchio_parsers.so.3.4.0 /usr/lib/x86_64-linux-gnu/liburdfdom_sensor.so /usr/lib/x86_64-linux-gnu/liburdfdom_model_state.so /usr/lib/x86_64-linux-gnu/liburdfdom_model.so /usr/lib/x86_64-linux-gnu/liburdfdom_world.so /usr/lib/x86_64-linux-gnu/libconsole_bridge.so.1.0 /opt/openrobots/lib/libpinocchio_collision.so.3.4.0 /opt/openrobots/lib/libpinocchio_default.so.3.4.0 /opt/openrobots/lib/libcoal.so.3.0.1 /usr/lib/x86_64-linux-gnu/libboost_filesystem.so /usr/lib/x86_64-linux-gnu/libboost_serialization.so /usr/lib/x86_64-linux-gnu/libboost_chrono.so /usr/lib/x86_64-linux-gnu/liboctomap.so /usr/lib/x86_64-linux-gnu/liboctomath.so 
[79.900s] [ 80%] Built target crocoddyl
[79.914s] [ 85%] Building CXX object CMakeFiles/prime_moving_window_node.dir/src/prime_moving_window_node.cpp.o
[79.914s] [ 90%] Building CXX object CMakeFiles/prime_csv_replay_node.dir/src/prime_csv_replay_node.cpp.o
[82.482s] In file included from /opt/openrobots/include/hpp/fcl/config.hh:1,
[82.482s]                  from /opt/openrobots/include/pinocchio/serialization/eigen.hpp:20,
[82.482s]                  from /opt/openrobots/include/pinocchio/serialization/fwd.hpp:11,
[82.482s]                  from /opt/openrobots/include/pinocchio/multibody/joint/joint-composite.hpp:14,
[82.482s]                  from /opt/openrobots/include/pinocchio/multibody/joint/joint-generic.hpp:9,
[82.482s]                  from /opt/openrobots/include/pinocchio/multibody/model.hpp:17,
[82.482s]                  from /home/jkang/third_party/PRIME/include/crocoddyl/contact_id/config/contact-id-config.hpp:28,
[82.482s]                  from /home/jkang/third_party/PRIME_ros/src/prime_contact_id_ros/src/prime_csv_replay_node.cpp:20:
[82.482s] /opt/openrobots/include/hpp/fcl/coal.hpp:10:71: note: ‘#pragma message: Please update your includes from 'hpp/fcl' to 'coal'’
[82.482s]    10 | #pragma message("Please update your includes from 'hpp/fcl' to 'coal'")
[82.482s]       |                                                                       ^
[82.581s] In file included from /opt/openrobots/include/hpp/fcl/config.hh:1,
[82.581s]                  from /opt/openrobots/include/pinocchio/serialization/eigen.hpp:20,
[82.581s]                  from /opt/openrobots/include/pinocchio/serialization/fwd.hpp:11,
[82.581s]                  from /opt/openrobots/include/pinocchio/multibody/joint/joint-composite.hpp:14,
[82.581s]                  from /opt/openrobots/include/pinocchio/multibody/joint/joint-generic.hpp:9,
[82.581s]                  from /opt/openrobots/include/pinocchio/multibody/model.hpp:17,
[82.581s]                  from /home/jkang/third_party/PRIME/include/crocoddyl/contact_id/config/contact-id-config.hpp:28,
[82.581s]                  from /home/jkang/third_party/PRIME_ros/src/prime_contact_id_ros/src/prime_moving_window_node.cpp:36:
[82.581s] /opt/openrobots/include/hpp/fcl/coal.hpp:10:71: note: ‘#pragma message: Please update your includes from 'hpp/fcl' to 'coal'’
[82.581s]    10 | #pragma message("Please update your includes from 'hpp/fcl' to 'coal'")
[82.581s]       |                                                                       ^
[90.682s] [ 95%] Linking CXX executable prime_csv_replay_node
[90.829s] [ 95%] Built target prime_csv_replay_node
[113.199s] [100%] Linking CXX executable prime_moving_window_node
[113.354s] [100%] Built target prime_moving_window_node
[113.363s] Invoked command in '/home/jkang/third_party/PRIME_ros/build/prime_contact_id_ros' returned '0': CMAKE_PREFIX_PATH=${CMAKE_PREFIX_PATH}:/opt/ros/humble /usr/bin/cmake --build /home/jkang/third_party/PRIME_ros/build/prime_contact_id_ros -- -j32 -l32
[113.367s] Invoking command in '/home/jkang/third_party/PRIME_ros/build/prime_contact_id_ros': CMAKE_PREFIX_PATH=${CMAKE_PREFIX_PATH}:/opt/ros/humble /usr/bin/cmake --install /home/jkang/third_party/PRIME_ros/build/prime_contact_id_ros
[113.372s] -- Install configuration: "Release"
[113.372s] -- Execute custom install script
[113.373s] -- Symlinking: /home/jkang/third_party/PRIME_ros/install/prime_contact_id_ros/lib/prime_contact_id_ros/prime_moving_window_node
[113.378s] -- Symlinking: /home/jkang/third_party/PRIME_ros/install/prime_contact_id_ros/lib/prime_contact_id_ros/prime_csv_replay_node
[113.384s] -- Symlinking: /home/jkang/third_party/PRIME_ros/install/prime_contact_id_ros/share/prime_contact_id_ros/launch/csv_replay.launch.py
[113.389s] -- Symlinking: /home/jkang/third_party/PRIME_ros/install/prime_contact_id_ros/share/prime_contact_id_ros/launch/prime_moving_window.launch.py
[113.395s] -- Symlinking: /home/jkang/third_party/PRIME_ros/install/prime_contact_id_ros/share/ament_index/resource_index/package_run_dependencies/prime_contact_id_ros
[113.399s] -- Symlinking: /home/jkang/third_party/PRIME_ros/install/prime_contact_id_ros/share/ament_index/resource_index/parent_prefix_path/prime_contact_id_ros
[113.405s] -- Symlinking: /home/jkang/third_party/PRIME_ros/install/prime_contact_id_ros/share/prime_contact_id_ros/environment/ament_prefix_path.sh
[113.410s] -- Symlinking: /home/jkang/third_party/PRIME_ros/install/prime_contact_id_ros/share/prime_contact_id_ros/environment/ament_prefix_path.dsv
[113.414s] -- Symlinking: /home/jkang/third_party/PRIME_ros/install/prime_contact_id_ros/share/prime_contact_id_ros/environment/path.sh
[113.418s] -- Symlinking: /home/jkang/third_party/PRIME_ros/install/prime_contact_id_ros/share/prime_contact_id_ros/environment/path.dsv
[113.422s] -- Symlinking: /home/jkang/third_party/PRIME_ros/install/prime_contact_id_ros/share/prime_contact_id_ros/local_setup.bash
[113.427s] -- Symlinking: /home/jkang/third_party/PRIME_ros/install/prime_contact_id_ros/share/prime_contact_id_ros/local_setup.sh
[113.432s] -- Symlinking: /home/jkang/third_party/PRIME_ros/install/prime_contact_id_ros/share/prime_contact_id_ros/local_setup.zsh
[113.437s] -- Symlinking: /home/jkang/third_party/PRIME_ros/install/prime_contact_id_ros/share/prime_contact_id_ros/local_setup.dsv
[113.442s] -- Symlinking: /home/jkang/third_party/PRIME_ros/install/prime_contact_id_ros/share/prime_contact_id_ros/package.dsv
[113.446s] -- Symlinking: /home/jkang/third_party/PRIME_ros/install/prime_contact_id_ros/share/ament_index/resource_index/packages/prime_contact_id_ros
[113.450s] -- Symlinking: /home/jkang/third_party/PRIME_ros/install/prime_contact_id_ros/share/prime_contact_id_ros/cmake/prime_contact_id_rosConfig.cmake
[113.454s] -- Symlinking: /home/jkang/third_party/PRIME_ros/install/prime_contact_id_ros/share/prime_contact_id_ros/cmake/prime_contact_id_rosConfig-version.cmake
[113.459s] -- Symlinking: /home/jkang/third_party/PRIME_ros/install/prime_contact_id_ros/share/prime_contact_id_ros/package.xml
[113.465s] -- Symlinking: /home/jkang/third_party/PRIME_ros/install/prime_contact_id_ros/share/ament_index/resource_index/packages/prime_contact_id_ros
[113.469s] -- Symlinking: /home/jkang/third_party/PRIME_ros/install/prime_contact_id_ros/share/prime_contact_id_ros/hook/ament_prefix_path.dsv
[113.475s] -- Symlinking: /home/jkang/third_party/PRIME_ros/install/prime_contact_id_ros/share/prime_contact_id_ros/hook/python_path.dsv
[113.479s] -- Installing: /home/jkang/third_party/PRIME_ros/install/prime_contact_id_ros/lib/pkgconfig/crocoddyl.pc
[113.480s] Invoked command in '/home/jkang/third_party/PRIME_ros/build/prime_contact_id_ros' returned '0': CMAKE_PREFIX_PATH=${CMAKE_PREFIX_PATH}:/opt/ros/humble /usr/bin/cmake --install /home/jkang/third_party/PRIME_ros/build/prime_contact_id_ros
