[0.046s] DEBUG:colcon:Command line arguments: ['/usr/bin/colcon', 'build', '--symlink-install', '--cmake-args', '-DPRIME_ROS_ENABLE_MULTITHREADS=ON', '-DPRIME_ROS_NTHREADS=8']
[0.046s] DEBUG:colcon:Parsed command line arguments: Namespace(log_base=None, log_level=None, verb_name='build', build_base='build', install_base='install', merge_install=False, symlink_install=True, test_result_base=None, continue_on_error=False, executor='parallel', parallel_workers=32, event_handlers=None, ignore_user_meta=False, metas=['./colcon.meta'], base_paths=['.'], packages_ignore=None, packages_ignore_regex=None, paths=None, packages_up_to=None, packages_up_to_regex=None, packages_above=None, packages_above_and_dependencies=None, packages_above_depth=None, packages_select_by_dep=None, packages_skip_by_dep=None, packages_skip_up_to=None, packages_select_build_failed=False, packages_skip_build_finished=False, packages_select_test_failures=False, packages_skip_test_passed=False, packages_select=None, packages_skip=None, packages_select_regex=None, packages_skip_regex=None, packages_start=None, packages_end=None, allow_overriding=[], cmake_args=['-DPRIME_ROS_ENABLE_MULTITHREADS=ON', '-DPRIME_ROS_NTHREADS=8'], cmake_target=None, cmake_target_skip_unavailable=False, cmake_clean_cache=False, cmake_clean_first=False, cmake_force_configure=False, ament_cmake_args=None, catkin_cmake_args=None, catkin_skip_building_tests=False, verb_parser=<colcon_defaults.argument_parser.defaults.DefaultArgumentsDecorator object at 0x775facf519c0>, verb_extension=<colcon_core.verb.build.BuildVerb object at 0x775fad067e50>, main=<bound method BuildVerb.main of <colcon_core.verb.build.BuildVerb object at 0x775fad067e50>>)
[0.121s] Level 1:colcon.colcon_core.package_discovery:discover_packages(colcon_meta) check parameters
[0.121s] Level 1:colcon.colcon_core.package_discovery:discover_packages(recursive) check parameters
[0.121s] Level 1:colcon.colcon_core.package_discovery:discover_packages(ignore) check parameters
[0.121s] Level 1:colcon.colcon_core.package_discovery:discover_packages(path) check parameters
[0.121s] Level 1:colcon.colcon_core.package_discovery:discover_packages(colcon_meta) discover
[0.121s] Level 1:colcon.colcon_core.package_discovery:discover_packages(recursive) discover
[0.121s] INFO:colcon.colcon_core.package_discovery:Crawling recursively for packages in '/home/jkang/third_party/PRIME_ros'
[0.121s] Level 1:colcon.colcon_core.package_identification:_identify(.) by extensions ['ignore', 'ignore_ament_install']
[0.121s] Level 1:colcon.colcon_core.package_identification:_identify(.) by extension 'ignore'
[0.121s] Level 1:colcon.colcon_core.package_identification:_identify(.) by extension 'ignore_ament_install'
[0.121s] Level 1:colcon.colcon_core.package_identification:_identify(.) by extensions ['colcon_pkg']
[0.121s] Level 1:colcon.colcon_core.package_identification:_identify(.) by extension 'colcon_pkg'
[0.121s] Level 1:colcon.colcon_core.package_identification:_identify(.) by extensions ['colcon_meta']
[0.121s] Level 1:colcon.colcon_core.package_identification:_identify(.) by extension 'colcon_meta'
[0.121s] Level 1:colcon.colcon_core.package_identification:_identify(.) by extensions ['ros']
[0.121s] Level 1:colcon.colcon_core.package_identification:_identify(.) by extension 'ros'
[0.137s] Level 1:colcon.colcon_core.package_identification:_identify(.) by extensions ['cmake', 'python']
[0.137s] Level 1:colcon.colcon_core.package_identification:_identify(.) by extension 'cmake'
[0.137s] Level 1:colcon.colcon_core.package_identification:_identify(.) by extension 'python'
[0.137s] Level 1:colcon.colcon_core.package_identification:_identify(.) by extensions ['python_setup_py']
[0.137s] Level 1:colcon.colcon_core.package_identification:_identify(.) by extension 'python_setup_py'
[0.138s] Level 1:colcon.colcon_core.package_identification:_identify(build) by extensions ['ignore', 'ignore_ament_install']
[0.138s] Level 1:colcon.colcon_core.package_identification:_identify(build) by extension 'ignore'
[0.138s] Level 1:colcon.colcon_core.package_identification:_identify(build) ignored
[0.138s] Level 1:colcon.colcon_core.package_identification:_identify(install) by extensions ['ignore', 'ignore_ament_install']
[0.138s] Level 1:colcon.colcon_core.package_identification:_identify(install) by extension 'ignore'
[0.138s] Level 1:colcon.colcon_core.package_identification:_identify(install) ignored
[0.138s] Level 1:colcon.colcon_core.package_identification:_identify(log) by extensions ['ignore', 'ignore_ament_install']
[0.138s] Level 1:colcon.colcon_core.package_identification:_identify(log) by extension 'ignore'
[0.138s] Level 1:colcon.colcon_core.package_identification:_identify(log) ignored
[0.138s] Level 1:colcon.colcon_core.package_identification:_identify(src) by extensions ['ignore', 'ignore_ament_install']
[0.138s] Level 1:colcon.colcon_core.package_identification:_identify(src) by extension 'ignore'
[0.138s] Level 1:colcon.colcon_core.package_identification:_identify(src) by extension 'ignore_ament_install'
[0.138s] Level 1:colcon.colcon_core.package_identification:_identify(src) by extensions ['colcon_pkg']
[0.138s] Level 1:colcon.colcon_core.package_identification:_identify(src) by extension 'colcon_pkg'
[0.138s] Level 1:colcon.colcon_core.package_identification:_identify(src) by extensions ['colcon_meta']
[0.138s] Level 1:colcon.colcon_core.package_identification:_identify(src) by extension 'colcon_meta'
[0.138s] Level 1:colcon.colcon_core.package_identification:_identify(src) by extensions ['ros']
[0.138s] Level 1:colcon.colcon_core.package_identification:_identify(src) by extension 'ros'
[0.138s] Level 1:colcon.colcon_core.package_identification:_identify(src) by extensions ['cmake', 'python']
[0.138s] Level 1:colcon.colcon_core.package_identification:_identify(src) by extension 'cmake'
[0.138s] Level 1:colcon.colcon_core.package_identification:_identify(src) by extension 'python'
[0.138s] Level 1:colcon.colcon_core.package_identification:_identify(src) by extensions ['python_setup_py']
[0.138s] Level 1:colcon.colcon_core.package_identification:_identify(src) by extension 'python_setup_py'
[0.138s] Level 1:colcon.colcon_core.package_identification:_identify(src/prime_contact_id_ros) by extensions ['ignore', 'ignore_ament_install']
[0.138s] Level 1:colcon.colcon_core.package_identification:_identify(src/prime_contact_id_ros) by extension 'ignore'
[0.138s] Level 1:colcon.colcon_core.package_identification:_identify(src/prime_contact_id_ros) by extension 'ignore_ament_install'
[0.138s] Level 1:colcon.colcon_core.package_identification:_identify(src/prime_contact_id_ros) by extensions ['colcon_pkg']
[0.138s] Level 1:colcon.colcon_core.package_identification:_identify(src/prime_contact_id_ros) by extension 'colcon_pkg'
[0.138s] Level 1:colcon.colcon_core.package_identification:_identify(src/prime_contact_id_ros) by extensions ['colcon_meta']
[0.138s] Level 1:colcon.colcon_core.package_identification:_identify(src/prime_contact_id_ros) by extension 'colcon_meta'
[0.138s] Level 1:colcon.colcon_core.package_identification:_identify(src/prime_contact_id_ros) by extensions ['ros']
[0.138s] Level 1:colcon.colcon_core.package_identification:_identify(src/prime_contact_id_ros) by extension 'ros'
[0.140s] DEBUG:colcon.colcon_core.package_identification:Package 'src/prime_contact_id_ros' with type 'ros.ament_cmake' and name 'prime_contact_id_ros'
[0.140s] Level 1:colcon.colcon_core.package_discovery:discover_packages(recursive) using defaults
[0.140s] Level 1:colcon.colcon_core.package_discovery:discover_packages(ignore) discover
[0.140s] Level 1:colcon.colcon_core.package_discovery:discover_packages(ignore) using defaults
[0.140s] Level 1:colcon.colcon_core.package_discovery:discover_packages(path) discover
[0.140s] Level 1:colcon.colcon_core.package_discovery:discover_packages(path) using defaults
[0.148s] Level 1:colcon.colcon_core.package_discovery:discover_packages(prefix_path) check parameters
[0.148s] Level 1:colcon.colcon_core.package_discovery:discover_packages(prefix_path) discover
[0.150s] DEBUG:colcon.colcon_installed_package_information.package_discovery:Found 339 installed packages in /opt/ros/humble
[0.151s] Level 1:colcon.colcon_core.package_discovery:discover_packages(prefix_path) using defaults
[0.168s] Level 5:colcon.colcon_core.verb:set package 'prime_contact_id_ros' build argument 'cmake_args' from command line to '['-DPRIME_ROS_ENABLE_MULTITHREADS=ON', '-DPRIME_ROS_NTHREADS=8']'
[0.168s] Level 5:colcon.colcon_core.verb:set package 'prime_contact_id_ros' build argument 'cmake_target' from command line to 'None'
[0.168s] Level 5:colcon.colcon_core.verb:set package 'prime_contact_id_ros' build argument 'cmake_target_skip_unavailable' from command line to 'False'
[0.168s] Level 5:colcon.colcon_core.verb:set package 'prime_contact_id_ros' build argument 'cmake_clean_cache' from command line to 'False'
[0.168s] Level 5:colcon.colcon_core.verb:set package 'prime_contact_id_ros' build argument 'cmake_clean_first' from command line to 'False'
[0.168s] Level 5:colcon.colcon_core.verb:set package 'prime_contact_id_ros' build argument 'cmake_force_configure' from command line to 'False'
[0.168s] Level 5:colcon.colcon_core.verb:set package 'prime_contact_id_ros' build argument 'ament_cmake_args' from command line to 'None'
[0.168s] Level 5:colcon.colcon_core.verb:set package 'prime_contact_id_ros' build argument 'catkin_cmake_args' from command line to 'None'
[0.168s] Level 5:colcon.colcon_core.verb:set package 'prime_contact_id_ros' build argument 'catkin_skip_building_tests' from command line to 'False'
[0.168s] DEBUG:colcon.colcon_core.verb:Building package 'prime_contact_id_ros' with the following arguments: {'ament_cmake_args': None, 'build_base': '/home/jkang/third_party/PRIME_ros/build/prime_contact_id_ros', 'catkin_cmake_args': None, 'catkin_skip_building_tests': False, 'cmake_args': ['-DPRIME_ROS_ENABLE_MULTITHREADS=ON', '-DPRIME_ROS_NTHREADS=8'], 'cmake_clean_cache': False, 'cmake_clean_first': False, 'cmake_force_configure': False, 'cmake_target': None, 'cmake_target_skip_unavailable': False, 'install_base': '/home/jkang/third_party/PRIME_ros/install/prime_contact_id_ros', 'merge_install': False, 'path': '/home/jkang/third_party/PRIME_ros/src/prime_contact_id_ros', 'symlink_install': True, 'test_result_base': None}
[0.168s] INFO:colcon.colcon_core.executor:Executing jobs using 'parallel' executor
[0.168s] DEBUG:colcon.colcon_parallel_executor.executor.parallel:run_until_complete
[0.168s] INFO:colcon.colcon_ros.task.ament_cmake.build:Building ROS package in '/home/jkang/third_party/PRIME_ros/src/prime_contact_id_ros' with build type 'ament_cmake'
[0.168s] INFO:colcon.colcon_cmake.task.cmake.build:Building CMake package in '/home/jkang/third_party/PRIME_ros/src/prime_contact_id_ros'
[0.169s] INFO:colcon.colcon_core.plugin_system:Skipping extension 'colcon_core.shell.bat': Not used on non-Windows systems
[0.169s] INFO:colcon.colcon_core.shell:Skip shell extension 'powershell' for command environment: Not usable outside of PowerShell
[0.169s] DEBUG:colcon.colcon_core.shell:Skip shell extension 'dsv' for command environment
[0.174s] DEBUG:colcon.colcon_core.event_handler.log_command:Invoking command in '/home/jkang/third_party/PRIME_ros/build/prime_contact_id_ros': CMAKE_PREFIX_PATH=${CMAKE_PREFIX_PATH}:/opt/ros/humble /usr/bin/cmake --build /home/jkang/third_party/PRIME_ros/build/prime_contact_id_ros -- -j32 -l32
[33.741s] DEBUG:colcon.colcon_core.event_handler.log_command:Invoked command in '/home/jkang/third_party/PRIME_ros/build/prime_contact_id_ros' returned '0': CMAKE_PREFIX_PATH=${CMAKE_PREFIX_PATH}:/opt/ros/humble /usr/bin/cmake --build /home/jkang/third_party/PRIME_ros/build/prime_contact_id_ros -- -j32 -l32
[33.747s] DEBUG:colcon.colcon_core.event_handler.log_command:Invoking command in '/home/jkang/third_party/PRIME_ros/build/prime_contact_id_ros': CMAKE_PREFIX_PATH=${CMAKE_PREFIX_PATH}:/opt/ros/humble /usr/bin/cmake --install /home/jkang/third_party/PRIME_ros/build/prime_contact_id_ros
[33.767s] Level 1:colcon.colcon_core.environment:create_environment_scripts_only(prime_contact_id_ros)
[33.767s] DEBUG:colcon.colcon_core.event_handler.log_command:Invoked command in '/home/jkang/third_party/PRIME_ros/build/prime_contact_id_ros' returned '0': CMAKE_PREFIX_PATH=${CMAKE_PREFIX_PATH}:/opt/ros/humble /usr/bin/cmake --install /home/jkang/third_party/PRIME_ros/build/prime_contact_id_ros
[33.769s] Level 1:colcon.colcon_core.environment:checking '/home/jkang/third_party/PRIME_ros/install/prime_contact_id_ros' for CMake module files
[33.770s] Level 1:colcon.colcon_core.environment:checking '/home/jkang/third_party/PRIME_ros/install/prime_contact_id_ros' for CMake config files
[33.770s] Level 1:colcon.colcon_core.shell:create_environment_hook('prime_contact_id_ros', 'cmake_prefix_path')
[33.770s] INFO:colcon.colcon_core.shell:Creating environment hook '/home/jkang/third_party/PRIME_ros/install/prime_contact_id_ros/share/prime_contact_id_ros/hook/cmake_prefix_path.ps1'
[33.771s] INFO:colcon.colcon_core.shell:Creating environment descriptor '/home/jkang/third_party/PRIME_ros/install/prime_contact_id_ros/share/prime_contact_id_ros/hook/cmake_prefix_path.dsv'
[33.771s] INFO:colcon.colcon_core.shell:Creating environment hook '/home/jkang/third_party/PRIME_ros/install/prime_contact_id_ros/share/prime_contact_id_ros/hook/cmake_prefix_path.sh'
[33.772s] Level 1:colcon.colcon_core.environment:checking '/home/jkang/third_party/PRIME_ros/install/prime_contact_id_ros/lib'
[33.772s] Level 1:colcon.colcon_core.environment:checking '/home/jkang/third_party/PRIME_ros/install/prime_contact_id_ros/bin'
[33.772s] Level 1:colcon.colcon_core.environment:checking '/home/jkang/third_party/PRIME_ros/install/prime_contact_id_ros/lib/pkgconfig/prime_contact_id_ros.pc'
[33.772s] Level 1:colcon.colcon_core.environment:checking '/home/jkang/third_party/PRIME_ros/install/prime_contact_id_ros/lib/python3.10/site-packages'
[33.772s] Level 1:colcon.colcon_core.environment:checking '/home/jkang/third_party/PRIME_ros/install/prime_contact_id_ros/bin'
[33.772s] INFO:colcon.colcon_core.shell:Creating package script '/home/jkang/third_party/PRIME_ros/install/prime_contact_id_ros/share/prime_contact_id_ros/package.ps1'
[33.773s] INFO:colcon.colcon_core.shell:Creating package descriptor '/home/jkang/third_party/PRIME_ros/install/prime_contact_id_ros/share/prime_contact_id_ros/package.dsv'
[33.773s] INFO:colcon.colcon_core.shell:Creating package script '/home/jkang/third_party/PRIME_ros/install/prime_contact_id_ros/share/prime_contact_id_ros/package.sh'
[33.774s] INFO:colcon.colcon_core.shell:Creating package script '/home/jkang/third_party/PRIME_ros/install/prime_contact_id_ros/share/prime_contact_id_ros/package.bash'
[33.774s] INFO:colcon.colcon_core.shell:Creating package script '/home/jkang/third_party/PRIME_ros/install/prime_contact_id_ros/share/prime_contact_id_ros/package.zsh'
[33.775s] Level 1:colcon.colcon_core.environment:create_file_with_runtime_dependencies(/home/jkang/third_party/PRIME_ros/install/prime_contact_id_ros/share/colcon-core/packages/prime_contact_id_ros)
[33.775s] Level 1:colcon.colcon_core.environment:create_environment_scripts_only(prime_contact_id_ros)
[33.775s] Level 1:colcon.colcon_core.environment:checking '/home/jkang/third_party/PRIME_ros/install/prime_contact_id_ros' for CMake module files
[33.776s] Level 1:colcon.colcon_core.environment:checking '/home/jkang/third_party/PRIME_ros/install/prime_contact_id_ros' for CMake config files
[33.776s] Level 1:colcon.colcon_core.shell:create_environment_hook('prime_contact_id_ros', 'cmake_prefix_path')
[33.776s] INFO:colcon.colcon_core.shell:Creating environment hook '/home/jkang/third_party/PRIME_ros/install/prime_contact_id_ros/share/prime_contact_id_ros/hook/cmake_prefix_path.ps1'
[33.776s] INFO:colcon.colcon_core.shell:Creating environment descriptor '/home/jkang/third_party/PRIME_ros/install/prime_contact_id_ros/share/prime_contact_id_ros/hook/cmake_prefix_path.dsv'
[33.776s] INFO:colcon.colcon_core.shell:Creating environment hook '/home/jkang/third_party/PRIME_ros/install/prime_contact_id_ros/share/prime_contact_id_ros/hook/cmake_prefix_path.sh'
[33.776s] Level 1:colcon.colcon_core.environment:checking '/home/jkang/third_party/PRIME_ros/install/prime_contact_id_ros/lib'
[33.776s] Level 1:colcon.colcon_core.environment:checking '/home/jkang/third_party/PRIME_ros/install/prime_contact_id_ros/bin'
[33.776s] Level 1:colcon.colcon_core.environment:checking '/home/jkang/third_party/PRIME_ros/install/prime_contact_id_ros/lib/pkgconfig/prime_contact_id_ros.pc'
[33.776s] Level 1:colcon.colcon_core.environment:checking '/home/jkang/third_party/PRIME_ros/install/prime_contact_id_ros/lib/python3.10/site-packages'
[33.777s] Level 1:colcon.colcon_core.environment:checking '/home/jkang/third_party/PRIME_ros/install/prime_contact_id_ros/bin'
[33.777s] INFO:colcon.colcon_core.shell:Creating package script '/home/jkang/third_party/PRIME_ros/install/prime_contact_id_ros/share/prime_contact_id_ros/package.ps1'
[33.777s] INFO:colcon.colcon_core.shell:Creating package descriptor '/home/jkang/third_party/PRIME_ros/install/prime_contact_id_ros/share/prime_contact_id_ros/package.dsv'
[33.777s] INFO:colcon.colcon_core.shell:Creating package script '/home/jkang/third_party/PRIME_ros/install/prime_contact_id_ros/share/prime_contact_id_ros/package.sh'
[33.777s] INFO:colcon.colcon_core.shell:Creating package script '/home/jkang/third_party/PRIME_ros/install/prime_contact_id_ros/share/prime_contact_id_ros/package.bash'
[33.777s] INFO:colcon.colcon_core.shell:Creating package script '/home/jkang/third_party/PRIME_ros/install/prime_contact_id_ros/share/prime_contact_id_ros/package.zsh'
[33.777s] Level 1:colcon.colcon_core.environment:create_file_with_runtime_dependencies(/home/jkang/third_party/PRIME_ros/install/prime_contact_id_ros/share/colcon-core/packages/prime_contact_id_ros)
[33.778s] DEBUG:colcon.colcon_parallel_executor.executor.parallel:closing loop
[33.778s] DEBUG:colcon.colcon_parallel_executor.executor.parallel:loop closed
[33.778s] DEBUG:colcon.colcon_parallel_executor.executor.parallel:run_until_complete finished with '0'
[33.778s] DEBUG:colcon.colcon_core.event_reactor:joining thread
[33.780s] INFO:colcon.colcon_core.plugin_system:Skipping extension 'colcon_notification.desktop_notification.terminal_notifier': Not used on non-Darwin systems
[33.780s] INFO:colcon.colcon_core.plugin_system:Skipping extension 'colcon_notification.desktop_notification.win32': Not used on non-Windows systems
[33.780s] INFO:colcon.colcon_notification.desktop_notification:Sending desktop notification using 'notify2'
[33.786s] DEBUG:colcon.colcon_core.event_reactor:joined thread
[33.787s] INFO:colcon.colcon_core.shell:Creating prefix script '/home/jkang/third_party/PRIME_ros/install/local_setup.ps1'
[33.787s] INFO:colcon.colcon_core.shell:Creating prefix util module '/home/jkang/third_party/PRIME_ros/install/_local_setup_util_ps1.py'
[33.788s] INFO:colcon.colcon_core.shell:Creating prefix chain script '/home/jkang/third_party/PRIME_ros/install/setup.ps1'
[33.788s] INFO:colcon.colcon_core.shell:Creating prefix script '/home/jkang/third_party/PRIME_ros/install/local_setup.sh'
[33.788s] INFO:colcon.colcon_core.shell:Creating prefix util module '/home/jkang/third_party/PRIME_ros/install/_local_setup_util_sh.py'
[33.788s] INFO:colcon.colcon_core.shell:Creating prefix chain script '/home/jkang/third_party/PRIME_ros/install/setup.sh'
[33.789s] INFO:colcon.colcon_core.shell:Creating prefix script '/home/jkang/third_party/PRIME_ros/install/local_setup.bash'
[33.789s] INFO:colcon.colcon_core.shell:Creating prefix chain script '/home/jkang/third_party/PRIME_ros/install/setup.bash'
[33.789s] INFO:colcon.colcon_core.shell:Creating prefix script '/home/jkang/third_party/PRIME_ros/install/local_setup.zsh'
[33.789s] INFO:colcon.colcon_core.shell:Creating prefix chain script '/home/jkang/third_party/PRIME_ros/install/setup.zsh'
