-- The C compiler identification is GNU 11.4.0
-- The CXX compiler identification is GNU 11.4.0
-- Detecting C compiler ABI info
-- Detecting C compiler ABI info - done
-- Check for working C compiler: /usr/bin/cc - skipped
-- Detecting C compile features
-- Detecting C compile features - done
-- Detecting CXX compiler ABI info
-- Detecting CXX compiler ABI info - done
-- Check for working CXX compiler: /usr/bin/c++ - skipped
-- Detecting CXX compile features
-- Detecting CXX compile features - done
-- Found ament_cmake: 1.3.11 (/opt/ros/humble/share/ament_cmake/cmake)
-- Found Python3: /usr/bin/python3 (found version "3.10.12") found components: Interpreter 
-- Override CMake install command with custom implementation using symlinks instead of copying resources
-- Found rclcpp: 16.0.12 (/opt/ros/humble/share/rclcpp/cmake)
-- Found rosidl_generator_c: 3.1.6 (/opt/ros/humble/share/rosidl_generator_c/cmake)
-- Found rosidl_adapter: 3.1.6 (/opt/ros/humble/share/rosidl_adapter/cmake)
-- Found rosidl_generator_cpp: 3.1.6 (/opt/ros/humble/share/rosidl_generator_cpp/cmake)
-- Using all available rosidl_typesupport_c: rosidl_typesupport_fastrtps_c;rosidl_typesupport_introspection_c
-- Using all available rosidl_typesupport_cpp: rosidl_typesupport_fastrtps_cpp;rosidl_typesupport_introspection_cpp
-- Found rmw_implementation_cmake: 6.1.2 (/opt/ros/humble/share/rmw_implementation_cmake/cmake)
-- Found rmw_fastrtps_cpp: 6.2.7 (/opt/ros/humble/share/rmw_fastrtps_cpp/cmake)
-- Found OpenSSL: /usr/lib/x86_64-linux-gnu/libcrypto.so (found version "3.0.2")  
-- Found FastRTPS: /opt/ros/humble/include  
-- Using RMW implementation 'rmw_fastrtps_cpp' as default
-- Looking for pthread.h
-- Looking for pthread.h - found
-- Performing Test CMAKE_HAVE_LIBC_PTHREAD
-- Performing Test CMAKE_HAVE_LIBC_PTHREAD - Success
-- Found Threads: TRUE  
-- Found sensor_msgs: 4.9.0 (/opt/ros/humble/share/sensor_msgs/cmake)
-- Found nav_msgs: 4.9.0 (/opt/ros/humble/share/nav_msgs/cmake)
-- Found diagnostic_msgs: 4.9.0 (/opt/ros/humble/share/diagnostic_msgs/cmake)
-- JRL cmakemodules found in 'cmake/' git submodule
-- Configuring "crocoddyl" (https://github.com/loco-3d/crocoddyl)
-- Package version (ROS package.xml): 0.1.0
-- Contact RObot COntrol by Differential DYnamic programming Library (Crocoddyl), version 0.1.0
-- Copyright (C) 2018-2024 CNRS-LAAS, University of Edinburgh, INRIA
--                         Heriot-Watt University
-- All rights reserved.
-- Released under the BSD 3-Clause License.
-- CMAKE_BUILD_TYPE has automatically been set to Release
-- Found PkgConfig: /usr/bin/pkg-config (found version "0.29.2") 
-- Performing Test res_-pedantic
-- Performing Test res_-pedantic - Success
-- Performing Test res_-Wno-long-long
-- Performing Test res_-Wno-long-long - Success
-- Performing Test res_-Wall
-- Performing Test res_-Wall - Success
-- Performing Test res_-Wextra
-- Performing Test res_-Wextra - Success
-- Performing Test res_-Wcast-align
-- Performing Test res_-Wcast-align - Success
-- Performing Test res_-Wcast-qual
-- Performing Test res_-Wcast-qual - Success
-- Performing Test res_-Wformat
-- Performing Test res_-Wformat - Success
-- Performing Test res_-Wwrite-strings
-- Performing Test res_-Wwrite-strings - Success
-- Performing Test res_-Wconversion
-- Performing Test res_-Wconversion - Success
-- Could NOT find Doxygen (missing: DOXYGEN_EXECUTABLE) 
-- Failed to find Doxygen, documentation will not be generated.
-- Default C++ standard: 201402
-- Minimal C++ standard upgraded to 14
-- C++ standard sufficient: Minimal required 14, currently defined: 14
-- pinocchio_default FOUND. pinocchio_default at /opt/openrobots/lib/libpinocchio_default.so
-- pinocchio_parsers FOUND. pinocchio_parsers at /opt/openrobots/lib/libpinocchio_parsers.so
-- pinocchio_casadi FOUND. pinocchio_casadi at /opt/openrobots/lib/libpinocchio_casadi.so
-- boost_filesystem FOUND. boost_filesystem at /usr/lib/x86_64-linux-gnu/libboost_filesystem.so
-- boost_serialization FOUND. boost_serialization at /usr/lib/x86_64-linux-gnu/libboost_serialization.so
-- boost_system FOUND. boost_system at /usr/lib/x86_64-linux-gnu/libboost_system.so
-- Found Boost: /usr/include (found version "1.74.0") found components: filesystem serialization system 
-- coal FOUND. coal at /opt/openrobots/lib/libcoal.so
-- Found Boost: /usr/include (found version "1.74.0") found components: chrono thread date_time serialization filesystem atomic 
-- C++ standard sufficient: Minimal required 14, currently defined: 14
-- C++ standard sufficient: Minimal required 14, currently defined: 14
-- example-robot-data is optional.
-- Checking for module 'example-robot-data'
--   Found example-robot-data, version 4.2.0
-- Pkg-config module example-robot-data v4.2.0 has been detected with success.
-- scipy is optional.
-- Checking for module 'scipy'
--   No package 'scipy' found
-- Found Boost: /usr/include (found suitable version "1.74.0", minimum required is "1.65") found components: filesystem serialization system 
-- Found Boost: /usr/include (found suitable version "1.74.0", minimum required is "1.65") found components: unit_test_framework 
-- Create files for AMENT (ROS 2)
-- Configuring done
-- Generating done
