[0.006s] Invoking command in '/home/jkang/third_party/PRIME_ros/build/prime_contact_id_ros': CMAKE_PREFIX_PATH=${CMAKE_PREFIX_PATH}:/opt/ros/humble /usr/bin/cmake /home/jkang/third_party/PRIME_ros/src/prime_contact_id_ros -DAMENT_CMAKE_SYMLINK_INSTALL=1 -DCMAKE_INSTALL_PREFIX=/home/jkang/third_party/PRIME_ros/install/prime_contact_id_ros
[0.056s] -- The C compiler identification is GNU 11.4.0
[0.092s] -- The CXX compiler identification is GNU 11.4.0
[0.096s] -- Detecting C compiler ABI info
[0.139s] -- Detecting C compiler ABI info - done
[0.144s] -- Check for working C compiler: /usr/bin/cc - skipped
[0.145s] -- Detecting C compile features
[0.145s] -- Detecting C compile features - done
[0.147s] -- Detecting CXX compiler ABI info
[0.194s] -- Detecting CXX compiler ABI info - done
[0.199s] -- Check for working CXX compiler: /usr/bin/c++ - skipped
[0.199s] -- Detecting CXX compile features
[0.199s] -- Detecting CXX compile features - done
[0.200s] -- Found ament_cmake: 1.3.11 (/opt/ros/humble/share/ament_cmake/cmake)
[0.298s] -- Found Python3: /usr/bin/python3 (found version "3.10.12") found components: Interpreter 
[0.332s] -- Override CMake install command with custom implementation using symlinks instead of copying resources
[0.354s] -- Found rclcpp: 16.0.12 (/opt/ros/humble/share/rclcpp/cmake)
[0.382s] -- Found rosidl_generator_c: 3.1.6 (/opt/ros/humble/share/rosidl_generator_c/cmake)
[0.385s] -- Found rosidl_adapter: 3.1.6 (/opt/ros/humble/share/rosidl_adapter/cmake)
[0.391s] -- Found rosidl_generator_cpp: 3.1.6 (/opt/ros/humble/share/rosidl_generator_cpp/cmake)
[0.400s] -- Using all available rosidl_typesupport_c: rosidl_typesupport_fastrtps_c;rosidl_typesupport_introspection_c
[0.410s] -- Using all available rosidl_typesupport_cpp: rosidl_typesupport_fastrtps_cpp;rosidl_typesupport_introspection_cpp
[0.437s] -- Found rmw_implementation_cmake: 6.1.2 (/opt/ros/humble/share/rmw_implementation_cmake/cmake)
[0.439s] -- Found rmw_fastrtps_cpp: 6.2.7 (/opt/ros/humble/share/rmw_fastrtps_cpp/cmake)
[0.493s] -- Found OpenSSL: /usr/lib/x86_64-linux-gnu/libcrypto.so (found version "3.0.2")  
[0.508s] -- Found FastRTPS: /opt/ros/humble/include  
[0.534s] -- Using RMW implementation 'rmw_fastrtps_cpp' as default
[0.539s] -- Looking for pthread.h
[0.582s] -- Looking for pthread.h - found
[0.582s] -- Performing Test CMAKE_HAVE_LIBC_PTHREAD
[0.629s] -- Performing Test CMAKE_HAVE_LIBC_PTHREAD - Success
[0.630s] -- Found Threads: TRUE  
[0.665s] -- Found sensor_msgs: 4.9.0 (/opt/ros/humble/share/sensor_msgs/cmake)
[0.682s] -- Found nav_msgs: 4.9.0 (/opt/ros/humble/share/nav_msgs/cmake)
[0.691s] -- Found diagnostic_msgs: 4.9.0 (/opt/ros/humble/share/diagnostic_msgs/cmake)
[0.699s] -- JRL cmakemodules found in 'cmake/' git submodule
[0.701s] -- Configuring "crocoddyl" (https://github.com/loco-3d/crocoddyl)
[0.701s] -- Package version (ROS package.xml): 0.1.0
[0.701s] -- Contact RObot COntrol by Differential DYnamic programming Library (Crocoddyl), version 0.1.0
[0.701s] -- Copyright (C) 2018-2024 CNRS-LAAS, University of Edinburgh, INRIA
[0.701s] --                         Heriot-Watt University
[0.701s] -- All rights reserved.
[0.701s] -- Released under the BSD 3-Clause License.
[0.701s] -- CMAKE_BUILD_TYPE has automatically been set to Release
[0.708s] -- Found PkgConfig: /usr/bin/pkg-config (found version "0.29.2") 
[0.710s] -- Performing Test res_-pedantic
[0.762s] -- Performing Test res_-pedantic - Success
[0.763s] -- Performing Test res_-Wno-long-long
[0.814s] -- Performing Test res_-Wno-long-long - Success
[0.815s] -- Performing Test res_-Wall
[0.863s] -- Performing Test res_-Wall - Success
[0.863s] -- Performing Test res_-Wextra
[0.914s] -- Performing Test res_-Wextra - Success
[0.914s] -- Performing Test res_-Wcast-align
[0.962s] -- Performing Test res_-Wcast-align - Success
[0.962s] -- Performing Test res_-Wcast-qual
[1.007s] -- Performing Test res_-Wcast-qual - Success
[1.007s] -- Performing Test res_-Wformat
[1.053s] -- Performing Test res_-Wformat - Success
[1.053s] -- Performing Test res_-Wwrite-strings
[1.099s] -- Performing Test res_-Wwrite-strings - Success
[1.099s] -- Performing Test res_-Wconversion
[1.145s] -- Performing Test res_-Wconversion - Success
[1.150s] -- Could NOT find Doxygen (missing: DOXYGEN_EXECUTABLE) 
[1.150s] -- Failed to find Doxygen, documentation will not be generated.
[1.290s] -- Default C++ standard: 201402
[1.290s] -- Minimal C++ standard upgraded to 14
[1.290s] -- C++ standard sufficient: Minimal required 14, currently defined: 14
[1.291s] -- pinocchio_default FOUND. pinocchio_default at /opt/openrobots/lib/libpinocchio_default.so
[1.291s] -- pinocchio_parsers FOUND. pinocchio_parsers at /opt/openrobots/lib/libpinocchio_parsers.so
[1.291s] -- pinocchio_casadi FOUND. pinocchio_casadi at /opt/openrobots/lib/libpinocchio_casadi.so
[1.292s] -- boost_filesystem FOUND. boost_filesystem at /usr/lib/x86_64-linux-gnu/libboost_filesystem.so
[1.292s] -- boost_serialization FOUND. boost_serialization at /usr/lib/x86_64-linux-gnu/libboost_serialization.so
[1.292s] -- boost_system FOUND. boost_system at /usr/lib/x86_64-linux-gnu/libboost_system.so
[1.324s] -- Found Boost: /usr/include (found version "1.74.0") found components: filesystem serialization system 
[1.324s] CMake Warning at /opt/openrobots/lib/cmake/hpp-fcl/hpp-fclConfig.cmake:3 (message):
[1.324s]   Please update your CMake from 'hpp-fcl' to 'coal'
[1.324s] Call Stack (most recent call first):
[1.324s]   /usr/share/cmake-3.22/Modules/CMakeFindDependencyMacro.cmake:47 (find_package)
[1.324s]   /opt/openrobots/lib/cmake/pinocchio/pinocchioConfig.cmake:161 (find_dependency)
[1.324s]   /home/jkang/third_party/PRIME/cmake/package-config.cmake:133 (find_package)
[1.325s]   /home/jkang/third_party/PRIME/CMakeLists.txt:107 (add_project_dependency)
[1.325s] 
[1.325s] 
[1.325s] -- coal FOUND. coal at /opt/openrobots/lib/libcoal.so
[1.338s] -- Found Boost: /usr/include (found version "1.74.0") found components: chrono thread date_time serialization filesystem atomic 
[1.339s] -- C++ standard sufficient: Minimal required 14, currently defined: 14
[1.340s] -- C++ standard sufficient: Minimal required 14, currently defined: 14
[1.340s] -- example-robot-data is optional.
[1.340s] -- Checking for module 'example-robot-data'
[1.350s] --   Found example-robot-data, version 4.2.0
[1.379s] -- Pkg-config module example-robot-data v4.2.0 has been detected with success.
[1.379s] -- scipy is optional.
[1.379s] -- Checking for module 'scipy'
[1.381s] --   No package 'scipy' found
[1.394s] -- Found Boost: /usr/include (found suitable version "1.74.0", minimum required is "1.65") found components: filesystem serialization system 
[1.400s] -- Found Boost: /usr/include (found suitable version "1.74.0", minimum required is "1.65") found components: unit_test_framework 
[1.446s] -- Create files for AMENT (ROS 2)
[1.446s] -- Configuring done
[1.452s] CMake Error at CMakeLists.txt:41 (target_link_libraries):
[1.452s]   Error evaluating generator expression:
[1.452s] 
[1.452s]     $<TARGET_PROPERTY:hpp-fcl::hpp-fcl,INTERFACE_INCLUDE_DIRECTORIES>
[1.453s] 
[1.453s]   Target "hpp-fcl::hpp-fcl" not found.
[1.453s] 
[1.453s] 
[1.453s] CMake Error:
[1.453s]   Error evaluating generator expression:
[1.453s] 
[1.453s]     $<TARGET_PROPERTY:hpp-fcl::hpp-fcl,INTERFACE_INCLUDE_DIRECTORIES>
[1.453s] 
[1.453s]   Target "hpp-fcl::hpp-fcl" not found.
[1.453s] 
[1.453s] 
[1.455s] CMake Error at CMakeLists.txt:49 (target_link_libraries):
[1.455s]   Error evaluating generator expression:
[1.455s] 
[1.455s]     $<TARGET_PROPERTY:hpp-fcl::hpp-fcl,INTERFACE_INCLUDE_DIRECTORIES>
[1.455s] 
[1.455s]   Target "hpp-fcl::hpp-fcl" not found.
[1.455s] 
[1.455s] 
[1.455s] CMake Error:
[1.456s]   Error evaluating generator expression:
[1.456s] 
[1.456s]     $<TARGET_PROPERTY:hpp-fcl::hpp-fcl,INTERFACE_INCLUDE_DIRECTORIES>
[1.456s] 
[1.456s]   Target "hpp-fcl::hpp-fcl" not found.
[1.456s] 
[1.456s] 
[1.463s] -- Generating done
[1.465s] CMake Generate step failed.  Build files cannot be regenerated correctly.
[1.471s] Invoked command in '/home/jkang/third_party/PRIME_ros/build/prime_contact_id_ros' returned '1': CMAKE_PREFIX_PATH=${CMAKE_PREFIX_PATH}:/opt/ros/humble /usr/bin/cmake /home/jkang/third_party/PRIME_ros/src/prime_contact_id_ros -DAMENT_CMAKE_SYMLINK_INSTALL=1 -DCMAKE_INSTALL_PREFIX=/home/jkang/third_party/PRIME_ros/install/prime_contact_id_ros
